BL51 BANKED LINKER/LOCATER V6.22                                                        10/01/2016  14:26:33  PAGE 1


BL51 BANKED LINKER/LOCATER V6.22, INVOKED BY:
C:\KEIL_V5\C51\BIN\BL51.EXE .\main.obj, .\uart.obj, .\STARTUP.obj, .\cmem_ctrl.obj, .\hex_file_hdl.obj, .\spiflash.obj, 
>> .\spiflash_drv.obj TO bootld_8051 RAMSIZE (256) CODE (0X0000-0X1FFF) XDATA (0X2100-0X30FE)


MEMORY MODEL: SMALL


INPUT MODULES INCLUDED:
  .\main.obj (MAIN)
  .\uart.obj (UART)
  .\STARTUP.obj (?C_STARTUP)
  .\cmem_ctrl.obj (CMEM_CTRL)
  .\hex_file_hdl.obj (HEX_FILE_HDL)
  .\spiflash.obj (SPIFLASH)
  .\spiflash_drv.obj (SPIFLASH_DRV)
  C:\KEIL_V5\C51\LIB\C51S.LIB (?C?IMUL)
  C:\KEIL_V5\C51\LIB\C51S.LIB (?C?IILDX)
  C:\KEIL_V5\C51\LIB\C51S.LIB (?C?LOR)
  C:\KEIL_V5\C51\LIB\C51S.LIB (?C?ULCMP)
  C:\KEIL_V5\C51\LIB\C51S.LIB (?C?ULSHR)
  C:\KEIL_V5\C51\LIB\C51S.LIB (?C?LSHL)
  C:\KEIL_V5\C51\LIB\C51S.LIB (?C?LLDIDATA)
  C:\KEIL_V5\C51\LIB\C51S.LIB (?C?LLDXDATA)
  C:\KEIL_V5\C51\LIB\C51S.LIB (?C?LLDXDATA0)
  C:\KEIL_V5\C51\LIB\C51S.LIB (?C?LSTIDATA)
  C:\KEIL_V5\C51\LIB\C51S.LIB (?C?LSTXDATA)
  C:\KEIL_V5\C51\LIB\C51S.LIB (?C?LSTKXDATA)
  C:\KEIL_V5\C51\LIB\C51S.LIB (?C?CCASE)
  C:\KEIL_V5\C51\LIB\C51S.LIB (PRINTF)
  C:\KEIL_V5\C51\LIB\C51S.LIB (ISXDIGIT)
  C:\KEIL_V5\C51\LIB\C51S.LIB (TOUPPER)
  C:\KEIL_V5\C51\LIB\C51S.LIB (?C?CLDPTR)
  C:\KEIL_V5\C51\LIB\C51S.LIB (?C?CLDOPTR)
  C:\KEIL_V5\C51\LIB\C51S.LIB (?C?CSTPTR)
  C:\KEIL_V5\C51\LIB\C51S.LIB (?C?PLDIIDATA)


LINK MAP OF MODULE:  bootld_8051 (MAIN)


            TYPE    BASE      LENGTH    RELOCATION   SEGMENT NAME
            -----------------------------------------------------

            * * * * * * *   D A T A   M E M O R Y   * * * * * * *
            REG     0000H     0008H     ABSOLUTE     "REG BANK 0"
            DATA    0008H     0016H     UNIT         _DATA_GROUP_
                    001EH     0002H                  *** GAP ***
            BIT     0020H.0   0001H.1   UNIT         _BIT_GROUP_
                    0021H.1   000AH.7                *** GAP ***
            IDATA   002CH     001EH     ABSOLUTE     
            IDATA   004AH     001AH     UNIT         _IDATA_GROUP_
            IDATA   0064H     0018H     UNIT         ?ID?MAIN

            * * * * * * *  X D A T A   M E M O R Y  * * * * * * *
                    0000H     2000H                  *** GAP ***
            XDATA   2000H     0014H     ABSOLUTE     
                    2014H     00ECH                  *** GAP ***
BL51 BANKED LINKER/LOCATER V6.22                                                      10/01/2016  14:26:33  PAGE 2


            XDATA   2100H     000EH     UNIT         ?XD?MAIN
            XDATA   210EH     0004H     UNIT         _XDATA_GROUP_

            * * * * * * *   C O D E   M E M O R Y   * * * * * * *
            CODE    0000H     0036H     ABSOLUTE     
            CODE    0036H     04C4H     UNIT         ?PR?_PARSEHEXRECORD?HEX_FILE_HDL
            CODE    04FAH     035CH     UNIT         ?PR?PRINTF?PRINTF
            CODE    0856H     02C7H     UNIT         ?CO?SPIFLASH
            CODE    0B1DH     0189H     UNIT         ?PR?DOWNLOAD_UART2SFLASH?SPIFLASH
            CODE    0CA6H     0167H     UNIT         ?C?LIB_CODE
            CODE    0E0DH     0143H     UNIT         ?PR?MAIN?MAIN
            CODE    0F50H     0129H     UNIT         ?PR?SPIFLASH_BACKUPCODEIMAGE?SPIFLASH
            CODE    1079H     0129H     UNIT         ?PR?SPIFLASH_RESTORECODEIMAGE?SPIFLASH
            CODE    11A2H     0116H     UNIT         ?PR?DUMP_BACKUPCODE?SPIFLASH
            CODE    12B8H     0104H     UNIT         ?CO?HEX_FILE_HDL
            CODE    13BCH     00F2H     UNIT         ?PR?LOAD_SFLASH2CRAM?SPIFLASH
            CODE    14AEH     00ECH     UNIT         ?PR?_DUMP_CODE?SPIFLASH
            CODE    159AH     00EBH     UNIT         ?CO?MAIN
            CODE    1685H     007CH     UNIT         ?PR?_SPIFLASH_CMD?SPIFLASH_DRV
            CODE    1701H     0072H     UNIT         ?PR?_GETASCII?HEX_FILE_HDL
            CODE    1773H     0071H     UNIT         ?PR?_SWUTIL_SWAPENDIAN?SPIFLASH
            CODE    17E4H     006AH     UNIT         ?PR?SPIFLASH_ERASELOWER256K?SPIFLASH_DRV
            CODE    184EH     006AH     UNIT         ?PR?SPIFLASH_ERASEBACKUP256K?SPIFLASH_DRV
            CODE    18B8H     0050H     UNIT         ?PR?_GETASC2HEX?HEX_FILE_HDL
            CODE    1908H     0041H     UNIT         ?PR?_SPIFLASH_ERASEBLOCK?SPIFLASH_DRV
            CODE    1949H     003FH     UNIT         ?CO?SPIFLASH_DRV
            CODE    1988H     003BH     UNIT         ?PR?SPIFLASH_CHECKFLASHBUSY?SPIFLASH_DRV
            CODE    19C3H     0031H     UNIT         ?PR?_SPIFLASH_WRITEBYTE?SPIFLASH_DRV
            CODE    19F4H     002DH     UNIT         ?PR?_MEMUTIL_CLEARERAM?SPIFLASH
            CODE    1A21H     0029H     UNIT         ?PR?_SPIFLASH_WRSR_UNLOCK?SPIFLASH_DRV
            CODE    1A4AH     0029H     UNIT         ?PR?_SPIFLASH_ERASESECTOR?SPIFLASH_DRV
            CODE    1A73H     0026H     UNIT         ?PR?_ISXDIGIT?ISXDIGIT
            CODE    1A99H     0025H     UNIT         ?PR?_SPIFLASH_READBYTE?SPIFLASH_DRV
            CODE    1ABEH     0021H     UNIT         ?PR?_ASC2HEX?HEX_FILE_HDL
            CODE    1ADFH     001DH     UNIT         ?PR?_SPIFLASH_WREN?SPIFLASH_DRV
            CODE    1AFCH     0017H     UNIT         ?PR?_PUTCHAR?UART
            CODE    1B13H     0015H     UNIT         ?PR?COMINIT?UART
            CODE    1B28H     0015H     UNIT         ?C_C51STARTUP
            CODE    1B3DH     0013H     UNIT         ?PR?ENABLEWRCRAM?CMEM_CTRL
            CODE    1B50H     0013H     UNIT         ?PR?DISABLEWRCRAM?CMEM_CTRL
            CODE    1B63H     0012H     UNIT         ?PR?_WR2CRAM?HEX_FILE_HDL
            CODE    1B75H     0011H     UNIT         ?PR?_TOUPPER?TOUPPER
            CODE    1B86H     0010H     UNIT         ?PR?_GET1CHAR?UART



OVERLAY MAP OF MODULE:   bootld_8051 (MAIN)


SEGMENT                                             BIT_GROUP          DATA_GROUP          IDATA_GROUP         XDATA_GRO
>> UP
  +--> CALLED SEGMENT                            START    LENGTH     START    LENGTH     START    LENGTH     START    LE
>> NGTH
------------------------------------------------------------------------------------------------------------------------
>> ----
?C_C51STARTUP                                    -----    -----      -----    -----      -----    -----      -----    --
>> ---
BL51 BANKED LINKER/LOCATER V6.22                                                      10/01/2016  14:26:33  PAGE 3


  +--> ?PR?MAIN?MAIN

?PR?MAIN?MAIN                                    -----    -----      -----    -----      004AH    0001H      210EH    00
>> 04H
  +--> ?PR?DISABLEWRCRAM?CMEM_CTRL
  +--> ?PR?COMINIT?UART
  +--> ?CO?MAIN
  +--> ?PR?PRINTF?PRINTF
  +--> ?PR?ENABLEWRCRAM?CMEM_CTRL
  +--> ?PR?_PARSEHEXRECORD?HEX_FILE_HDL
  +--> ?PR?DOWNLOAD_UART2SFLASH?SPIFLASH
  +--> ?PR?_DUMP_CODE?SPIFLASH
  +--> ?PR?DUMP_BACKUPCODE?SPIFLASH
  +--> ?PR?SPIFLASH_BACKUPCODEIMAGE?SPIFLASH
  +--> ?PR?SPIFLASH_RESTORECODEIMAGE?SPIFLASH
  +--> ?PR?LOAD_SFLASH2CRAM?SPIFLASH

?PR?PRINTF?PRINTF                                0020H.0  0001H.1    000AH    0014H      -----    -----      -----    --
>> ---
  +--> ?PR?_PUTCHAR?UART

?PR?_PARSEHEXRECORD?HEX_FILE_HDL                 -----    -----      0008H    0002H      004CH    0011H      -----    --
>> ---
  +--> ?CO?HEX_FILE_HDL
  +--> ?PR?PRINTF?PRINTF
  +--> ?PR?_GET1CHAR?UART
  +--> ?PR?_ISXDIGIT?ISXDIGIT
  +--> ?PR?_GETASC2HEX?HEX_FILE_HDL
  +--> ?PR?_WR2CRAM?HEX_FILE_HDL

?PR?_GET1CHAR?UART                               -----    -----      -----    -----      0063H    0001H      -----    --
>> ---

?PR?_GETASC2HEX?HEX_FILE_HDL                     -----    -----      000AH    0003H      005DH    0004H      -----    --
>> ---
  +--> ?PR?_GETASCII?HEX_FILE_HDL

?PR?_GETASCII?HEX_FILE_HDL                       -----    -----      000DH    0002H      0061H    0002H      -----    --
>> ---
  +--> ?PR?_GET1CHAR?UART
  +--> ?PR?_ISXDIGIT?ISXDIGIT
  +--> ?PR?_ASC2HEX?HEX_FILE_HDL

?PR?_ASC2HEX?HEX_FILE_HDL                        -----    -----      -----    -----      0063H    0001H      -----    --
>> ---
  +--> ?PR?_TOUPPER?TOUPPER

?PR?DOWNLOAD_UART2SFLASH?SPIFLASH                -----    -----      -----    -----      004BH    0001H      -----    --
>> ---
  +--> ?CO?SPIFLASH
  +--> ?PR?PRINTF?PRINTF
  +--> ?PR?_GET1CHAR?UART
  +--> ?PR?ENABLEWRCRAM?CMEM_CTRL
  +--> ?PR?_SPIFLASH_WRSR_UNLOCK?SPIFLASH_DRV
  +--> ?PR?SPIFLASH_ERASELOWER256K?SPIFLASH_DRV
  +--> ?PR?_MEMUTIL_CLEARERAM?SPIFLASH
  +--> ?PR?_PARSEHEXRECORD?HEX_FILE_HDL
BL51 BANKED LINKER/LOCATER V6.22                                                      10/01/2016  14:26:33  PAGE 4


  +--> ?PR?_SPIFLASH_WRITEBYTE?SPIFLASH_DRV
  +--> ?PR?_SPIFLASH_READBYTE?SPIFLASH_DRV
  +--> ?PR?DISABLEWRCRAM?CMEM_CTRL

?PR?_SPIFLASH_WRSR_UNLOCK?SPIFLASH_DRV           -----    -----      000DH    0001H      -----    -----      -----    --
>> ---
  +--> ?PR?_SPIFLASH_WREN?SPIFLASH_DRV
  +--> ?PR?_SPIFLASH_CMD?SPIFLASH_DRV
  +--> ?PR?SPIFLASH_CHECKFLASHBUSY?SPIFLASH_DRV

?PR?_SPIFLASH_WREN?SPIFLASH_DRV                  -----    -----      -----    -----      -----    -----      -----    --
>> ---
  +--> ?PR?_SPIFLASH_CMD?SPIFLASH_DRV

?PR?_SPIFLASH_CMD?SPIFLASH_DRV                   -----    -----      000EH    0007H      0051H    0005H      -----    --
>> ---
  +--> ?PR?_SWUTIL_SWAPENDIAN?SPIFLASH

?PR?_SWUTIL_SWAPENDIAN?SPIFLASH                  -----    -----      0015H    0004H      -----    -----      -----    --
>> ---

?PR?SPIFLASH_CHECKFLASHBUSY?SPIFLASH_DRV         -----    -----      -----    -----      004DH    0001H      -----    --
>> ---

?PR?SPIFLASH_ERASELOWER256K?SPIFLASH_DRV         -----    -----      -----    -----      004CH    0001H      -----    --
>> ---
  +--> ?CO?SPIFLASH_DRV
  +--> ?PR?PRINTF?PRINTF
  +--> ?PR?_SPIFLASH_ERASEBLOCK?SPIFLASH_DRV
  +--> ?PR?_SPIFLASH_ERASESECTOR?SPIFLASH_DRV

?PR?_SPIFLASH_ERASEBLOCK?SPIFLASH_DRV            -----    -----      0008H    0005H      -----    -----      -----    --
>> ---
  +--> ?PR?_SPIFLASH_WRSR_UNLOCK?SPIFLASH_DRV
  +--> ?PR?_SPIFLASH_WREN?SPIFLASH_DRV
  +--> ?PR?_SPIFLASH_CMD?SPIFLASH_DRV
  +--> ?PR?SPIFLASH_CHECKFLASHBUSY?SPIFLASH_DRV

?PR?_SPIFLASH_ERASESECTOR?SPIFLASH_DRV           -----    -----      0008H    0004H      -----    -----      -----    --
>> ---
  +--> ?PR?_SPIFLASH_WRSR_UNLOCK?SPIFLASH_DRV
  +--> ?PR?_SPIFLASH_WREN?SPIFLASH_DRV
  +--> ?PR?_SPIFLASH_CMD?SPIFLASH_DRV
  +--> ?PR?SPIFLASH_CHECKFLASHBUSY?SPIFLASH_DRV

?PR?_SPIFLASH_WRITEBYTE?SPIFLASH_DRV             -----    -----      0008H    0005H      -----    -----      -----    --
>> ---
  +--> ?PR?_SPIFLASH_WREN?SPIFLASH_DRV
  +--> ?PR?_SPIFLASH_CMD?SPIFLASH_DRV
  +--> ?PR?SPIFLASH_CHECKFLASHBUSY?SPIFLASH_DRV

?PR?_SPIFLASH_READBYTE?SPIFLASH_DRV              -----    -----      0008H    0004H      -----    -----      -----    --
>> ---
  +--> ?PR?_SPIFLASH_CMD?SPIFLASH_DRV

?PR?_DUMP_CODE?SPIFLASH                          -----    -----      -----    -----      004BH    0006H      -----    --
>> ---
BL51 BANKED LINKER/LOCATER V6.22                                                      10/01/2016  14:26:33  PAGE 5


  +--> ?PR?ENABLEWRCRAM?CMEM_CTRL
  +--> ?CO?SPIFLASH
  +--> ?PR?PRINTF?PRINTF
  +--> ?PR?DISABLEWRCRAM?CMEM_CTRL

?PR?DUMP_BACKUPCODE?SPIFLASH                     -----    -----      -----    -----      004BH    0006H      -----    --
>> ---
  +--> ?CO?SPIFLASH
  +--> ?PR?PRINTF?PRINTF
  +--> ?PR?_SPIFLASH_READBYTE?SPIFLASH_DRV

?PR?SPIFLASH_BACKUPCODEIMAGE?SPIFLASH            -----    -----      -----    -----      004BH    0001H      -----    --
>> ---
  +--> ?CO?SPIFLASH
  +--> ?PR?PRINTF?PRINTF
  +--> ?PR?_GET1CHAR?UART
  +--> ?PR?SPIFLASH_ERASEBACKUP256K?SPIFLASH...
  +--> ?PR?_SPIFLASH_READBYTE?SPIFLASH_DRV
  +--> ?PR?_SPIFLASH_WRITEBYTE?SPIFLASH_DRV
  +--> ?PR?_SPIFLASH_WRSR_UNLOCK?SPIFLASH_DRV

?PR?SPIFLASH_ERASEBACKUP256K?SPIFLASH...         -----    -----      -----    -----      004CH    0001H      -----    --
>> ---
  +--> ?CO?SPIFLASH_DRV
  +--> ?PR?PRINTF?PRINTF
  +--> ?PR?_SPIFLASH_ERASEBLOCK?SPIFLASH_DRV
  +--> ?PR?_SPIFLASH_ERASESECTOR?SPIFLASH_DRV

?PR?SPIFLASH_RESTORECODEIMAGE?SPIFLASH           -----    -----      -----    -----      004BH    0001H      -----    --
>> ---
  +--> ?CO?SPIFLASH
  +--> ?PR?PRINTF?PRINTF
  +--> ?PR?_GET1CHAR?UART
  +--> ?PR?SPIFLASH_ERASELOWER256K?SPIFLASH_DRV
  +--> ?PR?_SPIFLASH_READBYTE?SPIFLASH_DRV
  +--> ?PR?_SPIFLASH_WRITEBYTE?SPIFLASH_DRV
  +--> ?PR?_SPIFLASH_WRSR_UNLOCK?SPIFLASH_DRV

?PR?LOAD_SFLASH2CRAM?SPIFLASH                    -----    -----      -----    -----      004BH    0008H      -----    --
>> ---
  +--> ?CO?SPIFLASH
  +--> ?PR?PRINTF?PRINTF
  +--> ?PR?ENABLEWRCRAM?CMEM_CTRL
  +--> ?PR?DISABLEWRCRAM?CMEM_CTRL



SYMBOL TABLE OF MODULE:  bootld_8051 (MAIN)

  VALUE           TYPE          NAME
  ----------------------------------

  -------         MODULE        MAIN
  C:0E0DH         SEGMENT       ?PR?MAIN?MAIN
  C:159AH         SEGMENT       ?CO?MAIN
  X:2100H         SEGMENT       ?XD?MAIN
  I:0064H         SEGMENT       ?ID?MAIN
BL51 BANKED LINKER/LOCATER V6.22                                                      10/01/2016  14:26:33  PAGE 6


  X:210EH         SEGMENT       ?XD?MAIN?MAIN
  I:004AH         SEGMENT       ?ID?MAIN?MAIN
  X:210AH         PUBLIC        ADDR32_1
  X:2102H         PUBLIC        ADDRH
  X:2103H         PUBLIC        ADDRL
  X:2100H         PUBLIC        ERAM2SFLASHADDR
  I:0070H         PUBLIC        ERRCNT
  C:0E0DH         PUBLIC        MAIN
  I:0064H         PUBLIC        PROGCNT
  X:2106H         PUBLIC        SFLASHADDR
  X:2104H         PUBLIC        UART2ERAMADDR
  C:0E38H         SYMBOL        ?C0001
  C:0E78H         SYMBOL        ?C0008
  C:0E7FH         SYMBOL        ?C0009
  C:0EACH         SYMBOL        ?C0010
  C:0EB7H         SYMBOL        ?C0013
  C:0EBCH         SYMBOL        ?C0015
  C:0EC2H         SYMBOL        ?C0017
  C:0ED2H         SYMBOL        ?C0019
  C:0ED7H         SYMBOL        ?C0020
  C:0EF1H         SYMBOL        ?C0022
  C:0EF6H         SYMBOL        ?C0024
  C:0F00H         SYMBOL        ?C0025
  C:0F0CH         SYMBOL        ?C0026
  C:0F11H         SYMBOL        ?C0028
  C:0F1AH         SYMBOL        ?C0029
  C:0ED0H         SYMBOL        ?C0032
  C:0ED5H         SYMBOL        ?C0033
  C:0EF4H         SYMBOL        ?C0034
  C:0EF9H         SYMBOL        ?C0035
  C:0F4AH         SYMBOL        ?MAIN?BOOTUP
  C:159AH         SYMBOL        ?SC_0
  C:1634H         SYMBOL        ?SC_154
  C:1652H         SYMBOL        ?SC_184
  C:15C9H         SYMBOL        ?SC_47
  C:15F8H         SYMBOL        ?SC_94
  B:00D0H.6       SYMBOL        AC
  D:00E0H         SYMBOL        ACC
  D:00F0H         SYMBOL        B
  D:009FH         SYMBOL        BANKSEL
  I:004AH         SYMBOL        C?041
  D:00F4H         SYMBOL        CRLA_H
  D:00F3H         SYMBOL        CRLA_L
  D:00F2H         SYMBOL        CRSA_H
  D:00F1H         SYMBOL        CRSA_L
  B:00D0H.7       SYMBOL        CY
  D:0083H         SYMBOL        DPH
  D:0082H         SYMBOL        DPL
  B:00A8H.7       SYMBOL        EA
  B:00A8H.4       SYMBOL        ES
  B:00A8H.1       SYMBOL        ET0
  B:00A8H.3       SYMBOL        ET1
  B:00A8H.0       SYMBOL        EX0
  B:00A8H.2       SYMBOL        EX1
  B:00D0H.5       SYMBOL        F0
  D:00A8H         SYMBOL        IE
  B:0088H.1       SYMBOL        IE0
BL51 BANKED LINKER/LOCATER V6.22                                                      10/01/2016  14:26:33  PAGE 7


  B:0088H.3       SYMBOL        IE1
  B:00B0H.2       SYMBOL        INT0
  B:00B0H.3       SYMBOL        INT1
  D:00B8H         SYMBOL        IP
  B:0088H.0       SYMBOL        IT0
  B:0088H.2       SYMBOL        IT1
  D:00F8H         SYMBOL        MEMCTRL
  B:00D0H.2       SYMBOL        OV
  B:00D0H.0       SYMBOL        P
  D:0080H         SYMBOL        P0
  D:0090H         SYMBOL        P1
  D:00A0H         SYMBOL        P2
  D:00B0H         SYMBOL        P3
  D:0087H         SYMBOL        PCON
  B:00B8H.4       SYMBOL        PS
  D:00D0H         SYMBOL        PSW
  B:00B8H.1       SYMBOL        PT0
  B:00B8H.3       SYMBOL        PT1
  B:00B8H.0       SYMBOL        PX0
  B:00B8H.2       SYMBOL        PX1
  B:0098H.2       SYMBOL        RB8
  B:00B0H.7       SYMBOL        RD
  B:0098H.4       SYMBOL        REN
  B:0098H.0       SYMBOL        RI
  B:00D0H.3       SYMBOL        RS0
  B:00D0H.4       SYMBOL        RS1
  B:00B0H.0       SYMBOL        RXD
  D:0099H         SYMBOL        SBUF
  D:0098H         SYMBOL        SCON
  B:0098H.7       SYMBOL        SM0
  B:0098H.6       SYMBOL        SM1
  B:0098H.5       SYMBOL        SM2
  D:0081H         SYMBOL        SP
  B:00B0H.4       SYMBOL        T0
  B:00B0H.5       SYMBOL        T1
  B:0098H.3       SYMBOL        TB8
  D:0088H         SYMBOL        TCON
  X:210EH         SYMBOL        TEMP?040
  B:0088H.5       SYMBOL        TF0
  B:0088H.7       SYMBOL        TF1
  D:008CH         SYMBOL        TH0
  D:008DH         SYMBOL        TH1
  B:0098H.1       SYMBOL        TI
  D:008AH         SYMBOL        TL0
  D:008BH         SYMBOL        TL1
  D:0089H         SYMBOL        TMOD
  B:0088H.4       SYMBOL        TR0
  B:0088H.6       SYMBOL        TR1
  B:00B0H.1       SYMBOL        TXD
  B:00B0H.6       SYMBOL        WR
  C:0E0DH         LINE#         208
  C:0E0EH         LINE#         209
  C:0E10H         LINE#         212
  C:0E13H         LINE#         216
  C:0E16H         LINE#         220
  C:0E18H         LINE#         223
  C:0E19H         LINE#         224
BL51 BANKED LINKER/LOCATER V6.22                                                      10/01/2016  14:26:33  PAGE 8


  C:0E1BH         LINE#         225
  C:0E1CH         LINE#         228
  C:0E1FH         LINE#         229
  C:0E26H         LINE#         237
  C:0E28H         LINE#         238
  C:0E2AH         LINE#         239
  C:0E2CH         LINE#         240
  C:0E2FH         LINE#         243
  C:0E31H         LINE#         244
  C:0E33H         LINE#         245
  C:0E35H         LINE#         246
  C:0E38H         LINE#         256
  C:0E3AH         LINE#         257
  C:0E3BH         LINE#         258
  C:0E78H         LINE#         314
  C:0E7BH         LINE#         317
  C:0E7CH         LINE#         318
  C:0E7EH         LINE#         319
  C:0E7FH         LINE#         321
  C:0E81H         LINE#         322
  C:0E82H         LINE#         323
  C:0E83H         LINE#         324
  C:0E84H         LINE#         325
  C:0E86H         LINE#         326
  C:0E88H         LINE#         327
  C:0E8AH         LINE#         332
  C:0E8CH         LINE#         333
  C:0E8EH         LINE#         334
  C:0E90H         LINE#         335
  C:0E91H         LINE#         336
  C:0E92H         LINE#         337
  C:0E94H         LINE#         338
  C:0E96H         LINE#         339
  C:0E98H         LINE#         340
  C:0E9BH         LINE#         343
  C:0E9DH         LINE#         344
  C:0E9EH         LINE#         345
  C:0EA0H         LINE#         348
  C:0EA2H         LINE#         349
  C:0EA4H         LINE#         350
  C:0EA7H         LINE#         353
  C:0EA9H         LINE#         354
  C:0EAAH         LINE#         355
  C:0EACH         LINE#         359
  C:0EAFH         LINE#         362
  C:0EB2H         LINE#         364
  C:0EB5H         LINE#         368
  C:0EB7H         LINE#         376
  C:0EBAH         LINE#         381
  C:0EBCH         LINE#         397
  C:0EBFH         LINE#         399
  C:0EC2H         LINE#         416
  C:0EC4H         LINE#         417
  C:0EC7H         LINE#         420
  C:0EC9H         LINE#         421
  C:0ECBH         LINE#         422
  C:0ECDH         LINE#         423
BL51 BANKED LINKER/LOCATER V6.22                                                      10/01/2016  14:26:33  PAGE 9


  C:0ED0H         LINE#         429
  C:0ED2H         LINE#         445
  C:0ED5H         LINE#         451
  C:0ED7H         LINE#         457
  C:0ED9H         LINE#         458
  C:0EDBH         LINE#         459
  C:0EDDH         LINE#         460
  C:0EE0H         LINE#         463
  C:0EE3H         LINE#         464
  C:0EEAH         LINE#         471
  C:0EECH         LINE#         472
  C:0EEEH         LINE#         475
  C:0EF1H         LINE#         500
  C:0EF4H         LINE#         506
  C:0EF6H         LINE#         514
  C:0EF9H         LINE#         518
  C:0EFBH         LINE#         519
  C:0EFDH         LINE#         522
  C:0F00H         LINE#         555
  C:0F02H         LINE#         556
  C:0F05H         LINE#         559
  C:0F07H         LINE#         562
  C:0F09H         LINE#         565
  C:0F0CH         LINE#         569
  C:0F0EH         LINE#         574
  C:0F11H         LINE#         580
  C:0F14H         LINE#         583
  C:0F16H         LINE#         584
  C:0F18H         LINE#         587
  C:0F1AH         LINE#         593
  C:0F1DH         LINE#         594
  C:0F20H         LINE#         595
  C:0F21H         LINE#         596
  C:0F23H         LINE#         597
  C:0F24H         LINE#         598
  C:0F25H         LINE#         599
  C:0F26H         LINE#         600
  C:0F27H         LINE#         601
  C:0F28H         LINE#         602
  C:0F29H         LINE#         603
  C:0F2AH         LINE#         604
  C:0F2BH         LINE#         605
  C:0F2CH         LINE#         606
  C:0F2DH         LINE#         607
  C:0F30H         LINE#         608
  C:0F33H         LINE#         611
  C:0F35H         LINE#         612
  C:0F37H         LINE#         613
  C:0F39H         LINE#         614
  C:0F3BH         LINE#         615
  C:0F3EH         LINE#         616
  C:0F41H         LINE#         617
  C:0F42H         LINE#         618
  C:0F45H         LINE#         619
  C:0F47H         LINE#         620
  C:0F4AH         LINE#         631
  C:0F4DH         LINE#         636
BL51 BANKED LINKER/LOCATER V6.22                                                      10/01/2016  14:26:33  PAGE 10


  -------         ENDMOD        MAIN

  -------         MODULE        UART
  C:0000H         SYMBOL        _ICE_DUMMY_
  B:0098H.0       PUBLIC        RI
  B:0098H.1       PUBLIC        TI
  D:0099H         PUBLIC        SBUF
  D:0087H         PUBLIC        PCON
  D:0098H         PUBLIC        SCON
  D:0089H         PUBLIC        TMOD
  C:1B13H         PUBLIC        ComInit
  B:0088H.1       PUBLIC        IE0
  D:008DH         PUBLIC        TH1
  B:0088H.6       PUBLIC        TR1
  C:1B86H         PUBLIC        _get1char
  C:1AFCH         PUBLIC        _putchar
  -------         PROC          COMINIT
  C:1B13H         LINE#         30
  C:1B13H         LINE#         31
  C:1B13H         LINE#         32
  C:1B16H         LINE#         41
  C:1B19H         LINE#         44
  C:1B1CH         LINE#         45
  C:1B1EH         LINE#         46
  C:1B21H         LINE#         47
  C:1B23H         LINE#         48
  C:1B25H         LINE#         49
  C:1B27H         LINE#         50
  -------         ENDPROC       COMINIT
  -------         PROC          _PUTCHAR
  D:0007H         SYMBOL        c
  C:1AFCH         LINE#         65
  C:1AFCH         LINE#         66
  C:1AFCH         LINE#         67
  C:1AFFH         LINE#         68
  C:1AFFH         LINE#         69
  C:1B01H         LINE#         70
  C:1B04H         LINE#         71
  C:1B07H         LINE#         72
  C:1B09H         LINE#         73
  C:1B09H         LINE#         74
  C:1B0BH         LINE#         75
  C:1B0DH         LINE#         76
  C:1B10H         LINE#         77
  C:1B12H         LINE#         78
  C:1B12H         LINE#         79
  -------         ENDPROC       _PUTCHAR
  -------         PROC          _GET1CHAR
  -------         DO            
  I:0063H         SYMBOL        c
  -------         ENDDO         
  C:1B86H         LINE#         85
  C:1B86H         LINE#         86
  C:1B86H         LINE#         88
  C:1B8AH         LINE#         89
  C:1B8DH         LINE#         90
  C:1B91H         LINE#         91
BL51 BANKED LINKER/LOCATER V6.22                                                      10/01/2016  14:26:33  PAGE 11


  C:1B93H         LINE#         92
  C:1B95H         LINE#         93
  -------         ENDPROC       _GET1CHAR
  -------         ENDMOD        UART

  -------         MODULE        ?C_STARTUP
  C:1B28H         SEGMENT       ?C_C51STARTUP
  C:0000H         PUBLIC        ?C_STARTUP
  I:002CH         SYMBOL        ?STACK
  D:00E0H         SYMBOL        ACC
  D:00F0H         SYMBOL        B
  N:2100H         SYMBOL        CRAM_START
  D:0083H         SYMBOL        DPH
  D:0082H         SYMBOL        DPL
  N:0000H         SYMBOL        IBPSTACK
  N:0100H         SYMBOL        IBPSTACKTOP
  N:0100H         SYMBOL        IDATALEN
  C:1B2BH         SYMBOL        IDATALOOP
  N:0000H         SYMBOL        PBPSTACK
  N:0100H         SYMBOL        PBPSTACKTOP
  N:00FFH         SYMBOL        PDATALEN
  C:1B33H         SYMBOL        PDATALOOP
  N:0000H         SYMBOL        PDATASTART
  N:0000H         SYMBOL        PPAGE
  N:0000H         SYMBOL        PPAGEENABLE
  D:00A0H         SYMBOL        PPAGE_SFR
  D:0081H         SYMBOL        SP
  C:1B28H         SYMBOL        STARTUP1
  N:0000H         SYMBOL        XBPSTACK
  N:0000H         SYMBOL        XBPSTACKTOP
  N:0000H         SYMBOL        XDATALEN
  N:0000H         SYMBOL        XDATASTART
  X:2000H         SYMBOL        XVAR
  C:0000H         LINE#         133
  C:0003H         LINE#         136
  C:0006H         LINE#         137
  C:0007H         LINE#         138
  C:0008H         LINE#         139
  C:0009H         LINE#         140
  C:000AH         LINE#         141
  C:000BH         LINE#         142
  C:000EH         LINE#         143
  C:000FH         LINE#         144
  C:0010H         LINE#         145
  C:0011H         LINE#         146
  C:0012H         LINE#         147
  C:0013H         LINE#         148
  C:0016H         LINE#         149
  C:0017H         LINE#         150
  C:0018H         LINE#         151
  C:0019H         LINE#         152
  C:001AH         LINE#         153
  C:001BH         LINE#         154
  C:001EH         LINE#         155
  C:001FH         LINE#         156
  C:0020H         LINE#         157
  C:0021H         LINE#         158
BL51 BANKED LINKER/LOCATER V6.22                                                      10/01/2016  14:26:33  PAGE 12


  C:0022H         LINE#         159
  C:0023H         LINE#         160
  C:0026H         LINE#         161
  C:0027H         LINE#         162
  C:0028H         LINE#         163
  C:0029H         LINE#         164
  C:002AH         LINE#         165
  C:002BH         LINE#         166
  C:002EH         LINE#         167
  C:002FH         LINE#         168
  C:0030H         LINE#         169
  C:0031H         LINE#         170
  C:0032H         LINE#         171
  C:0033H         LINE#         172
  C:1B28H         LINE#         179
  C:1B2AH         LINE#         180
  C:1B2BH         LINE#         181
  C:1B2CH         LINE#         182
  C:1B2EH         LINE#         205
  C:1B30H         LINE#         206
  C:1B32H         LINE#         207
  C:1B33H         LINE#         208
  C:1B34H         LINE#         209
  C:1B35H         LINE#         210
  C:1B37H         LINE#         231
  C:1B3AH         LINE#         242
  -------         ENDMOD        ?C_STARTUP

  -------         MODULE        CMEM_CTRL
  C:1B3DH         SEGMENT       ?PR?ENABLEWRCRAM?CMEM_CTRL
  C:1B50H         SEGMENT       ?PR?DISABLEWRCRAM?CMEM_CTRL
  C:1B50H         PUBLIC        DISABLEWRCRAM
  C:1B3DH         PUBLIC        ENABLEWRCRAM
  N:0000H         SYMBOL        CMEM_CTRL
  C:1B3DH         LINE#         48
  C:1B40H         LINE#         50
  C:1B43H         LINE#         52
  C:1B46H         LINE#         54
  C:1B49H         LINE#         56
  C:1B4CH         LINE#         58
  C:1B4FH         LINE#         64
  C:1B50H         LINE#         94
  C:1B53H         LINE#         96
  C:1B56H         LINE#         98
  C:1B59H         LINE#         100
  C:1B5CH         LINE#         102
  C:1B5FH         LINE#         104
  C:1B62H         LINE#         144
  -------         ENDMOD        CMEM_CTRL

  -------         MODULE        HEX_FILE_HDL
  C:0036H         SEGMENT       ?PR?_PARSEHEXRECORD?HEX_FILE_HDL
  D:0008H         SEGMENT       ?DT?_PARSEHEXRECORD?HEX_FILE_HDL
  C:18B8H         SEGMENT       ?PR?_GETASC2HEX?HEX_FILE_HDL
  D:000AH         SEGMENT       ?DT?_GETASC2HEX?HEX_FILE_HDL
  C:1701H         SEGMENT       ?PR?_GETASCII?HEX_FILE_HDL
  D:000DH         SEGMENT       ?DT?_GETASCII?HEX_FILE_HDL
BL51 BANKED LINKER/LOCATER V6.22                                                      10/01/2016  14:26:33  PAGE 13


  C:1ABEH         SEGMENT       ?PR?_ASC2HEX?HEX_FILE_HDL
  C:1B63H         SEGMENT       ?PR?_WR2CRAM?HEX_FILE_HDL
  C:12B8H         SEGMENT       ?CO?HEX_FILE_HDL
  I:004CH         SEGMENT       ?ID?_PARSEHEXRECORD?HEX_FILE_HDL
  I:005DH         SEGMENT       ?ID?_GETASC2HEX?HEX_FILE_HDL
  I:0061H         SEGMENT       ?ID?_GETASCII?HEX_FILE_HDL
  I:0063H         SEGMENT       ?ID?_ASC2HEX?HEX_FILE_HDL
  C:1ABEH         PUBLIC        _ASC2HEX
  C:18BEH         PUBLIC        _GETASC2HEX
  C:1701H         PUBLIC        _GETASCII
  C:0036H         PUBLIC        _PARSEHEXRECORD
  C:1B63H         PUBLIC        _WR2CRAM
  C:0057H         SYMBOL        ?C0001
  C:007BH         SYMBOL        ?C0002
  C:0081H         SYMBOL        ?C0004
  C:00A5H         SYMBOL        ?C0005
  C:00AEH         SYMBOL        ?C0007
  C:04EDH         SYMBOL        ?C0009
  C:00EAH         SYMBOL        ?C0010
  C:00F7H         SYMBOL        ?C0011
  C:0114H         SYMBOL        ?C0013
  C:0140H         SYMBOL        ?C0016
  C:015DH         SYMBOL        ?C0019
  C:017AH         SYMBOL        ?C0020
  C:018AH         SYMBOL        ?C0021
  C:01BDH         SYMBOL        ?C0022
  C:01D1H         SYMBOL        ?C0023
  C:01DDH         SYMBOL        ?C0025
  C:01EDH         SYMBOL        ?C0027
  C:0213H         SYMBOL        ?C0028
  C:025FH         SYMBOL        ?C0029
  C:0244H         SYMBOL        ?C0030
  C:027FH         SYMBOL        ?C0031
  C:028DH         SYMBOL        ?C0033
  C:02B7H         SYMBOL        ?C0034
  C:02BEH         SYMBOL        ?C0035
  C:02C0H         SYMBOL        ?C0036
  C:02CAH         SYMBOL        ?C0037
  C:030AH         SYMBOL        ?C0038
  C:02FCH         SYMBOL        ?C0039
  C:0303H         SYMBOL        ?C0040
  C:03A3H         SYMBOL        ?C0042
  C:035EH         SYMBOL        ?C0043
  C:037CH         SYMBOL        ?C0044
  C:03ADH         SYMBOL        ?C0047
  C:03E1H         SYMBOL        ?C0048
  C:03F8H         SYMBOL        ?C0049
  C:03FDH         SYMBOL        ?C0050
  C:0411H         SYMBOL        ?C0051
  C:041BH         SYMBOL        ?C0053
  C:0430H         SYMBOL        ?C0056
  C:0450H         SYMBOL        ?C0057
  C:18CBH         SYMBOL        ?C0061
  C:18DEH         SYMBOL        ?C0064
  C:18F0H         SYMBOL        ?C0065
  C:1907H         SYMBOL        ?C0067
  C:1903H         SYMBOL        ?C0069
BL51 BANKED LINKER/LOCATER V6.22                                                      10/01/2016  14:26:33  PAGE 14


  C:176EH         SYMBOL        ?C0070
  C:171FH         SYMBOL        ?C0071
  C:1725H         SYMBOL        ?C0072
  C:1734H         SYMBOL        ?C0073
  C:1748H         SYMBOL        ?C0074
  C:1753H         SYMBOL        ?C0076
  C:1772H         SYMBOL        ?C0078
  C:1AD4H         SYMBOL        ?C0079
  C:1ADAH         SYMBOL        ?C0080
  C:1ADEH         SYMBOL        ?C0081
  C:1B72H         SYMBOL        ?C0082
  C:1B74H         SYMBOL        ?C0083
  C:0079H         SYMBOL        ?C0085
  C:00A3H         SYMBOL        ?C0086
  C:0111H         SYMBOL        ?C0087
  C:0229H         SYMBOL        ?C0088
  C:024CH         SYMBOL        ?C0089
  C:0384H         SYMBOL        ?C0090
  C:172EH         SYMBOL        ?C0091
  C:02B7H         SYMBOL        ?C0092
  C:0177H         SYMBOL        ?C0093
  C:03A3H         SYMBOL        ?C0094
  C:01CDH         SYMBOL        ?C0095
  C:03A5H         SYMBOL        ?C0096
  C:02BEH         SYMBOL        ?C0097
  C:03DFH         SYMBOL        ?C0098
  C:0279H         SYMBOL        ?C0099
  C:039DH         SYMBOL        ?C0100
  C:040BH         SYMBOL        ?C0101
  C:02C0H         SYMBOL        ?C0102
  C:042AH         SYMBOL        ?C0103
  C:03FBH         SYMBOL        ?C0104
  C:0419H         SYMBOL        ?C0105
  C:044AH         SYMBOL        ?C0106
  C:1903H         SYMBOL        ?C0107
  C:12B8H         SYMBOL        ?SC_0
  C:1321H         SYMBOL        ?SC_105
  C:1336H         SYMBOL        ?SC_126
  C:134BH         SYMBOL        ?SC_147
  C:1367H         SYMBOL        ?SC_175
  C:1381H         SYMBOL        ?SC_201
  C:13A1H         SYMBOL        ?SC_233
  C:12DBH         SYMBOL        ?SC_35
  C:12DDH         SYMBOL        ?SC_37
  C:12FAH         SYMBOL        ?SC_66
  D:000AH         SYMBOL        ?_GETASC2HEX?BYTE
  D:000DH         SYMBOL        ?_GETASCII?BYTE
  D:0008H         SYMBOL        ?_PARSEHEXRECORD?BYTE
  B:00D0H.6       SYMBOL        AC
  D:00E0H         SYMBOL        ACC
  I:005DH         SYMBOL        ASCIIHEX?156
  D:000DH         SYMBOL        ASCIIHEXV?260
  D:00F0H         SYMBOL        B
  D:009FH         SYMBOL        BANKSEL
  I:0050H         SYMBOL        C?044
  I:0062H         SYMBOL        C?263
  I:0063H         SYMBOL        C?365
BL51 BANKED LINKER/LOCATER V6.22                                                      10/01/2016  14:26:33  PAGE 15


  I:0053H         SYMBOL        CHKSUME?046
  D:000BH         SYMBOL        CHKSUMEV?154
  I:005BH         SYMBOL        CRAMADDR?052
  D:00F4H         SYMBOL        CRLA_H
  D:00F3H         SYMBOL        CRLA_L
  D:00F2H         SYMBOL        CRSA_H
  D:00F1H         SYMBOL        CRSA_L
  B:00D0H.7       SYMBOL        CY
  D:0083H         SYMBOL        DPH
  D:0082H         SYMBOL        DPL
  B:00A8H.7       SYMBOL        EA
  I:0057H         SYMBOL        ERR?050
  D:0008H         SYMBOL        ERRCNTV?040
  D:000CH         SYMBOL        ERRCNTV?155
  D:000EH         SYMBOL        ERRCNTV?261
  I:0061H         SYMBOL        ERRGETASCII?262
  I:005FH         SYMBOL        ERROR?158
  B:00A8H.4       SYMBOL        ES
  B:00A8H.1       SYMBOL        ET0
  B:00A8H.3       SYMBOL        ET1
  B:00A8H.0       SYMBOL        EX0
  B:00A8H.2       SYMBOL        EX1
  B:00D0H.5       SYMBOL        F0
  I:0060H         SYMBOL        FIRSTASCII?159
  I:005EH         SYMBOL        HEXTEMP?157
  I:0054H         SYMBOL        HEXVAL?047
  D:000AH         SYMBOL        HEXVALV?153
  N:0000H         SYMBOL        HEX_FILE_HDL
  I:004CH         SYMBOL        I?042
  D:00A8H         SYMBOL        IE
  B:0088H.1       SYMBOL        IE0
  B:0088H.3       SYMBOL        IE1
  B:00B0H.2       SYMBOL        INT0
  B:00B0H.3       SYMBOL        INT1
  D:00B8H         SYMBOL        IP
  B:0088H.0       SYMBOL        IT0
  B:0088H.2       SYMBOL        IT1
  C:18B8H         SYMBOL        L?0108
  C:18B8H         SYMBOL        L?0109
  C:18BAH         SYMBOL        L?0110
  D:00F8H         SYMBOL        MEMCTRL
  I:004EH         SYMBOL        N?043
  B:00D0H.2       SYMBOL        OV
  B:00D0H.0       SYMBOL        P
  D:0080H         SYMBOL        P0
  D:0090H         SYMBOL        P1
  D:00A0H         SYMBOL        P2
  D:00B0H         SYMBOL        P3
  D:0087H         SYMBOL        PCON
  D:0009H         SYMBOL        PROGCNTV?041
  B:00B8H.4       SYMBOL        PS
  D:00D0H         SYMBOL        PSW
  B:00B8H.1       SYMBOL        PT0
  B:00B8H.3       SYMBOL        PT1
  B:00B8H.0       SYMBOL        PX0
  B:00B8H.2       SYMBOL        PX1
  B:0098H.2       SYMBOL        RB8
BL51 BANKED LINKER/LOCATER V6.22                                                      10/01/2016  14:26:33  PAGE 16


  B:00B0H.7       SYMBOL        RD
  I:0055H         SYMBOL        RECLEN?048
  I:0056H         SYMBOL        RECTYPE?049
  B:0098H.4       SYMBOL        REN
  B:0098H.0       SYMBOL        RI
  B:00D0H.3       SYMBOL        RS0
  B:00D0H.4       SYMBOL        RS1
  B:00B0H.0       SYMBOL        RXD
  D:0099H         SYMBOL        SBUF
  D:0098H         SYMBOL        SCON
  B:0098H.7       SYMBOL        SM0
  B:0098H.6       SYMBOL        SM1
  B:0098H.5       SYMBOL        SM2
  D:0081H         SYMBOL        SP
  I:0059H         SYMBOL        STATE?051
  B:00B0H.4       SYMBOL        T0
  B:00B0H.5       SYMBOL        T1
  B:0098H.3       SYMBOL        TB8
  D:0088H         SYMBOL        TCON
  I:0051H         SYMBOL        TEMP?045
  B:0088H.5       SYMBOL        TF0
  B:0088H.7       SYMBOL        TF1
  D:008CH         SYMBOL        TH0
  D:008DH         SYMBOL        TH1
  B:0098H.1       SYMBOL        TI
  D:008AH         SYMBOL        TL0
  D:008BH         SYMBOL        TL1
  D:0089H         SYMBOL        TMOD
  B:0088H.4       SYMBOL        TR0
  B:0088H.6       SYMBOL        TR1
  B:00B0H.1       SYMBOL        TXD
  B:00B0H.6       SYMBOL        WR
  C:0036H         LINE#         333
  C:0038H         LINE#         334
  C:003AH         LINE#         350
  C:003BH         LINE#         351
  C:003DH         LINE#         352
  C:003EH         LINE#         353
  C:003FH         LINE#         354
  C:0040H         LINE#         357
  C:0042H         LINE#         358
  C:0043H         LINE#         361
  C:0044H         LINE#         362
  C:0045H         LINE#         365
  C:0047H         LINE#         366
  C:0048H         LINE#         367
  C:0049H         LINE#         368
  C:004AH         LINE#         371
  C:004CH         LINE#         372
  C:004DH         LINE#         375
  C:004FH         LINE#         376
  C:0050H         LINE#         377
  C:0051H         LINE#         378
  C:0052H         LINE#         382
  C:0054H         LINE#         383
  C:0055H         LINE#         384
  C:0056H         LINE#         385
BL51 BANKED LINKER/LOCATER V6.22                                                      10/01/2016  14:26:33  PAGE 17


  C:0057H         LINE#         387
  C:0059H         LINE#         388
  C:005AH         LINE#         389
  C:005BH         LINE#         390
  C:005CH         LINE#         391
  C:005DH         LINE#         392
  C:005EH         LINE#         393
  C:005FH         LINE#         394
  C:0061H         LINE#         395
  C:0062H         LINE#         396
  C:0064H         LINE#         397
  C:0066H         LINE#         402
  C:0068H         LINE#         403
  C:0069H         LINE#         404
  C:006BH         LINE#         405
  C:006CH         LINE#         406
  C:006DH         LINE#         407
  C:006EH         LINE#         408
  C:006FH         LINE#         409
  C:0070H         LINE#         410
  C:0071H         LINE#         413
  C:0073H         LINE#         414
  C:0074H         LINE#         415
  C:0075H         LINE#         416
  C:0076H         LINE#         417
  C:0078H         LINE#         418
  C:0079H         LINE#         420
  C:007BH         LINE#         424
  C:007CH         LINE#         425
  C:007EH         LINE#         426
  C:007FH         LINE#         427
  C:0080H         LINE#         428
  C:0081H         LINE#         430
  C:0083H         LINE#         431
  C:0084H         LINE#         432
  C:0085H         LINE#         433
  C:0086H         LINE#         434
  C:0087H         LINE#         435
  C:0088H         LINE#         436
  C:0089H         LINE#         437
  C:008BH         LINE#         438
  C:008CH         LINE#         439
  C:008EH         LINE#         440
  C:0090H         LINE#         445
  C:0092H         LINE#         446
  C:0093H         LINE#         447
  C:0095H         LINE#         448
  C:0096H         LINE#         449
  C:0097H         LINE#         450
  C:0098H         LINE#         451
  C:0099H         LINE#         452
  C:009AH         LINE#         453
  C:009BH         LINE#         456
  C:009DH         LINE#         457
  C:009EH         LINE#         458
  C:009FH         LINE#         459
  C:00A0H         LINE#         460
BL51 BANKED LINKER/LOCATER V6.22                                                      10/01/2016  14:26:33  PAGE 18


  C:00A2H         LINE#         461
  C:00A3H         LINE#         463
  C:00A5H         LINE#         468
  C:00A7H         LINE#         469
  C:00A9H         LINE#         470
  C:00ABH         LINE#         471
  C:00AEH         LINE#         491
  C:00B0H         LINE#         492
  C:00B1H         LINE#         493
  C:00B2H         LINE#         494
  C:00B3H         LINE#         495
  C:00B4H         LINE#         496
  C:00B5H         LINE#         497
  C:00B6H         LINE#         498
  C:00B8H         LINE#         499
  C:00BBH         LINE#         500
  C:00BCH         LINE#         501
  C:00EAH         LINE#         540
  C:00EDH         LINE#         541
  C:00EFH         LINE#         542
  C:00F0H         LINE#         543
  C:00F1H         LINE#         546
  C:00F4H         LINE#         553
  C:00F7H         LINE#         559
  C:00F9H         LINE#         560
  C:00FAH         LINE#         561
  C:00FBH         LINE#         562
  C:00FEH         LINE#         567
  C:00FFH         LINE#         568
  C:0101H         LINE#         569
  C:0102H         LINE#         572
  C:0104H         LINE#         573
  C:0105H         LINE#         574
  C:0106H         LINE#         575
  C:0108H         LINE#         578
  C:010AH         LINE#         579
  C:010BH         LINE#         580
  C:010CH         LINE#         581
  C:010DH         LINE#         582
  C:010EH         LINE#         583
  C:0110H         LINE#         584
  C:0111H         LINE#         591
  C:0114H         LINE#         597
  C:0117H         LINE#         598
  C:0119H         LINE#         599
  C:011CH         LINE#         600
  C:011EH         LINE#         601
  C:011FH         LINE#         602
  C:0121H         LINE#         603
  C:0123H         LINE#         604
  C:0126H         LINE#         607
  C:0128H         LINE#         608
  C:012AH         LINE#         609
  C:012BH         LINE#         610
  C:012CH         LINE#         611
  C:012EH         LINE#         612
  C:012FH         LINE#         613
BL51 BANKED LINKER/LOCATER V6.22                                                      10/01/2016  14:26:33  PAGE 19


  C:0130H         LINE#         614
  C:0131H         LINE#         615
  C:0132H         LINE#         616
  C:0133H         LINE#         617
  C:0135H         LINE#         618
  C:0137H         LINE#         619
  C:0138H         LINE#         620
  C:013AH         LINE#         621
  C:013BH         LINE#         622
  C:013DH         LINE#         626
  C:0140H         LINE#         633
  C:0143H         LINE#         634
  C:0145H         LINE#         635
  C:0147H         LINE#         636
  C:0148H         LINE#         637
  C:0149H         LINE#         638
  C:014AH         LINE#         639
  C:014BH         LINE#         640
  C:014CH         LINE#         643
  C:014EH         LINE#         648
  C:0150H         LINE#         649
  C:0151H         LINE#         650
  C:0152H         LINE#         651
  C:0153H         LINE#         654
  C:0155H         LINE#         655
  C:0157H         LINE#         656
  C:0158H         LINE#         657
  C:015AH         LINE#         663
  C:015DH         LINE#         675
  C:0160H         LINE#         676
  C:0162H         LINE#         677
  C:0164H         LINE#         678
  C:0165H         LINE#         679
  C:0166H         LINE#         680
  C:0167H         LINE#         681
  C:0168H         LINE#         682
  C:0169H         LINE#         685
  C:016BH         LINE#         686
  C:016CH         LINE#         687
  C:016DH         LINE#         688
  C:016FH         LINE#         689
  C:0171H         LINE#         690
  C:0172H         LINE#         691
  C:0174H         LINE#         694
  C:0175H         LINE#         695
  C:0177H         LINE#         703
  C:017AH         LINE#         709
  C:017DH         LINE#         710
  C:017FH         LINE#         711
  C:0181H         LINE#         712
  C:0182H         LINE#         713
  C:0183H         LINE#         714
  C:0184H         LINE#         715
  C:0185H         LINE#         716
  C:0186H         LINE#         719
  C:0188H         LINE#         726
  C:018AH         LINE#         732
BL51 BANKED LINKER/LOCATER V6.22                                                      10/01/2016  14:26:33  PAGE 20


  C:018CH         LINE#         733
  C:018DH         LINE#         734
  C:018FH         LINE#         735
  C:0190H         LINE#         736
  C:0191H         LINE#         737
  C:0192H         LINE#         738
  C:0193H         LINE#         739
  C:0194H         LINE#         740
  C:0195H         LINE#         743
  C:0197H         LINE#         744
  C:0198H         LINE#         745
  C:0199H         LINE#         746
  C:019AH         LINE#         747
  C:019BH         LINE#         748
  C:019DH         LINE#         749
  C:019EH         LINE#         750
  C:019FH         LINE#         751
  C:01A0H         LINE#         752
  C:01A1H         LINE#         753
  C:01A2H         LINE#         754
  C:01A3H         LINE#         755
  C:01A4H         LINE#         758
  C:01A6H         LINE#         759
  C:01A8H         LINE#         760
  C:01A9H         LINE#         761
  C:01AAH         LINE#         762
  C:01ABH         LINE#         763
  C:01ACH         LINE#         764
  C:01ADH         LINE#         767
  C:01AEH         LINE#         768
  C:01AFH         LINE#         769
  C:01B0H         LINE#         770
  C:01B1H         LINE#         771
  C:01B2H         LINE#         772
  C:01B3H         LINE#         775
  C:01B5H         LINE#         776
  C:01B7H         LINE#         777
  C:01B8H         LINE#         778
  C:01BAH         LINE#         785
  C:01BDH         LINE#         792
  C:01BFH         LINE#         793
  C:01C2H         LINE#         794
  C:01C4H         LINE#         795
  C:01C6H         LINE#         796
  C:01C7H         LINE#         797
  C:01C8H         LINE#         798
  C:01C9H         LINE#         799
  C:01CAH         LINE#         800
  C:01CBH         LINE#         803
  C:01CDH         LINE#         809
  C:01CEH         LINE#         812
  C:01D1H         LINE#         818
  C:01D3H         LINE#         819
  C:01D4H         LINE#         820
  C:01D5H         LINE#         821
  C:01D6H         LINE#         822
  C:01D8H         LINE#         823
BL51 BANKED LINKER/LOCATER V6.22                                                      10/01/2016  14:26:33  PAGE 21


  C:01DAH         LINE#         830
  C:01DDH         LINE#         842
  C:01DEH         LINE#         843
  C:01E0H         LINE#         844
  C:01E2H         LINE#         845
  C:01E3H         LINE#         846
  C:01E4H         LINE#         847
  C:01E5H         LINE#         848
  C:01E6H         LINE#         849
  C:01E7H         LINE#         852
  C:01E8H         LINE#         853
  C:01EAH         LINE#         859
  C:01EDH         LINE#         867
  C:01F0H         LINE#         868
  C:01F2H         LINE#         869
  C:01F4H         LINE#         870
  C:01F5H         LINE#         871
  C:01F7H         LINE#         874
  C:01F9H         LINE#         875
  C:01FAH         LINE#         878
  C:01FCH         LINE#         879
  C:01FDH         LINE#         880
  C:01FEH         LINE#         881
  C:01FFH         LINE#         882
  C:0200H         LINE#         883
  C:0201H         LINE#         884
  C:0202H         LINE#         885
  C:0205H         LINE#         886
  C:0206H         LINE#         887
  C:0207H         LINE#         888
  C:020AH         LINE#         889
  C:020BH         LINE#         890
  C:020CH         LINE#         891
  C:020EH         LINE#         894
  C:020FH         LINE#         895
  C:0210H         LINE#         896
  C:0211H         LINE#         897
  C:0212H         LINE#         898
  C:0213H         LINE#         904
  C:0215H         LINE#         905
  C:0218H         LINE#         906
  C:021AH         LINE#         907
  C:021CH         LINE#         908
  C:021DH         LINE#         909
  C:021EH         LINE#         910
  C:021FH         LINE#         911
  C:0220H         LINE#         912
  C:0221H         LINE#         915
  C:0223H         LINE#         916
  C:0224H         LINE#         917
  C:0225H         LINE#         918
  C:0226H         LINE#         919
  C:0228H         LINE#         920
  C:0229H         LINE#         924
  C:022AH         LINE#         925
  C:022BH         LINE#         926
  C:022DH         LINE#         931
BL51 BANKED LINKER/LOCATER V6.22                                                      10/01/2016  14:26:33  PAGE 22


  C:022EH         LINE#         932
  C:0230H         LINE#         933
  C:0231H         LINE#         934
  C:0233H         LINE#         935
  C:0234H         LINE#         936
  C:0235H         LINE#         937
  C:0237H         LINE#         938
  C:0239H         LINE#         943
  C:023BH         LINE#         945
  C:023EH         LINE#         949
  C:023FH         LINE#         950
  C:0241H         LINE#         951
  C:0242H         LINE#         952
  C:0243H         LINE#         953
  C:0244H         LINE#         959
  C:0246H         LINE#         960
  C:0247H         LINE#         961
  C:0248H         LINE#         962
  C:0249H         LINE#         963
  C:024BH         LINE#         964
  C:024CH         LINE#         968
  C:024EH         LINE#         969
  C:0250H         LINE#         970
  C:0251H         LINE#         971
  C:0252H         LINE#         972
  C:0254H         LINE#         973
  C:0255H         LINE#         974
  C:0256H         LINE#         975
  C:0257H         LINE#         976
  C:0258H         LINE#         977
  C:0259H         LINE#         978
  C:025BH         LINE#         979
  C:025DH         LINE#         982
  C:025FH         LINE#         989
  C:0261H         LINE#         990
  C:0263H         LINE#         991
  C:0265H         LINE#         992
  C:0268H         LINE#         995
  C:026AH         LINE#         996
  C:026CH         LINE#         997
  C:026DH         LINE#         998
  C:026EH         LINE#         999
  C:0270H         LINE#         1000
  C:0271H         LINE#         1001
  C:0272H         LINE#         1002
  C:0273H         LINE#         1003
  C:0274H         LINE#         1004
  C:0275H         LINE#         1005
  C:0277H         LINE#         1006
  C:0279H         LINE#         1008
  C:027AH         LINE#         1009
  C:027CH         LINE#         1010
  C:027DH         LINE#         1011
  C:027FH         LINE#         1017
  C:0281H         LINE#         1018
  C:0282H         LINE#         1019
  C:0284H         LINE#         1020
BL51 BANKED LINKER/LOCATER V6.22                                                      10/01/2016  14:26:33  PAGE 23


  C:0287H         LINE#         1023
  C:0289H         LINE#         1024
  C:028AH         LINE#         1027
  C:028DH         LINE#         1033
  C:0290H         LINE#         1034
  C:0292H         LINE#         1035
  C:0294H         LINE#         1036
  C:0295H         LINE#         1037
  C:0296H         LINE#         1038
  C:0297H         LINE#         1039
  C:0298H         LINE#         1040
  C:0299H         LINE#         1043
  C:029BH         LINE#         1044
  C:029DH         LINE#         1045
  C:029EH         LINE#         1046
  C:02A0H         LINE#         1049
  C:02A2H         LINE#         1050
  C:02A4H         LINE#         1051
  C:02A5H         LINE#         1052
  C:02A6H         LINE#         1053
  C:02A8H         LINE#         1054
  C:02A9H         LINE#         1055
  C:02AAH         LINE#         1056
  C:02ABH         LINE#         1057
  C:02ACH         LINE#         1058
  C:02ADH         LINE#         1059
  C:02AFH         LINE#         1060
  C:02B1H         LINE#         1061
  C:02B2H         LINE#         1062
  C:02B4H         LINE#         1063
  C:02B5H         LINE#         1064
  C:02B7H         LINE#         1072
  C:02B9H         LINE#         1073
  C:02BBH         LINE#         1076
  C:02BEH         LINE#         1086
  C:02C0H         LINE#         1094
  C:02C2H         LINE#         1095
  C:02C4H         LINE#         1096
  C:02C5H         LINE#         1097
  C:02C7H         LINE#         1100
  C:02CAH         LINE#         1107
  C:02CCH         LINE#         1108
  C:02CDH         LINE#         1109
  C:02CEH         LINE#         1110
  C:02CFH         LINE#         1111
  C:02D1H         LINE#         1116
  C:02D3H         LINE#         1117
  C:02D4H         LINE#         1118
  C:02D5H         LINE#         1119
  C:02D6H         LINE#         1122
  C:02D9H         LINE#         1123
  C:02DBH         LINE#         1124
  C:02DDH         LINE#         1125
  C:02DEH         LINE#         1126
  C:02DFH         LINE#         1127
  C:02E0H         LINE#         1128
  C:02E1H         LINE#         1129
BL51 BANKED LINKER/LOCATER V6.22                                                      10/01/2016  14:26:33  PAGE 24


  C:02E2H         LINE#         1132
  C:02E4H         LINE#         1133
  C:02E5H         LINE#         1136
  C:02E7H         LINE#         1141
  C:02E8H         LINE#         1142
  C:02E9H         LINE#         1143
  C:02EAH         LINE#         1144
  C:02EBH         LINE#         1145
  C:02EDH         LINE#         1146
  C:02EEH         LINE#         1147
  C:02EFH         LINE#         1148
  C:02F1H         LINE#         1151
  C:02F2H         LINE#         1152
  C:02F3H         LINE#         1153
  C:02F4H         LINE#         1154
  C:02F6H         LINE#         1155
  C:02F7H         LINE#         1156
  C:02F8H         LINE#         1157
  C:02F9H         LINE#         1158
  C:02FAH         LINE#         1161
  C:02FCH         LINE#         1166
  C:02FEH         LINE#         1167
  C:0300H         LINE#         1168
  C:0301H         LINE#         1169
  C:0303H         LINE#         1173
  C:0305H         LINE#         1174
  C:0307H         LINE#         1177
  C:030AH         LINE#         1184
  C:030DH         LINE#         1185
  C:030FH         LINE#         1186
  C:0311H         LINE#         1187
  C:0312H         LINE#         1188
  C:0313H         LINE#         1189
  C:0314H         LINE#         1190
  C:0315H         LINE#         1191
  C:0316H         LINE#         1194
  C:0318H         LINE#         1195
  C:0319H         LINE#         1198
  C:031BH         LINE#         1199
  C:031EH         LINE#         1204
  C:031FH         LINE#         1205
  C:0320H         LINE#         1206
  C:0321H         LINE#         1207
  C:0322H         LINE#         1208
  C:0323H         LINE#         1209
  C:0324H         LINE#         1210
  C:0326H         LINE#         1211
  C:0328H         LINE#         1212
  C:032AH         LINE#         1213
  C:032CH         LINE#         1214
  C:032EH         LINE#         1215
  C:032FH         LINE#         1216
  C:0330H         LINE#         1217
  C:0331H         LINE#         1218
  C:0332H         LINE#         1219
  C:0333H         LINE#         1220
  C:0334H         LINE#         1221
BL51 BANKED LINKER/LOCATER V6.22                                                      10/01/2016  14:26:33  PAGE 25


  C:0336H         LINE#         1222
  C:0339H         LINE#         1223
  C:033BH         LINE#         1224
  C:033CH         LINE#         1225
  C:033DH         LINE#         1226
  C:033EH         LINE#         1227
  C:033FH         LINE#         1228
  C:0340H         LINE#         1231
  C:0341H         LINE#         1232
  C:0343H         LINE#         1233
  C:0344H         LINE#         1234
  C:0346H         LINE#         1235
  C:0348H         LINE#         1236
  C:0349H         LINE#         1237
  C:034AH         LINE#         1238
  C:034CH         LINE#         1239
  C:034DH         LINE#         1240
  C:034EH         LINE#         1241
  C:0350H         LINE#         1242
  C:0352H         LINE#         1245
  C:0353H         LINE#         1246
  C:0355H         LINE#         1247
  C:0356H         LINE#         1248
  C:0357H         LINE#         1249
  C:0358H         LINE#         1250
  C:035AH         LINE#         1251
  C:035BH         LINE#         1252
  C:035CH         LINE#         1253
  C:035EH         LINE#         1260
  C:0360H         LINE#         1261
  C:0362H         LINE#         1262
  C:0363H         LINE#         1263
  C:0364H         LINE#         1264
  C:0366H         LINE#         1265
  C:0367H         LINE#         1266
  C:0368H         LINE#         1267
  C:0369H         LINE#         1268
  C:036AH         LINE#         1269
  C:036BH         LINE#         1270
  C:036DH         LINE#         1271
  C:036FH         LINE#         1272
  C:0370H         LINE#         1273
  C:0372H         LINE#         1274
  C:0373H         LINE#         1275
  C:0375H         LINE#         1278
  C:0377H         LINE#         1279
  C:0379H         LINE#         1280
  C:037AH         LINE#         1281
  C:037CH         LINE#         1288
  C:037EH         LINE#         1289
  C:037FH         LINE#         1290
  C:0380H         LINE#         1291
  C:0381H         LINE#         1292
  C:0382H         LINE#         1293
  C:0384H         LINE#         1295
  C:0385H         LINE#         1296
  C:0386H         LINE#         1297
BL51 BANKED LINKER/LOCATER V6.22                                                      10/01/2016  14:26:33  PAGE 26


  C:0387H         LINE#         1298
  C:0388H         LINE#         1299
  C:0389H         LINE#         1300
  C:038BH         LINE#         1301
  C:038CH         LINE#         1302
  C:038EH         LINE#         1303
  C:038FH         LINE#         1304
  C:0390H         LINE#         1305
  C:0391H         LINE#         1306
  C:0392H         LINE#         1307
  C:0393H         LINE#         1310
  C:0395H         LINE#         1311
  C:0397H         LINE#         1312
  C:0398H         LINE#         1313
  C:0399H         LINE#         1320
  C:039BH         LINE#         1321
  C:039DH         LINE#         1323
  C:039EH         LINE#         1324
  C:03A0H         LINE#         1327
  C:03A3H         LINE#         1333
  C:03A5H         LINE#         1335
  C:03A7H         LINE#         1336
  C:03A8H         LINE#         1337
  C:03AAH         LINE#         1342
  C:03ADH         LINE#         1357
  C:03B0H         LINE#         1358
  C:03B2H         LINE#         1359
  C:03B4H         LINE#         1360
  C:03B5H         LINE#         1361
  C:03B6H         LINE#         1362
  C:03B7H         LINE#         1363
  C:03B8H         LINE#         1364
  C:03B9H         LINE#         1367
  C:03BBH         LINE#         1368
  C:03BDH         LINE#         1369
  C:03BEH         LINE#         1370
  C:03C0H         LINE#         1371
  C:03C2H         LINE#         1372
  C:03C3H         LINE#         1373
  C:03C5H         LINE#         1378
  C:03C7H         LINE#         1379
  C:03C9H         LINE#         1380
  C:03CAH         LINE#         1381
  C:03CBH         LINE#         1382
  C:03CDH         LINE#         1383
  C:03CEH         LINE#         1384
  C:03CFH         LINE#         1385
  C:03D0H         LINE#         1386
  C:03D1H         LINE#         1387
  C:03D2H         LINE#         1388
  C:03D4H         LINE#         1389
  C:03D6H         LINE#         1390
  C:03D7H         LINE#         1391
  C:03D9H         LINE#         1392
  C:03DAH         LINE#         1393
  C:03DCH         LINE#         1396
  C:03DDH         LINE#         1397
BL51 BANKED LINKER/LOCATER V6.22                                                      10/01/2016  14:26:33  PAGE 27


  C:03DFH         LINE#         1404
  C:03E1H         LINE#         1413
  C:03E3H         LINE#         1414
  C:03E5H         LINE#         1415
  C:03E6H         LINE#         1416
  C:03E7H         LINE#         1417
  C:03E9H         LINE#         1418
  C:03EAH         LINE#         1419
  C:03EBH         LINE#         1420
  C:03ECH         LINE#         1421
  C:03EDH         LINE#         1422
  C:03EEH         LINE#         1423
  C:03F0H         LINE#         1424
  C:03F2H         LINE#         1425
  C:03F3H         LINE#         1426
  C:03F5H         LINE#         1427
  C:03F6H         LINE#         1428
  C:03F8H         LINE#         1437
  C:03F9H         LINE#         1438
  C:03FBH         LINE#         1442
  C:03FDH         LINE#         1449
  C:03FFH         LINE#         1450
  C:0400H         LINE#         1451
  C:0401H         LINE#         1452
  C:0402H         LINE#         1453
  C:0403H         LINE#         1454
  C:0404H         LINE#         1455
  C:0406H         LINE#         1456
  C:0407H         LINE#         1457
  C:0409H         LINE#         1462
  C:040AH         LINE#         1463
  C:040BH         LINE#         1465
  C:040CH         LINE#         1466
  C:040EH         LINE#         1469
  C:0411H         LINE#         1475
  C:0412H         LINE#         1476
  C:0414H         LINE#         1477
  C:0415H         LINE#         1478
  C:0417H         LINE#         1483
  C:0419H         LINE#         1487
  C:041BH         LINE#         1491
  C:041CH         LINE#         1492
  C:041EH         LINE#         1493
  C:041FH         LINE#         1494
  C:0421H         LINE#         1495
  C:0424H         LINE#         1500
  C:0426H         LINE#         1501
  C:0427H         LINE#         1504
  C:0429H         LINE#         1505
  C:042AH         LINE#         1507
  C:042BH         LINE#         1508
  C:042DH         LINE#         1513
  C:0430H         LINE#         1524
  C:0432H         LINE#         1525
  C:0434H         LINE#         1526
  C:0435H         LINE#         1527
  C:0436H         LINE#         1528
BL51 BANKED LINKER/LOCATER V6.22                                                      10/01/2016  14:26:33  PAGE 28


  C:0438H         LINE#         1529
  C:0439H         LINE#         1530
  C:043AH         LINE#         1531
  C:043BH         LINE#         1532
  C:043CH         LINE#         1533
  C:043DH         LINE#         1534
  C:043FH         LINE#         1535
  C:0441H         LINE#         1536
  C:0442H         LINE#         1537
  C:0444H         LINE#         1538
  C:0445H         LINE#         1539
  C:0447H         LINE#         1542
  C:0448H         LINE#         1543
  C:044AH         LINE#         1545
  C:044BH         LINE#         1546
  C:044CH         LINE#         1547
  C:044DH         LINE#         1550
  C:0450H         LINE#         1557
  C:0452H         LINE#         1558
  C:0454H         LINE#         1559
  C:0456H         LINE#         1560
  C:0459H         LINE#         1563
  C:045BH         LINE#         1564
  C:045DH         LINE#         1565
  C:045FH         LINE#         1566
  C:0461H         LINE#         1567
  C:0463H         LINE#         1568
  C:0464H         LINE#         1569
  C:0465H         LINE#         1570
  C:0467H         LINE#         1571
  C:0468H         LINE#         1572
  C:0469H         LINE#         1573
  C:046BH         LINE#         1574
  C:046EH         LINE#         1577
  C:0470H         LINE#         1578
  C:0472H         LINE#         1579
  C:0474H         LINE#         1580
  C:0476H         LINE#         1581
  C:0477H         LINE#         1582
  C:0479H         LINE#         1583
  C:047AH         LINE#         1584
  C:047BH         LINE#         1585
  C:047DH         LINE#         1586
  C:0480H         LINE#         1589
  C:0482H         LINE#         1590
  C:0484H         LINE#         1591
  C:0486H         LINE#         1592
  C:0488H         LINE#         1593
  C:0489H         LINE#         1594
  C:048BH         LINE#         1595
  C:048CH         LINE#         1596
  C:048DH         LINE#         1597
  C:048FH         LINE#         1598
  C:0492H         LINE#         1601
  C:0494H         LINE#         1602
  C:0496H         LINE#         1603
  C:0498H         LINE#         1604
BL51 BANKED LINKER/LOCATER V6.22                                                      10/01/2016  14:26:33  PAGE 29


  C:049AH         LINE#         1605
  C:049CH         LINE#         1606
  C:049DH         LINE#         1607
  C:049EH         LINE#         1608
  C:04A0H         LINE#         1609
  C:04A1H         LINE#         1610
  C:04A2H         LINE#         1611
  C:04A4H         LINE#         1612
  C:04A7H         LINE#         1615
  C:04A9H         LINE#         1616
  C:04ABH         LINE#         1617
  C:04ADH         LINE#         1618
  C:04AFH         LINE#         1619
  C:04B1H         LINE#         1620
  C:04B2H         LINE#         1621
  C:04B3H         LINE#         1622
  C:04B5H         LINE#         1623
  C:04B6H         LINE#         1624
  C:04B7H         LINE#         1625
  C:04B9H         LINE#         1626
  C:04BCH         LINE#         1629
  C:04BEH         LINE#         1630
  C:04C0H         LINE#         1631
  C:04C2H         LINE#         1632
  C:04C4H         LINE#         1633
  C:04C6H         LINE#         1634
  C:04C7H         LINE#         1635
  C:04C8H         LINE#         1636
  C:04CAH         LINE#         1637
  C:04CBH         LINE#         1638
  C:04CCH         LINE#         1639
  C:04CEH         LINE#         1640
  C:04D1H         LINE#         1643
  C:04D3H         LINE#         1644
  C:04D5H         LINE#         1645
  C:04D7H         LINE#         1646
  C:04D9H         LINE#         1647
  C:04DBH         LINE#         1648
  C:04DCH         LINE#         1649
  C:04DDH         LINE#         1650
  C:04DFH         LINE#         1651
  C:04E0H         LINE#         1652
  C:04E1H         LINE#         1653
  C:04E3H         LINE#         1654
  C:04E6H         LINE#         1658
  C:04E8H         LINE#         1659
  C:04EAH         LINE#         1660
  C:04EBH         LINE#         1661
  C:04EDH         LINE#         1673
  C:04EFH         LINE#         1674
  C:04F0H         LINE#         1675
  C:04F2H         LINE#         1676
  C:04F3H         LINE#         1677
  C:04F4H         LINE#         1678
  C:04F6H         LINE#         1679
  C:04F9H         LINE#         1682
  C:18B8H         LINE#         1711
BL51 BANKED LINKER/LOCATER V6.22                                                      10/01/2016  14:26:33  PAGE 30


  C:18BAH         LINE#         1713
  C:18BCH         LINE#         1714
  C:18BEH         LINE#         1718
  C:18C0H         LINE#         1719
  C:18C2H         LINE#         1720
  C:18C4H         LINE#         1729
  C:18C5H         LINE#         1730
  C:18C7H         LINE#         1731
  C:18C8H         LINE#         1734
  C:18CAH         LINE#         1735
  C:18CBH         LINE#         1746
  C:18CDH         LINE#         1747
  C:18CFH         LINE#         1748
  C:18D2H         LINE#         1749
  C:18D4H         LINE#         1750
  C:18D5H         LINE#         1751
  C:18D6H         LINE#         1754
  C:18D8H         LINE#         1755
  C:18DAH         LINE#         1756
  C:18DCH         LINE#         1757
  C:18DEH         LINE#         1765
  C:18E0H         LINE#         1766
  C:18E1H         LINE#         1767
  C:18E3H         LINE#         1772
  C:18E5H         LINE#         1773
  C:18E6H         LINE#         1774
  C:18E7H         LINE#         1775
  C:18E9H         LINE#         1776
  C:18EAH         LINE#         1777
  C:18EBH         LINE#         1780
  C:18EDH         LINE#         1781
  C:18EEH         LINE#         1784
  C:18F0H         LINE#         1793
  C:18F2H         LINE#         1794
  C:18F3H         LINE#         1795
  C:18F5H         LINE#         1796
  C:18F6H         LINE#         1797
  C:18F7H         LINE#         1800
  C:18F8H         LINE#         1801
  C:18F9H         LINE#         1802
  C:18FBH         LINE#         1803
  C:18FCH         LINE#         1806
  C:18FEH         LINE#         1807
  C:18FFH         LINE#         1808
  C:1900H         LINE#         1809
  C:1901H         LINE#         1815
  C:1903H         LINE#         1829
  C:1905H         LINE#         1830
  C:1906H         LINE#         1831
  C:1907H         LINE#         1839
  C:1701H         LINE#         1858
  C:1703H         LINE#         1859
  C:1705H         LINE#         1866
  C:1707H         LINE#         1867
  C:1708H         LINE#         1868
  C:1709H         LINE#         1871
  C:170BH         LINE#         1872
BL51 BANKED LINKER/LOCATER V6.22                                                      10/01/2016  14:26:33  PAGE 31


  C:170CH         LINE#         1875
  C:170DH         LINE#         1876
  C:170EH         LINE#         1879
  C:1711H         LINE#         1880
  C:1713H         LINE#         1881
  C:1715H         LINE#         1887
  C:1716H         LINE#         1888
  C:1717H         LINE#         1889
  C:1719H         LINE#         1890
  C:171BH         LINE#         1891
  C:171DH         LINE#         1892
  C:171FH         LINE#         1900
  C:1721H         LINE#         1901
  C:1723H         LINE#         1904
  C:1725H         LINE#         1910
  C:1727H         LINE#         1911
  C:1728H         LINE#         1912
  C:1729H         LINE#         1913
  C:172AH         LINE#         1914
  C:172BH         LINE#         1915
  C:172DH         LINE#         1916
  C:172EH         LINE#         1920
  C:1730H         LINE#         1921
  C:1732H         LINE#         1924
  C:1734H         LINE#         1930
  C:1737H         LINE#         1931
  C:1739H         LINE#         1936
  C:173BH         LINE#         1937
  C:173EH         LINE#         1938
  C:1740H         LINE#         1939
  C:1742H         LINE#         1942
  C:1743H         LINE#         1943
  C:1745H         LINE#         1944
  C:1746H         LINE#         1947
  C:1748H         LINE#         1951
  C:174AH         LINE#         1952
  C:174BH         LINE#         1953
  C:174EH         LINE#         1956
  C:174FH         LINE#         1957
  C:1751H         LINE#         1958
  C:1753H         LINE#         1965
  C:1755H         LINE#         1966
  C:1757H         LINE#         1967
  C:1758H         LINE#         1968
  C:1759H         LINE#         1969
  C:175BH         LINE#         1970
  C:175CH         LINE#         1971
  C:175DH         LINE#         1972
  C:175EH         LINE#         1973
  C:175FH         LINE#         1974
  C:1760H         LINE#         1975
  C:1762H         LINE#         1976
  C:1764H         LINE#         1977
  C:1765H         LINE#         1978
  C:1767H         LINE#         1979
  C:1768H         LINE#         1980
  C:176AH         LINE#         1983
BL51 BANKED LINKER/LOCATER V6.22                                                      10/01/2016  14:26:33  PAGE 32


  C:176CH         LINE#         1984
  C:176EH         LINE#         1994
  C:1770H         LINE#         1995
  C:1771H         LINE#         1996
  C:1772H         LINE#         2000
  C:1ABEH         LINE#         2054
  C:1AC0H         LINE#         2060
  C:1AC1H         LINE#         2061
  C:1AC2H         LINE#         2062
  C:1AC5H         LINE#         2063
  C:1AC7H         LINE#         2064
  C:1AC8H         LINE#         2065
  C:1AC9H         LINE#         2068
  C:1ACAH         LINE#         2069
  C:1ACCH         LINE#         2070
  C:1ACEH         LINE#         2073
  C:1AD0H         LINE#         2074
  C:1AD1H         LINE#         2075
  C:1AD2H         LINE#         2076
  C:1AD4H         LINE#         2081
  C:1AD6H         LINE#         2082
  C:1AD8H         LINE#         2083
  C:1AD9H         LINE#         2084
  C:1ADAH         LINE#         2088
  C:1ADCH         LINE#         2089
  C:1ADDH         LINE#         2090
  C:1ADEH         LINE#         2094
  C:1B63H         LINE#         2115
  C:1B65H         LINE#         2116
  C:1B67H         LINE#         2137
  C:1B69H         LINE#         2138
  C:1B6AH         LINE#         2139
  C:1B6BH         LINE#         2142
  C:1B6CH         LINE#         2143
  C:1B6DH         LINE#         2144
  C:1B6FH         LINE#         2147
  C:1B71H         LINE#         2148
  C:1B72H         LINE#         2153
  C:1B74H         LINE#         2158
  -------         ENDMOD        HEX_FILE_HDL

  -------         MODULE        SPIFLASH
  C:13BCH         SEGMENT       ?PR?LOAD_SFLASH2CRAM?SPIFLASH
  C:14AEH         SEGMENT       ?PR?_DUMP_CODE?SPIFLASH
  C:11A2H         SEGMENT       ?PR?DUMP_BACKUPCODE?SPIFLASH
  C:1773H         SEGMENT       ?PR?_SWUTIL_SWAPENDIAN?SPIFLASH
  D:0015H         SEGMENT       ?DT?_SWUTIL_SWAPENDIAN?SPIFLASH
  C:19F4H         SEGMENT       ?PR?_MEMUTIL_CLEARERAM?SPIFLASH
  C:0B1DH         SEGMENT       ?PR?DOWNLOAD_UART2SFLASH?SPIFLASH
  C:0F50H         SEGMENT       ?PR?SPIFLASH_BACKUPCODEIMAGE?SPIFLASH
  C:1079H         SEGMENT       ?PR?SPIFLASH_RESTORECODEIMAGE?SPIFLASH
  C:0856H         SEGMENT       ?CO?SPIFLASH
  I:004BH         SEGMENT       ?ID?LOAD_SFLASH2CRAM?SPIFLASH
  I:004BH         SEGMENT       ?ID?_DUMP_CODE?SPIFLASH
  I:004BH         SEGMENT       ?ID?DUMP_BACKUPCODE?SPIFLASH
  I:004BH         SEGMENT       ?ID?DOWNLOAD_UART2SFLASH?SPIFLASH
  I:004BH         SEGMENT       ?ID?SPIFLASH_BACKUPCODEIMAGE?SPIFLASH
BL51 BANKED LINKER/LOCATER V6.22                                                      10/01/2016  14:26:33  PAGE 33


  I:004BH         SEGMENT       ?ID?SPIFLASH_RESTORECODEIMAGE?SPIFLASH
  C:0B1DH         PUBLIC        DOWNLOAD_UART2SFLASH
  C:11A2H         PUBLIC        DUMP_BACKUPCODE
  C:13BCH         PUBLIC        LOAD_SFLASH2CRAM
  C:0F50H         PUBLIC        SPIFLASH_BACKUPCODEIMAGE
  C:1079H         PUBLIC        SPIFLASH_RESTORECODEIMAGE
  C:14AEH         PUBLIC        _DUMP_CODE
  C:19F4H         PUBLIC        _MEMUTIL_CLEARERAM
  C:1773H         PUBLIC        _SWUTIL_SWAPENDIAN
  C:13DCH         SYMBOL        ?C0001
  C:1429H         SYMBOL        ?C0002
  C:1419H         SYMBOL        ?C0003
  C:1433H         SYMBOL        ?C0005
  C:149BH         SYMBOL        ?C0006
  C:1496H         SYMBOL        ?C0007
  C:1449H         SYMBOL        ?C0008
  C:1486H         SYMBOL        ?C0010
  C:14ADH         SYMBOL        ?C0012
  C:14BDH         SYMBOL        ?C0013
  C:14C9H         SYMBOL        ?C0014
  C:1517H         SYMBOL        ?C0015
  C:14E1H         SYMBOL        ?C0017
  C:151BH         SYMBOL        ?C0018
  C:1596H         SYMBOL        ?C0019
  C:1591H         SYMBOL        ?C0020
  C:1543H         SYMBOL        ?C0021
  C:155BH         SYMBOL        ?C0024
  C:1599H         SYMBOL        ?C0025
  C:11BBH         SYMBOL        ?C0026
  C:1220H         SYMBOL        ?C0027
  C:11DFH         SYMBOL        ?C0029
  C:1224H         SYMBOL        ?C0030
  C:12B1H         SYMBOL        ?C0032
  C:124AH         SYMBOL        ?C0033
  C:1262H         SYMBOL        ?C0036
  C:12B7H         SYMBOL        ?C0037
  C:17E3H         SYMBOL        ?C0038
  C:1A20H         SYMBOL        ?C0041
  C:0B34H         SYMBOL        ?C0042
  C:0CA5H         SYMBOL        ?C0043
  C:0B4FH         SYMBOL        ?C0044
  C:0B9EH         SYMBOL        ?C0046
  C:0BD2H         SYMBOL        ?C0047
  C:0C81H         SYMBOL        ?C0048
  C:0C37H         SYMBOL        ?C0050
  C:0C46H         SYMBOL        ?C0052
  C:0C94H         SYMBOL        ?C0057
  C:0F80H         SYMBOL        ?C0059
  C:1078H         SYMBOL        ?C0060
  C:0F9CH         SYMBOL        ?C0061
  C:0FFCH         SYMBOL        ?C0063
  C:1068H         SYMBOL        ?C0064
  C:10A9H         SYMBOL        ?C0066
  C:11A1H         SYMBOL        ?C0067
  C:10C5H         SYMBOL        ?C0068
  C:1125H         SYMBOL        ?C0070
  C:1191H         SYMBOL        ?C0071
BL51 BANKED LINKER/LOCATER V6.22                                                      10/01/2016  14:26:33  PAGE 34


  C:13F9H         SYMBOL        ?C0073
  C:1401H         SYMBOL        ?C0074
  C:1421H         SYMBOL        ?C0075
  C:1466H         SYMBOL        ?C0076
  C:146EH         SYMBOL        ?C0077
  C:148EH         SYMBOL        ?C0078
  C:14F9H         SYMBOL        ?C0079
  C:150FH         SYMBOL        ?C0080
  C:1573H         SYMBOL        ?C0081
  C:1589H         SYMBOL        ?C0082
  C:121EH         SYMBOL        ?C0083
  C:126AH         SYMBOL        ?C0084
  C:12A9H         SYMBOL        ?C0085
  C:0BCEH         SYMBOL        ?C0086
  C:0C87H         SYMBOL        ?C0087
  C:0C9AH         SYMBOL        ?C0088
  C:1062H         SYMBOL        ?C0089
  C:118BH         SYMBOL        ?C0090
  C:0C89H         SYMBOL        ?DOWNLOAD_UART2SFLASH?CHECK_NEXT_BANK
  C:0BE5H         SYMBOL        ?DOWNLOAD_UART2SFLASH?CONT_PROGSFLASH
  C:0C9DH         SYMBOL        ?DOWNLOAD_UART2SFLASH?END_SFLASH_PROGRAMMING
  C:0B5EH         SYMBOL        ?DOWNLOAD_UART2SFLASH?PROGRAM_NEXT_BANK
  C:0856H         SYMBOL        ?SC_0
  C:08C0H         SYMBOL        ?SC_106
  C:08D7H         SYMBOL        ?SC_129
  C:08F3H         SYMBOL        ?SC_157
  C:0914H         SYMBOL        ?SC_190
  C:0942H         SYMBOL        ?SC_236
  C:095BH         SYMBOL        ?SC_261
  C:0872H         SYMBOL        ?SC_28
  C:0874H         SYMBOL        ?SC_30
  C:0996H         SYMBOL        ?SC_320
  C:09BFH         SYMBOL        ?SC_361
  C:09DFH         SYMBOL        ?SC_393
  C:09FDH         SYMBOL        ?SC_423
  C:0A21H         SYMBOL        ?SC_459
  C:0A3FH         SYMBOL        ?SC_489
  C:0A61H         SYMBOL        ?SC_523
  C:0A79H         SYMBOL        ?SC_547
  C:088DH         SYMBOL        ?SC_55
  C:0A98H         SYMBOL        ?SC_578
  C:0AB6H         SYMBOL        ?SC_608
  C:0AD2H         SYMBOL        ?SC_636
  C:0AFCH         SYMBOL        ?SC_678
  C:089FH         SYMBOL        ?SC_73
  C:08A8H         SYMBOL        ?SC_82
  C:08AEH         SYMBOL        ?SC_88
  C:0FA8H         SYMBOL        ?SPIFLASH_BACKUPCODEIMAGE?CONT_BKPSFLASH
  C:10D1H         SYMBOL        ?SPIFLASH_RESTORECODEIMAGE?CONT_RESTORECODEIMAGE
  C:19FDH         SYMBOL        ?_MEMUTIL_CLEARERAM?ERASE_RAM
  D:0015H         SYMBOL        ?_SWUTIL_SWAPENDIAN?BYTE
  B:00D0H.6       SYMBOL        AC
  D:00E0H         SYMBOL        ACC
  I:004DH         SYMBOL        ADDR?042
  I:004BH         SYMBOL        ADDR?146
  I:004BH         SYMBOL        ADDR?250
  D:00F0H         SYMBOL        B
BL51 BANKED LINKER/LOCATER V6.22                                                      10/01/2016  14:26:33  PAGE 35


  I:004CH         SYMBOL        BANKS?041
  I:0050H         SYMBOL        BANKS?149
  I:0050H         SYMBOL        BANKS?253
  D:009FH         SYMBOL        BANKSEL
  I:004BH         SYMBOL        C?556
  D:00F4H         SYMBOL        CRLA_H
  D:00F3H         SYMBOL        CRLA_L
  D:00F2H         SYMBOL        CRSA_H
  D:00F1H         SYMBOL        CRSA_L
  B:00D0H.7       SYMBOL        CY
  I:004BH         SYMBOL        DAT1?657
  I:004BH         SYMBOL        DAT1?758
  I:004FH         SYMBOL        DATCNT?043
  I:004BH         SYMBOL        DBYTE?040
  I:004FH         SYMBOL        DBYTE?148
  I:004FH         SYMBOL        DBYTE?252
  D:0083H         SYMBOL        DPH
  D:0082H         SYMBOL        DPL
  B:00A8H.7       SYMBOL        EA
  B:00A8H.4       SYMBOL        ES
  B:00A8H.1       SYMBOL        ET0
  B:00A8H.3       SYMBOL        ET1
  B:00A8H.0       SYMBOL        EX0
[...]
  C:0FD9H         LINE#         1960
  C:0FDCH         LINE#         1961
  C:0FDEH         LINE#         1962
  C:0FE1H         LINE#         1963
  C:0FE2H         LINE#         1964
  C:0FE4H         LINE#         1965
  C:0FE6H         LINE#         1966
  C:0FE9H         LINE#         1967
  C:0FECH         LINE#         1968
  C:0FEDH         LINE#         1969
  C:0FEFH         LINE#         1970
  C:0FF1H         LINE#         1971
  C:0FF4H         LINE#         1974
  C:0FF5H         LINE#         1975
  C:0FF6H         LINE#         1976
  C:0FF9H         LINE#         1979
  C:0FFBH         LINE#         1980
BL51 BANKED LINKER/LOCATER V6.22                                                      10/01/2016  14:26:33  PAGE 51


  C:0FFCH         LINE#         1986
  C:0FFEH         LINE#         1987
  C:1000H         LINE#         1988
  C:1002H         LINE#         1989
  C:1004H         LINE#         1990
  C:1007H         LINE#         1991
  C:100AH         LINE#         1992
  C:100BH         LINE#         1993
  C:100EH         LINE#         1994
  C:1010H         LINE#         1997
  C:1013H         LINE#         1998
  C:1016H         LINE#         1999
  C:1017H         LINE#         2000
  C:1019H         LINE#         2001
  C:101AH         LINE#         2002
  C:101BH         LINE#         2003
  C:101CH         LINE#         2004
  C:101DH         LINE#         2005
  C:101EH         LINE#         2006
  C:101FH         LINE#         2007
  C:1020H         LINE#         2008
  C:1021H         LINE#         2009
  C:1022H         LINE#         2010
  C:1023H         LINE#         2011
  C:1026H         LINE#         2012
  C:1029H         LINE#         2015
  C:102CH         LINE#         2016
  C:102FH         LINE#         2017
  C:1030H         LINE#         2018
  C:1032H         LINE#         2019
  C:1033H         LINE#         2020
  C:1034H         LINE#         2021
  C:1035H         LINE#         2022
  C:1036H         LINE#         2023
  C:1037H         LINE#         2024
  C:1038H         LINE#         2025
  C:1039H         LINE#         2026
  C:103AH         LINE#         2027
  C:103BH         LINE#         2028
  C:103CH         LINE#         2029
  C:103FH         LINE#         2030
  C:1042H         LINE#         2033
  C:1045H         LINE#         2034
  C:1048H         LINE#         2035
  C:1049H         LINE#         2036
  C:104BH         LINE#         2037
  C:104CH         LINE#         2038
  C:104DH         LINE#         2039
  C:104EH         LINE#         2040
  C:104FH         LINE#         2041
  C:1050H         LINE#         2042
  C:1051H         LINE#         2043
  C:1052H         LINE#         2044
  C:1053H         LINE#         2045
  C:1054H         LINE#         2046
  C:1057H         LINE#         2047
  C:1059H         LINE#         2048
BL51 BANKED LINKER/LOCATER V6.22                                                      10/01/2016  14:26:33  PAGE 52


  C:105CH         LINE#         2051
  C:105EH         LINE#         2052
  C:1060H         LINE#         2053
  C:1062H         LINE#         2055
  C:1065H         LINE#         2058
  C:1068H         LINE#         2064
  C:106AH         LINE#         2065
  C:106CH         LINE#         2066
  C:106EH         LINE#         2067
  C:1071H         LINE#         2070
  C:1072H         LINE#         2071
  C:1073H         LINE#         2072
  C:1076H         LINE#         2075
  C:1078H         LINE#         2079
  C:1079H         LINE#         2097
  C:107CH         LINE#         2098
  C:1083H         LINE#         2105
  C:1086H         LINE#         2106
  C:108DH         LINE#         2113
  C:108FH         LINE#         2114
  C:1091H         LINE#         2115
  C:1093H         LINE#         2116
  C:1096H         LINE#         2119
  C:1099H         LINE#         2120
  C:109BH         LINE#         2121
  C:109CH         LINE#         2122
  C:109DH         LINE#         2125
  C:109FH         LINE#         2128
  C:10A1H         LINE#         2131
  C:10A2H         LINE#         2132
  C:10A4H         LINE#         2133
  C:10A6H         LINE#         2136
  C:10A8H         LINE#         2137
  C:10A9H         LINE#         2141
  C:10ABH         LINE#         2142
  C:10ADH         LINE#         2143
  C:10AFH         LINE#         2144
  C:10B2H         LINE#         2147
  C:10B5H         LINE#         2148
  C:10B7H         LINE#         2149
  C:10B8H         LINE#         2150
  C:10B9H         LINE#         2153
  C:10BBH         LINE#         2156
  C:10BDH         LINE#         2159
  C:10BEH         LINE#         2160
  C:10C0H         LINE#         2161
  C:10C2H         LINE#         2164
  C:10C4H         LINE#         2165
  C:10C5H         LINE#         2169
  C:10C8H         LINE#         2172
  C:10CAH         LINE#         2173
  C:10CCH         LINE#         2174
  C:10CEH         LINE#         2177
  C:10D1H         LINE#         2181
  C:10D4H         LINE#         2182
  C:10D7H         LINE#         2183
  C:10DAH         LINE#         2184
BL51 BANKED LINKER/LOCATER V6.22                                                      10/01/2016  14:26:33  PAGE 53


  C:10DCH         LINE#         2185
  C:10DDH         LINE#         2186
  C:10DEH         LINE#         2187
  C:10DFH         LINE#         2190
  C:10E2H         LINE#         2191
  C:10E5H         LINE#         2192
  C:10E7H         LINE#         2193
  C:10EAH         LINE#         2196
  C:10EDH         LINE#         2197
  C:10F0H         LINE#         2198
  C:10F3H         LINE#         2199
  C:10F5H         LINE#         2200
  C:10F6H         LINE#         2201
  C:10F7H         LINE#         2202
  C:10F9H         LINE#         2205
  C:10FBH         LINE#         2206
  C:10FDH         LINE#         2207
  C:10FFH         LINE#         2208
  C:1102H         LINE#         2209
  C:1105H         LINE#         2210
  C:1107H         LINE#         2211
  C:110AH         LINE#         2212
  C:110BH         LINE#         2213
  C:110DH         LINE#         2214
  C:110FH         LINE#         2215
  C:1112H         LINE#         2216
  C:1115H         LINE#         2217
  C:1116H         LINE#         2218
  C:1118H         LINE#         2219
  C:111AH         LINE#         2220
  C:111DH         LINE#         2223
  C:111EH         LINE#         2224
  C:111FH         LINE#         2225
  C:1122H         LINE#         2228
  C:1124H         LINE#         2229
  C:1125H         LINE#         2235
  C:1127H         LINE#         2236
  C:1129H         LINE#         2237
  C:112BH         LINE#         2238
  C:112DH         LINE#         2239
  C:1130H         LINE#         2240
  C:1133H         LINE#         2241
  C:1134H         LINE#         2242
  C:1137H         LINE#         2243
  C:1139H         LINE#         2246
  C:113CH         LINE#         2247
  C:113FH         LINE#         2248
  C:1140H         LINE#         2249
  C:1142H         LINE#         2250
  C:1143H         LINE#         2251
  C:1144H         LINE#         2252
  C:1145H         LINE#         2253
  C:1146H         LINE#         2254
  C:1147H         LINE#         2255
  C:1148H         LINE#         2256
  C:1149H         LINE#         2257
  C:114AH         LINE#         2258
BL51 BANKED LINKER/LOCATER V6.22                                                      10/01/2016  14:26:33  PAGE 54


  C:114BH         LINE#         2259
  C:114CH         LINE#         2260
  C:114FH         LINE#         2261
  C:1152H         LINE#         2264
  C:1155H         LINE#         2265
  C:1158H         LINE#         2266
  C:1159H         LINE#         2267
  C:115BH         LINE#         2268
  C:115CH         LINE#         2269
  C:115DH         LINE#         2270
  C:115EH         LINE#         2271
  C:115FH         LINE#         2272
  C:1160H         LINE#         2273
  C:1161H         LINE#         2274
  C:1162H         LINE#         2275
  C:1163H         LINE#         2276
  C:1164H         LINE#         2277
  C:1165H         LINE#         2278
  C:1168H         LINE#         2279
  C:116BH         LINE#         2282
  C:116EH         LINE#         2283
  C:1171H         LINE#         2284
  C:1172H         LINE#         2285
  C:1174H         LINE#         2286
  C:1175H         LINE#         2287
  C:1176H         LINE#         2288
  C:1177H         LINE#         2289
  C:1178H         LINE#         2290
  C:1179H         LINE#         2291
  C:117AH         LINE#         2292
  C:117BH         LINE#         2293
  C:117CH         LINE#         2294
  C:117DH         LINE#         2295
  C:1180H         LINE#         2296
  C:1182H         LINE#         2297
  C:1185H         LINE#         2300
  C:1187H         LINE#         2301
  C:1189H         LINE#         2302
  C:118BH         LINE#         2304
  C:118EH         LINE#         2307
  C:1191H         LINE#         2313
  C:1193H         LINE#         2314
  C:1195H         LINE#         2315
  C:1197H         LINE#         2316
  C:119AH         LINE#         2319
  C:119BH         LINE#         2320
  C:119CH         LINE#         2321
  C:119FH         LINE#         2324
  C:11A1H         LINE#         2328
  -------         ENDMOD        SPIFLASH

  -------         MODULE        SPIFLASH_DRV
  C:0000H         SYMBOL        _ICE_DUMMY_
  C:1ADFH         PUBLIC        _spiflash_wren
  C:1A21H         PUBLIC        _spiflash_wrsr_unlock
  C:1911H         PUBLIC        _spiflash_EraseBlock
  C:1694H         PUBLIC        _spiFlash_Cmd
BL51 BANKED LINKER/LOCATER V6.22                                                      10/01/2016  14:26:33  PAGE 55


  C:184EH         PUBLIC        spiflash_eraseBackup256k
  C:1988H         PUBLIC        spiflash_CheckFlashBusy
  C:1A4AH         PUBLIC        _spiflash_eraseSector
  C:1A99H         PUBLIC        _spiflash_ReadByte
  C:19C3H         PUBLIC        _spiflash_WriteByte
  C:17E4H         PUBLIC        spiflash_eraseLower256k
  -------         PROC          L?0050
  -------         ENDPROC       L?0050
  -------         PROC          _SPIFLASH_CMD
  D:000EH         SYMBOL        NumOfByteCmd
  D:000FH         SYMBOL        CmdData
  D:0013H         SYMBOL        SpiWriteData
  D:0014H         SYMBOL        RdWr
  -------         DO            
  I:0051H         SYMBOL        c
  I:0052H         SYMBOL        temp
  -------         ENDDO         
  C:1694H         LINE#         86
  C:1696H         LINE#         87
  C:1696H         LINE#         90
  C:16A6H         LINE#         91
  C:16B1H         LINE#         92
  C:16B7H         LINE#         93
  C:16BDH         LINE#         94
  C:16C1H         LINE#         95
  C:16C7H         LINE#         96
  C:16CEH         LINE#         97
  C:16D3H         LINE#         98
  C:16D3H         LINE#         99
  C:16D8H         LINE#         100
  C:16DAH         LINE#         101
  C:16E0H         LINE#         102
  C:16E2H         LINE#         103
  C:16E8H         LINE#         104
  C:16E8H         LINE#         105
  C:16EFH         LINE#         106
  C:16F4H         LINE#         107
  C:16F4H         LINE#         108
  C:16F9H         LINE#         109
  C:16FBH         LINE#         110
  C:1700H         LINE#         112
  -------         ENDPROC       _SPIFLASH_CMD
  -------         PROC          _SPIFLASH_WREN
  D:0007H         SYMBOL        wren
  C:1ADFH         LINE#         121
  C:1ADFH         LINE#         122
  C:1ADFH         LINE#         123
  C:1AE2H         LINE#         124
  C:1AE8H         LINE#         126
  C:1AFBH         LINE#         128
  -------         ENDPROC       _SPIFLASH_WREN
  -------         PROC          _SPIFLASH_WRSR_UNLOCK
  D:000DH         SYMBOL        unlock
  C:1A21H         LINE#         136
  C:1A23H         LINE#         137
  C:1A23H         LINE#         138
  C:1A28H         LINE#         139
BL51 BANKED LINKER/LOCATER V6.22                                                      10/01/2016  14:26:33  PAGE 56


  C:1A2DH         LINE#         140
  C:1A32H         LINE#         142
  C:1A46H         LINE#         143
  C:1A49H         LINE#         145
  -------         ENDPROC       _SPIFLASH_WRSR_UNLOCK
  -------         PROC          SPIFLASH_CHECKFLASHBUSY
  -------         DO            
  I:004DH         SYMBOL        c
  C:1988H         SYMBOL        check_st_reg
  C:1998H         SYMBOL        check_Txdone1
  C:19A7H         SYMBOL        check_Rxdone
  -------         ENDDO         
  C:1988H         LINE#         195
  C:1988H         LINE#         196
  C:1988H         LINE#         198
  C:1988H         LINE#         199
  C:198EH         LINE#         200
  C:1994H         LINE#         201
  C:1998H         LINE#         202
  C:1998H         LINE#         203
  C:199FH         LINE#         204
  C:19A1H         LINE#         205
  C:19A1H         LINE#         206
  C:19A7H         LINE#         207
  C:19A7H         LINE#         208
  C:19AEH         LINE#         209
  C:19B0H         LINE#         210
  C:19B0H         LINE#         211
  C:19B9H         LINE#         215
  C:19BDH         LINE#         216
  C:19BDH         LINE#         217
  C:19C2H         LINE#         219
  -------         ENDPROC       SPIFLASH_CHECKFLASHBUSY
  -------         PROC          L?0051
  -------         ENDPROC       L?0051
  -------         PROC          _SPIFLASH_ERASEBLOCK
  D:0008H         SYMBOL        BlockID
  D:000CH         SYMBOL        block64
  C:1911H         LINE#         241
  C:1919H         LINE#         242
  C:1919H         LINE#         243
  C:191EH         LINE#         244
  C:1923H         LINE#         245
  C:1930H         LINE#         246
  C:193AH         LINE#         248
  C:1945H         LINE#         249
  C:1948H         LINE#         251
  -------         ENDPROC       _SPIFLASH_ERASEBLOCK
  -------         PROC          SPIFLASH_ERASELOWER256K
  -------         DO            
  I:004CH         SYMBOL        BlckID
  -------         ENDDO         
  C:17E4H         LINE#         256
  C:17E4H         LINE#         257
  C:17E4H         LINE#         259
  C:17EDH         LINE#         260
  C:17F1H         LINE#         261
BL51 BANKED LINKER/LOCATER V6.22                                                      10/01/2016  14:26:33  PAGE 57


  C:17FAH         LINE#         262
  C:17FFH         LINE#         263
  C:1808H         LINE#         264
  C:180CH         LINE#         265
  C:1815H         LINE#         266
  C:1822H         LINE#         267
  C:182BH         LINE#         268
  C:1838H         LINE#         269
  C:183FH         LINE#         270
  C:1848H         LINE#         271
  C:184DH         LINE#         273
  -------         ENDPROC       SPIFLASH_ERASELOWER256K
  -------         PROC          SPIFLASH_ERASEBACKUP256K
  -------         DO            
  I:004CH         SYMBOL        BlckID
  -------         ENDDO         
  C:184EH         LINE#         278
  C:184EH         LINE#         279
  C:184EH         LINE#         281
  C:1857H         LINE#         282
  C:185BH         LINE#         283
  C:1864H         LINE#         284
  C:1869H         LINE#         285
  C:1872H         LINE#         286
  C:1876H         LINE#         287
  C:187FH         LINE#         288
  C:188CH         LINE#         289
  C:1895H         LINE#         290
  C:18A2H         LINE#         291
  C:18A9H         LINE#         292
  C:18B2H         LINE#         293
  C:18B7H         LINE#         295
  -------         ENDPROC       SPIFLASH_ERASEBACKUP256K
  -------         PROC          _SPIFLASH_WRITEBYTE
  D:0008H         SYMBOL        Addr
  D:000CH         SYMBOL        IData
  C:19C3H         LINE#         320
  C:19CBH         LINE#         321
  C:19CBH         LINE#         322
  C:19D0H         LINE#         323
  C:19F0H         LINE#         324
  C:19F3H         LINE#         326
  -------         ENDPROC       _SPIFLASH_WRITEBYTE
  -------         PROC          _SPIFLASH_READBYTE
  D:0008H         SYMBOL        Addr
  C:1A99H         LINE#         332
  C:1AA1H         LINE#         333
  C:1AA1H         LINE#         334
  C:1AB8H         LINE#         335
  C:1ABDH         LINE#         336
  -------         ENDPROC       _SPIFLASH_READBYTE
  -------         PROC          _SPIFLASH_ERASESECTOR
  D:0008H         SYMBOL        Sector
  C:1A4AH         LINE#         341
  C:1A52H         LINE#         342
  C:1A52H         LINE#         343
  C:1A57H         LINE#         344
BL51 BANKED LINKER/LOCATER V6.22                                                      10/01/2016  14:26:33  PAGE 58


  C:1A5CH         LINE#         345
  C:1A6FH         LINE#         346
  C:1A72H         LINE#         348
  -------         ENDPROC       _SPIFLASH_ERASESECTOR
  -------         ENDMOD        SPIFLASH_DRV

  -------         MODULE        ?C?IMUL
  C:0CA6H         PUBLIC        ?C?IMUL
  -------         ENDMOD        ?C?IMUL

  -------         MODULE        ?C?IILDX
  C:0CB8H         PUBLIC        ?C?IILDX
  -------         ENDMOD        ?C?IILDX

  -------         MODULE        ?C?LOR
  C:0CCEH         PUBLIC        ?C?LOR
  -------         ENDMOD        ?C?LOR

  -------         MODULE        ?C?ULCMP
  C:0CDBH         PUBLIC        ?C?ULCMP
  -------         ENDMOD        ?C?ULCMP

  -------         MODULE        ?C?ULSHR
  C:0CECH         PUBLIC        ?C?ULSHR
  -------         ENDMOD        ?C?ULSHR

  -------         MODULE        ?C?LSHL
  C:0CFFH         PUBLIC        ?C?LSHL
  -------         ENDMOD        ?C?LSHL

  -------         MODULE        ?C?LLDIDATA
  C:0D12H         PUBLIC        ?C?LLDIDATA
  -------         ENDMOD        ?C?LLDIDATA

  -------         MODULE        ?C?LLDXDATA
  C:0D1EH         PUBLIC        ?C?LLDXDATA
  -------         ENDMOD        ?C?LLDXDATA

  -------         MODULE        ?C?LLDXDATA0
  C:0D2AH         PUBLIC        ?C?LLDXDATA0
  -------         ENDMOD        ?C?LLDXDATA0

  -------         MODULE        ?C?LSTIDATA
  C:0D36H         PUBLIC        ?C?LSTIDATA
  -------         ENDMOD        ?C?LSTIDATA

  -------         MODULE        ?C?LSTXDATA
  C:0D42H         PUBLIC        ?C?LSTXDATA
  -------         ENDMOD        ?C?LSTXDATA

  -------         MODULE        ?C?LSTKXDATA
  C:0D4EH         PUBLIC        ?C?LSTKXDATA
  -------         ENDMOD        ?C?LSTKXDATA

  -------         MODULE        ?C?CCASE
  C:0D7FH         PUBLIC        ?C?CCASE
  -------         ENDMOD        ?C?CCASE
BL51 BANKED LINKER/LOCATER V6.22                                                      10/01/2016  14:26:33  PAGE 59



  -------         MODULE        PRINTF
  D:000AH         PUBLIC        ?_PRINTF517?BYTE
  D:000AH         PUBLIC        ?_PRINTF?BYTE
  D:000AH         PUBLIC        ?_SPRINTF517?BYTE
  D:000AH         PUBLIC        ?_SPRINTF?BYTE
  C:055CH         PUBLIC        _PRINTF
  C:055CH         PUBLIC        _PRINTF517
  C:0556H         PUBLIC        _SPRINTF
  C:0556H         PUBLIC        _SPRINTF517
  -------         ENDMOD        PRINTF

  -------         MODULE        ISXDIGIT
  C:1A73H         PUBLIC        _isxdigit
  -------         ENDMOD        ISXDIGIT

  -------         MODULE        TOUPPER
  C:1B75H         PUBLIC        _toupper
  -------         ENDMOD        TOUPPER

  -------         MODULE        ?C?CLDPTR
  C:0DA5H         PUBLIC        ?C?CLDPTR
  -------         ENDMOD        ?C?CLDPTR

  -------         MODULE        ?C?CLDOPTR
  C:0DBEH         PUBLIC        ?C?CLDOPTR
  -------         ENDMOD        ?C?CLDOPTR

  -------         MODULE        ?C?CSTPTR
  C:0DEBH         PUBLIC        ?C?CSTPTR
  -------         ENDMOD        ?C?CSTPTR

  -------         MODULE        ?C?PLDIIDATA
  C:0DFDH         PUBLIC        ?C?PLDIIDATA
  -------         ENDMOD        ?C?PLDIIDATA

Program Size: data=111.1 xdata=38 code=7062
LINK/LOCATE RUN COMPLETE.  0 WARNING(S),  0 ERROR(S)
