BL51 BANKED LINKER/LOCATER V6.22                                                        10/02/2016  03:15:59  PAGE 1


BL51 BANKED LINKER/LOCATER V6.22, INVOKED BY:
C:\KEIL_V5\C51\BIN\BL51.EXE .\main.obj, .\uart.obj, .\STARTUP.obj, .\cmem_ctrl.obj, .\hex_file_hdl.obj, .\spiflash.obj, 
>> .\spiflash_drv.obj TO MON51_BANK RAMSIZE (256) CODE (0X0000-0X1FFF) XDATA (0X2000-0X2FFE)


MEMORY MODEL: SMALL


INPUT MODULES INCLUDED:
  .\main.obj (MAIN)
  .\uart.obj (UART)
  .\STARTUP.obj (?C_STARTUP)
  .\cmem_ctrl.obj (CMEM_CTRL)
  .\hex_file_hdl.obj (HEX_FILE_HDL)
  .\spiflash.obj (SPIFLASH)
  .\spiflash_drv.obj (SPIFLASH_DRV)
  C:\KEIL_V5\C51\LIB\C51S.LIB (?C_INIT)
  C:\KEIL_V5\C51\LIB\C51S.LIB (?C?IMUL)
  C:\KEIL_V5\C51\LIB\C51S.LIB (?C?IILDX)
  C:\KEIL_V5\C51\LIB\C51S.LIB (?C?LOR)
  C:\KEIL_V5\C51\LIB\C51S.LIB (?C?ULCMP)
  C:\KEIL_V5\C51\LIB\C51S.LIB (?C?ULSHR)
  C:\KEIL_V5\C51\LIB\C51S.LIB (?C?LSHL)
  C:\KEIL_V5\C51\LIB\C51S.LIB (?C?LLDIDATA)
  C:\KEIL_V5\C51\LIB\C51S.LIB (?C?LLDXDATA)
  C:\KEIL_V5\C51\LIB\C51S.LIB (?C?LLDIDATA0)
  C:\KEIL_V5\C51\LIB\C51S.LIB (?C?LLDXDATA0)
  C:\KEIL_V5\C51\LIB\C51S.LIB (?C?LSTIDATA)
  C:\KEIL_V5\C51\LIB\C51S.LIB (?C?LSTXDATA)
  C:\KEIL_V5\C51\LIB\C51S.LIB (?C?LSTKIDATA)
  C:\KEIL_V5\C51\LIB\C51S.LIB (?C?LSTKXDATA)
  C:\KEIL_V5\C51\LIB\C51S.LIB (?C?CCASE)
  C:\KEIL_V5\C51\LIB\C51S.LIB (PRINTF)
  C:\KEIL_V5\C51\LIB\C51S.LIB (ISXDIGIT)
  C:\KEIL_V5\C51\LIB\C51S.LIB (TOUPPER)
  C:\KEIL_V5\C51\LIB\C51S.LIB (?C?CLDPTR)
  C:\KEIL_V5\C51\LIB\C51S.LIB (?C?CLDOPTR)
  C:\KEIL_V5\C51\LIB\C51S.LIB (?C?CSTPTR)
  C:\KEIL_V5\C51\LIB\C51S.LIB (?C?PLDIIDATA)


LINK MAP OF MODULE:  MON51_BANK (MAIN)


            TYPE    BASE      LENGTH    RELOCATION   SEGMENT NAME
            -----------------------------------------------------

            * * * * * * *   D A T A   M E M O R Y   * * * * * * *
            REG     0000H     0008H     ABSOLUTE     "REG BANK 0"
            DATA    0008H     0015H     UNIT         _DATA_GROUP_
            IDATA   001DH     0001H     UNIT         ?ID?HEX_FILE_HDL
                    001EH     0002H                  *** GAP ***
            BIT     0020H.0   0001H.1   UNIT         _BIT_GROUP_
                    0021H.1   000AH.7                *** GAP ***
            IDATA   002CH     001EH     ABSOLUTE     
            IDATA   004AH     0022H     UNIT         _IDATA_GROUP_
            IDATA   006CH     000CH     UNIT         ?ID?MAIN

BL51 BANKED LINKER/LOCATER V6.22                                                      10/02/2016  03:15:59  PAGE 2


            * * * * * * *  X D A T A   M E M O R Y  * * * * * * *
                    0000H     2000H                  *** GAP ***
            XDATA   2000H     0014H     ABSOLUTE     
            XDATA   2014H     000EH     UNIT         ?XD?MAIN

            * * * * * * *   C O D E   M E M O R Y   * * * * * * *
            CODE    0000H     0036H     ABSOLUTE     
            CODE    0036H     03AEH     UNIT         ?PR?_PARSEHEXRECORD?HEX_FILE_HDL
            CODE    03E4H     035CH     UNIT         ?PR?PRINTF?PRINTF
            CODE    0740H     02F8H     UNIT         ?CO?SPIFLASH
            CODE    0A38H     0203H     UNIT         ?PR?DOWNLOAD_UART2SFLASH?SPIFLASH
            CODE    0C3BH     018DH     UNIT         ?C?LIB_CODE
            CODE    0DC8H     017AH     UNIT         ?CO?MAIN
            CODE    0F42H     0157H     UNIT         ?PR?MAIN?MAIN
            CODE    1099H     0129H     UNIT         ?PR?SPIFLASH_BACKUPCODEIMAGE?SPIFLASH
            CODE    11C2H     0129H     UNIT         ?PR?SPIFLASH_RESTORECODEIMAGE?SPIFLASH
            CODE    12EBH     0116H     UNIT         ?PR?DUMP_BACKUPCODE?SPIFLASH
            CODE    1401H     00F2H     UNIT         ?PR?LOAD_SFLASH2CRAM?SPIFLASH
            CODE    14F3H     00ECH     UNIT         ?PR?_DUMP_CODE?SPIFLASH
            CODE    15DFH     0095H     UNIT         ?C_C51STARTUP
            CODE    1674H     007CH     UNIT         ?PR?_SPIFLASH_CMD?SPIFLASH_DRV
            CODE    16F0H     0072H     UNIT         ?PR?_GETASCII?HEX_FILE_HDL
            CODE    1762H     0071H     UNIT         ?PR?_SWUTIL_SWAPENDIAN?SPIFLASH
            CODE    17D3H     006AH     UNIT         ?PR?SPIFLASH_ERASELOWER256K?SPIFLASH_DRV
            CODE    183DH     006AH     UNIT         ?PR?SPIFLASH_ERASEBACKUP256K?SPIFLASH_DRV
            CODE    18A7H     0050H     UNIT         ?PR?_GETASC2HEX?HEX_FILE_HDL
            CODE    18F7H     0041H     UNIT         ?CO?HEX_FILE_HDL
            CODE    1938H     0041H     UNIT         ?PR?_SPIFLASH_ERASEBLOCK?SPIFLASH_DRV
            CODE    1979H     003FH     UNIT         ?CO?SPIFLASH_DRV
            CODE    19B8H     003BH     UNIT         ?PR?SPIFLASH_CHECKFLASHBUSY?SPIFLASH_DRV
            CODE    19F3H     0031H     UNIT         ?PR?_SPIFLASH_WRITEBYTE?SPIFLASH_DRV
            CODE    1A24H     002DH     UNIT         ?PR?_CRC_CCITT_UPDATE?SPIFLASH
            CODE    1A51H     002DH     UNIT         ?PR?_MEMUTIL_CLEARERAM?SPIFLASH
            CODE    1A7EH     0029H     UNIT         ?PR?_SPIFLASH_WRSR_UNLOCK?SPIFLASH_DRV
            CODE    1AA7H     0029H     UNIT         ?PR?_SPIFLASH_ERASESECTOR?SPIFLASH_DRV
            CODE    1AD0H     0026H     UNIT         ?PR?_ISXDIGIT?ISXDIGIT
            CODE    1AF6H     0025H     UNIT         ?PR?_SPIFLASH_READBYTE?SPIFLASH_DRV
            CODE    1B1BH     0021H     UNIT         ?PR?_ASC2HEX?HEX_FILE_HDL
            CODE    1B3CH     001DH     UNIT         ?PR?_SPIFLASH_WREN?SPIFLASH_DRV
            CODE    1B59H     0017H     UNIT         ?PR?_PUTCHAR?UART
            CODE    1B70H     0015H     UNIT         ?PR?COMINIT?UART
            CODE    1B85H     0013H     UNIT         ?PR?ENABLEWRCRAM?CMEM_CTRL
            CODE    1B98H     0013H     UNIT         ?PR?DISABLEWRCRAM?CMEM_CTRL
            CODE    1BABH     0012H     UNIT         ?PR?_WR2CRAM?HEX_FILE_HDL
            CODE    1BBDH     0011H     UNIT         ?PR?_TOUPPER?TOUPPER
            CODE    1BCEH     0010H     UNIT         ?PR?_GET1CHAR?UART
            CODE    1BDEH     0004H     UNIT         ?C_INITSEG



OVERLAY MAP OF MODULE:   MON51_BANK (MAIN)


SEGMENT                                             BIT_GROUP          DATA_GROUP          IDATA_GROUP
  +--> CALLED SEGMENT                            START    LENGTH     START    LENGTH     START    LENGTH
--------------------------------------------------------------------------------------------------------
?C_C51STARTUP                                    -----    -----      -----    -----      -----    -----
BL51 BANKED LINKER/LOCATER V6.22                                                      10/02/2016  03:15:59  PAGE 3


  +--> ?PR?MAIN?MAIN
  +--> ?C_INITSEG

?PR?MAIN?MAIN                                    -----    -----      -----    -----      004AH    0005H
  +--> ?PR?DISABLEWRCRAM?CMEM_CTRL
  +--> ?PR?COMINIT?UART
  +--> ?CO?MAIN
  +--> ?PR?PRINTF?PRINTF
  +--> ?PR?ENABLEWRCRAM?CMEM_CTRL
  +--> ?PR?_PARSEHEXRECORD?HEX_FILE_HDL
  +--> ?PR?DOWNLOAD_UART2SFLASH?SPIFLASH
  +--> ?PR?_DUMP_CODE?SPIFLASH
  +--> ?PR?DUMP_BACKUPCODE?SPIFLASH
  +--> ?PR?SPIFLASH_BACKUPCODEIMAGE?SPIFLASH
  +--> ?PR?SPIFLASH_RESTORECODEIMAGE?SPIFLASH
  +--> ?PR?LOAD_SFLASH2CRAM?SPIFLASH

?PR?PRINTF?PRINTF                                0020H.0  0001H.1    0009H    0014H      -----    -----
  +--> ?PR?_PUTCHAR?UART

?PR?_PARSEHEXRECORD?HEX_FILE_HDL                 -----    -----      0008H    0001H      0054H    0011H
  +--> ?CO?HEX_FILE_HDL
  +--> ?PR?PRINTF?PRINTF
  +--> ?PR?_GET1CHAR?UART
  +--> ?PR?_ISXDIGIT?ISXDIGIT
  +--> ?PR?_GETASC2HEX?HEX_FILE_HDL
  +--> ?PR?_WR2CRAM?HEX_FILE_HDL

?PR?_GET1CHAR?UART                               -----    -----      -----    -----      006BH    0001H

?PR?_GETASC2HEX?HEX_FILE_HDL                     -----    -----      0009H    0003H      0065H    0004H
  +--> ?PR?_GETASCII?HEX_FILE_HDL

?PR?_GETASCII?HEX_FILE_HDL                       -----    -----      000CH    0002H      0069H    0002H
  +--> ?PR?_GET1CHAR?UART
  +--> ?PR?_ISXDIGIT?ISXDIGIT
  +--> ?PR?_ASC2HEX?HEX_FILE_HDL

?PR?_ASC2HEX?HEX_FILE_HDL                        -----    -----      -----    -----      006BH    0001H
  +--> ?PR?_TOUPPER?TOUPPER

?PR?DOWNLOAD_UART2SFLASH?SPIFLASH                -----    -----      -----    -----      004FH    0005H
  +--> ?CO?SPIFLASH
  +--> ?PR?PRINTF?PRINTF
  +--> ?PR?_GET1CHAR?UART
  +--> ?PR?ENABLEWRCRAM?CMEM_CTRL
  +--> ?PR?_SPIFLASH_WRSR_UNLOCK?SPIFLASH_DRV
  +--> ?PR?SPIFLASH_ERASELOWER256K?SPIFLASH_DRV
  +--> ?PR?_MEMUTIL_CLEARERAM?SPIFLASH
  +--> ?PR?_PARSEHEXRECORD?HEX_FILE_HDL
  +--> ?PR?_CRC_CCITT_UPDATE?SPIFLASH
  +--> ?PR?_SPIFLASH_WRITEBYTE?SPIFLASH_DRV
  +--> ?PR?_SPIFLASH_READBYTE?SPIFLASH_DRV
  +--> ?PR?DISABLEWRCRAM?CMEM_CTRL

?PR?_SPIFLASH_WRSR_UNLOCK?SPIFLASH_DRV           -----    -----      000DH    0001H      -----    -----
  +--> ?PR?_SPIFLASH_WREN?SPIFLASH_DRV
BL51 BANKED LINKER/LOCATER V6.22                                                      10/02/2016  03:15:59  PAGE 4


  +--> ?PR?_SPIFLASH_CMD?SPIFLASH_DRV
  +--> ?PR?SPIFLASH_CHECKFLASHBUSY?SPIFLASH_DRV

?PR?_SPIFLASH_WREN?SPIFLASH_DRV                  -----    -----      -----    -----      -----    -----
  +--> ?PR?_SPIFLASH_CMD?SPIFLASH_DRV

?PR?_SPIFLASH_CMD?SPIFLASH_DRV                   -----    -----      000EH    0007H      0055H    0005H
  +--> ?PR?_SWUTIL_SWAPENDIAN?SPIFLASH

?PR?_SWUTIL_SWAPENDIAN?SPIFLASH                  -----    -----      0015H    0004H      -----    -----

?PR?SPIFLASH_CHECKFLASHBUSY?SPIFLASH_DRV         -----    -----      -----    -----      0055H    0001H

?PR?SPIFLASH_ERASELOWER256K?SPIFLASH_DRV         -----    -----      -----    -----      0054H    0001H
  +--> ?CO?SPIFLASH_DRV
  +--> ?PR?PRINTF?PRINTF
  +--> ?PR?_SPIFLASH_ERASEBLOCK?SPIFLASH_DRV
  +--> ?PR?_SPIFLASH_ERASESECTOR?SPIFLASH_DRV

?PR?_SPIFLASH_ERASEBLOCK?SPIFLASH_DRV            -----    -----      0008H    0005H      -----    -----
  +--> ?PR?_SPIFLASH_WRSR_UNLOCK?SPIFLASH_DRV
  +--> ?PR?_SPIFLASH_WREN?SPIFLASH_DRV
  +--> ?PR?_SPIFLASH_CMD?SPIFLASH_DRV
  +--> ?PR?SPIFLASH_CHECKFLASHBUSY?SPIFLASH_DRV

?PR?_SPIFLASH_ERASESECTOR?SPIFLASH_DRV           -----    -----      0008H    0004H      -----    -----
  +--> ?PR?_SPIFLASH_WRSR_UNLOCK?SPIFLASH_DRV
  +--> ?PR?_SPIFLASH_WREN?SPIFLASH_DRV
  +--> ?PR?_SPIFLASH_CMD?SPIFLASH_DRV
  +--> ?PR?SPIFLASH_CHECKFLASHBUSY?SPIFLASH_DRV

?PR?_SPIFLASH_WRITEBYTE?SPIFLASH_DRV             -----    -----      0008H    0005H      -----    -----
  +--> ?PR?_SPIFLASH_WREN?SPIFLASH_DRV
  +--> ?PR?_SPIFLASH_CMD?SPIFLASH_DRV
  +--> ?PR?SPIFLASH_CHECKFLASHBUSY?SPIFLASH_DRV

?PR?_SPIFLASH_READBYTE?SPIFLASH_DRV              -----    -----      0008H    0004H      -----    -----
  +--> ?PR?_SPIFLASH_CMD?SPIFLASH_DRV

?PR?_DUMP_CODE?SPIFLASH                          -----    -----      -----    -----      004FH    0006H
  +--> ?PR?ENABLEWRCRAM?CMEM_CTRL
  +--> ?CO?SPIFLASH
  +--> ?PR?PRINTF?PRINTF
  +--> ?PR?DISABLEWRCRAM?CMEM_CTRL

?PR?DUMP_BACKUPCODE?SPIFLASH                     -----    -----      -----    -----      004FH    0006H
  +--> ?CO?SPIFLASH
  +--> ?PR?PRINTF?PRINTF
  +--> ?PR?_SPIFLASH_READBYTE?SPIFLASH_DRV

?PR?SPIFLASH_BACKUPCODEIMAGE?SPIFLASH            -----    -----      -----    -----      004FH    0001H
  +--> ?CO?SPIFLASH
  +--> ?PR?PRINTF?PRINTF
  +--> ?PR?_GET1CHAR?UART
  +--> ?PR?SPIFLASH_ERASEBACKUP256K?SPIFLASH...
  +--> ?PR?_SPIFLASH_READBYTE?SPIFLASH_DRV
  +--> ?PR?_SPIFLASH_WRITEBYTE?SPIFLASH_DRV
BL51 BANKED LINKER/LOCATER V6.22                                                      10/02/2016  03:15:59  PAGE 5


  +--> ?PR?_SPIFLASH_WRSR_UNLOCK?SPIFLASH_DRV

?PR?SPIFLASH_ERASEBACKUP256K?SPIFLASH...         -----    -----      -----    -----      0050H    0001H
  +--> ?CO?SPIFLASH_DRV
  +--> ?PR?PRINTF?PRINTF
  +--> ?PR?_SPIFLASH_ERASEBLOCK?SPIFLASH_DRV
  +--> ?PR?_SPIFLASH_ERASESECTOR?SPIFLASH_DRV

?PR?SPIFLASH_RESTORECODEIMAGE?SPIFLASH           -----    -----      -----    -----      004FH    0001H
  +--> ?CO?SPIFLASH
  +--> ?PR?PRINTF?PRINTF
  +--> ?PR?_GET1CHAR?UART
  +--> ?PR?SPIFLASH_ERASELOWER256K?SPIFLASH_DRV
  +--> ?PR?_SPIFLASH_READBYTE?SPIFLASH_DRV
  +--> ?PR?_SPIFLASH_WRITEBYTE?SPIFLASH_DRV
  +--> ?PR?_SPIFLASH_WRSR_UNLOCK?SPIFLASH_DRV

?PR?LOAD_SFLASH2CRAM?SPIFLASH                    -----    -----      -----    -----      004FH    0008H
  +--> ?CO?SPIFLASH
  +--> ?PR?PRINTF?PRINTF
  +--> ?PR?ENABLEWRCRAM?CMEM_CTRL
  +--> ?PR?DISABLEWRCRAM?CMEM_CTRL



SYMBOL TABLE OF MODULE:  MON51_BANK (MAIN)

  VALUE           TYPE          NAME
  ----------------------------------

  -------         MODULE        MAIN
  C:0F42H         SEGMENT       ?PR?MAIN?MAIN
  C:0DC8H         SEGMENT       ?CO?MAIN
  X:2014H         SEGMENT       ?XD?MAIN
  I:006CH         SEGMENT       ?ID?MAIN
  I:004AH         SEGMENT       ?ID?MAIN?MAIN
  X:201EH         PUBLIC        ADDR32_1
  X:2016H         PUBLIC        ADDRH
  X:2017H         PUBLIC        ADDRL
  X:2014H         PUBLIC        ERAM2SFLASHADDR
  I:006CH         PUBLIC        ERRCNT
  C:0F42H         PUBLIC        MAIN
  X:201AH         PUBLIC        SFLASHADDR
  X:2018H         PUBLIC        UART2ERAMADDR
  C:0F87H         SYMBOL        ?C0001
  C:0FC7H         SYMBOL        ?C0008
  C:0FCEH         SYMBOL        ?C0009
  C:0FF9H         SYMBOL        ?C0010
  C:1004H         SYMBOL        ?C0013
  C:1009H         SYMBOL        ?C0015
  C:100FH         SYMBOL        ?C0017
  C:101FH         SYMBOL        ?C0019
  C:1024H         SYMBOL        ?C0020
  C:103DH         SYMBOL        ?C0022
  C:1042H         SYMBOL        ?C0024
  C:104CH         SYMBOL        ?C0025
  C:1058H         SYMBOL        ?C0026
BL51 BANKED LINKER/LOCATER V6.22                                                      10/02/2016  03:15:59  PAGE 6


  C:105DH         SYMBOL        ?C0028
  C:1066H         SYMBOL        ?C0029
  C:101DH         SYMBOL        ?C0032
  C:1022H         SYMBOL        ?C0033
  C:1040H         SYMBOL        ?C0034
  C:1045H         SYMBOL        ?C0035
  C:1093H         SYMBOL        ?MAIN?BOOTUP
  C:0DC8H         SYMBOL        ?SC_0
  C:0E55H         SYMBOL        ?SC_141
  C:0E84H         SYMBOL        ?SC_188
  C:0EB5H         SYMBOL        ?SC_237
  C:0EF1H         SYMBOL        ?SC_297
  C:0F0FH         SYMBOL        ?SC_327
  C:0DF7H         SYMBOL        ?SC_47
  C:0E26H         SYMBOL        ?SC_94
  B:00D0H.6       SYMBOL        AC
  D:00E0H         SYMBOL        ACC
  D:00F0H         SYMBOL        B
  D:009FH         SYMBOL        BANKSEL
  I:004EH         SYMBOL        C?041
  D:00F4H         SYMBOL        CRLA_H
  D:00F3H         SYMBOL        CRLA_L
  D:00F2H         SYMBOL        CRSA_H
  D:00F1H         SYMBOL        CRSA_L
  B:00D0H.7       SYMBOL        CY
  D:0083H         SYMBOL        DPH
  D:0082H         SYMBOL        DPL
  B:00A8H.7       SYMBOL        EA
  B:00A8H.4       SYMBOL        ES
  B:00A8H.1       SYMBOL        ET0
  B:00A8H.3       SYMBOL        ET1
  B:00A8H.0       SYMBOL        EX0
  B:00A8H.2       SYMBOL        EX1
  B:00D0H.5       SYMBOL        F0
  D:00A8H         SYMBOL        IE
  B:0088H.1       SYMBOL        IE0
  B:0088H.3       SYMBOL        IE1
  B:00B0H.2       SYMBOL        INT0
  B:00B0H.3       SYMBOL        INT1
  D:00B8H         SYMBOL        IP
  B:0088H.0       SYMBOL        IT0
  B:0088H.2       SYMBOL        IT1
  D:00F8H         SYMBOL        MEMCTRL
  B:00D0H.2       SYMBOL        OV
  B:00D0H.0       SYMBOL        P
  D:0080H         SYMBOL        P0
  D:0090H         SYMBOL        P1
  D:00A0H         SYMBOL        P2
  D:00B0H         SYMBOL        P3
  D:0087H         SYMBOL        PCON
  B:00B8H.4       SYMBOL        PS
  D:00D0H         SYMBOL        PSW
  B:00B8H.1       SYMBOL        PT0
  B:00B8H.3       SYMBOL        PT1
  B:00B8H.0       SYMBOL        PX0
  B:00B8H.2       SYMBOL        PX1
  B:0098H.2       SYMBOL        RB8
BL51 BANKED LINKER/LOCATER V6.22                                                      10/02/2016  03:15:59  PAGE 7


  B:00B0H.7       SYMBOL        RD
  B:0098H.4       SYMBOL        REN
  B:0098H.0       SYMBOL        RI
  B:00D0H.3       SYMBOL        RS0
  B:00D0H.4       SYMBOL        RS1
  B:00B0H.0       SYMBOL        RXD
  D:0099H         SYMBOL        SBUF
  D:0098H         SYMBOL        SCON
  B:0098H.7       SYMBOL        SM0
  B:0098H.6       SYMBOL        SM1
  B:0098H.5       SYMBOL        SM2
  D:0081H         SYMBOL        SP
  B:00B0H.4       SYMBOL        T0
  B:00B0H.5       SYMBOL        T1
  B:0098H.3       SYMBOL        TB8
  D:0088H         SYMBOL        TCON
  I:004AH         SYMBOL        TEMP?040
  B:0088H.5       SYMBOL        TF0
  B:0088H.7       SYMBOL        TF1
  D:008CH         SYMBOL        TH0
  D:008DH         SYMBOL        TH1
  B:0098H.1       SYMBOL        TI
  D:008AH         SYMBOL        TL0
  D:008BH         SYMBOL        TL1
  D:0089H         SYMBOL        TMOD
  B:0088H.4       SYMBOL        TR0
  B:0088H.6       SYMBOL        TR1
  B:00B0H.1       SYMBOL        TXD
  B:00B0H.6       SYMBOL        WR
  C:0F42H         LINE#         226
  C:0F43H         LINE#         227
  C:0F45H         LINE#         230
  C:0F48H         LINE#         234
  C:0F4BH         LINE#         238
  C:0F4DH         LINE#         241
  C:0F4EH         LINE#         242
  C:0F50H         LINE#         243
  C:0F51H         LINE#         246
  C:0F53H         LINE#         247
  C:0F5AH         LINE#         254
  C:0F5CH         LINE#         255
  C:0F5EH         LINE#         256
  C:0F60H         LINE#         257
  C:0F63H         LINE#         260
  C:0F65H         LINE#         261
  C:0F67H         LINE#         262
  C:0F69H         LINE#         263
  C:0F6CH         LINE#         266
  C:0F6EH         LINE#         267
  C:0F70H         LINE#         268
  C:0F72H         LINE#         269
  C:0F75H         LINE#         272
  C:0F77H         LINE#         273
  C:0F79H         LINE#         274
  C:0F7BH         LINE#         275
  C:0F7EH         LINE#         278
  C:0F80H         LINE#         279
BL51 BANKED LINKER/LOCATER V6.22                                                      10/02/2016  03:15:59  PAGE 8


  C:0F82H         LINE#         280
  C:0F84H         LINE#         281
  C:0F87H         LINE#         290
  C:0F89H         LINE#         291
  C:0F8AH         LINE#         292
  C:0FC7H         LINE#         348
  C:0FCAH         LINE#         351
  C:0FCBH         LINE#         352
  C:0FCDH         LINE#         353
  C:0FCEH         LINE#         355
  C:0FD0H         LINE#         356
  C:0FD1H         LINE#         357
  C:0FD2H         LINE#         358
  C:0FD3H         LINE#         359
  C:0FD5H         LINE#         360
  C:0FD7H         LINE#         361
  C:0FD9H         LINE#         366
  C:0FDBH         LINE#         367
  C:0FDDH         LINE#         368
  C:0FDFH         LINE#         369
  C:0FE0H         LINE#         370
  C:0FE1H         LINE#         371
  C:0FE3H         LINE#         372
  C:0FE5H         LINE#         373
  C:0FE7H         LINE#         374
  C:0FEAH         LINE#         377
  C:0FECH         LINE#         378
  C:0FEDH         LINE#         379
  C:0FEFH         LINE#         385
  C:0FF1H         LINE#         386
  C:0FF4H         LINE#         390
  C:0FF6H         LINE#         391
  C:0FF7H         LINE#         392
  C:0FF9H         LINE#         396
  C:0FFCH         LINE#         399
  C:0FFFH         LINE#         401
  C:1002H         LINE#         405
  C:1004H         LINE#         413
  C:1007H         LINE#         418
  C:1009H         LINE#         434
  C:100CH         LINE#         436
  C:100FH         LINE#         453
  C:1011H         LINE#         454
  C:1014H         LINE#         457
  C:1016H         LINE#         458
  C:1018H         LINE#         459
  C:101AH         LINE#         460
  C:101DH         LINE#         466
  C:101FH         LINE#         482
  C:1022H         LINE#         488
  C:1024H         LINE#         494
  C:1026H         LINE#         495
  C:1028H         LINE#         496
  C:102AH         LINE#         497
  C:102DH         LINE#         500
  C:102FH         LINE#         501
  C:1036H         LINE#         508
BL51 BANKED LINKER/LOCATER V6.22                                                      10/02/2016  03:15:59  PAGE 9


  C:1038H         LINE#         509
  C:103AH         LINE#         512
  C:103DH         LINE#         537
  C:1040H         LINE#         543
  C:1042H         LINE#         551
  C:1045H         LINE#         555
  C:1047H         LINE#         556
  C:1049H         LINE#         559
  C:104CH         LINE#         592
  C:104EH         LINE#         593
  C:1051H         LINE#         596
  C:1053H         LINE#         599
  C:1055H         LINE#         602
  C:1058H         LINE#         606
  C:105AH         LINE#         611
  C:105DH         LINE#         617
  C:1060H         LINE#         620
  C:1062H         LINE#         621
  C:1064H         LINE#         624
  C:1066H         LINE#         630
  C:1068H         LINE#         631
  C:106BH         LINE#         632
  C:106CH         LINE#         633
  C:106EH         LINE#         634
  C:106FH         LINE#         635
  C:1070H         LINE#         636
  C:1071H         LINE#         637
  C:1072H         LINE#         638
  C:1073H         LINE#         639
  C:1074H         LINE#         640
  C:1075H         LINE#         641
  C:1076H         LINE#         642
  C:1077H         LINE#         643
  C:1078H         LINE#         644
  C:107AH         LINE#         645
  C:107DH         LINE#         648
  C:107FH         LINE#         649
  C:1081H         LINE#         650
  C:1083H         LINE#         651
  C:1085H         LINE#         652
  C:1087H         LINE#         653
  C:108AH         LINE#         654
  C:108BH         LINE#         655
  C:108EH         LINE#         656
  C:1090H         LINE#         657
  C:1093H         LINE#         668
  C:1096H         LINE#         673
  -------         ENDMOD        MAIN

  -------         MODULE        UART
  C:0000H         SYMBOL        _ICE_DUMMY_
  B:0098H.0       PUBLIC        RI
  B:0098H.1       PUBLIC        TI
  D:0099H         PUBLIC        SBUF
  D:0087H         PUBLIC        PCON
  D:0098H         PUBLIC        SCON
  D:0089H         PUBLIC        TMOD
BL51 BANKED LINKER/LOCATER V6.22                                                      10/02/2016  03:15:59  PAGE 10


  C:1B70H         PUBLIC        ComInit
  B:0088H.1       PUBLIC        IE0
  D:008DH         PUBLIC        TH1
  B:0088H.6       PUBLIC        TR1
  C:1BCEH         PUBLIC        _get1char
  C:1B59H         PUBLIC        _putchar
  -------         PROC          COMINIT
  C:1B70H         LINE#         30
  C:1B70H         LINE#         31
  C:1B70H         LINE#         32
  C:1B73H         LINE#         41
  C:1B76H         LINE#         44
  C:1B79H         LINE#         45
  C:1B7BH         LINE#         46
  C:1B7EH         LINE#         47
  C:1B80H         LINE#         48
  C:1B82H         LINE#         49
  C:1B84H         LINE#         50
  -------         ENDPROC       COMINIT
  -------         PROC          _PUTCHAR
  D:0007H         SYMBOL        c
  C:1B59H         LINE#         65
  C:1B59H         LINE#         66
  C:1B59H         LINE#         67
  C:1B5CH         LINE#         68
  C:1B5CH         LINE#         69
  C:1B5EH         LINE#         70
  C:1B61H         LINE#         71
  C:1B64H         LINE#         72
  C:1B66H         LINE#         73
  C:1B66H         LINE#         74
  C:1B68H         LINE#         75
  C:1B6AH         LINE#         76
  C:1B6DH         LINE#         77
  C:1B6FH         LINE#         78
  C:1B6FH         LINE#         79
  -------         ENDPROC       _PUTCHAR
  -------         PROC          _GET1CHAR
  -------         DO            
  I:006BH         SYMBOL        c
  -------         ENDDO         
  C:1BCEH         LINE#         85
  C:1BCEH         LINE#         86
  C:1BCEH         LINE#         88
  C:1BD2H         LINE#         89
  C:1BD5H         LINE#         90
  C:1BD9H         LINE#         91
  C:1BDBH         LINE#         92
  C:1BDDH         LINE#         93
  -------         ENDPROC       _GET1CHAR
  -------         ENDMOD        UART

  -------         MODULE        ?C_STARTUP
  C:15DFH         SEGMENT       ?C_C51STARTUP
  C:0000H         PUBLIC        ?C_STARTUP
  I:002CH         SYMBOL        ?STACK
  D:00E0H         SYMBOL        ACC
BL51 BANKED LINKER/LOCATER V6.22                                                      10/02/2016  03:15:59  PAGE 11


  D:00F0H         SYMBOL        B
  N:2100H         SYMBOL        CRAM_START
  D:0083H         SYMBOL        DPH
  D:0082H         SYMBOL        DPL
  N:0000H         SYMBOL        IBPSTACK
  N:0100H         SYMBOL        IBPSTACKTOP
  N:0100H         SYMBOL        IDATALEN
  C:15E2H         SYMBOL        IDATALOOP
  N:0000H         SYMBOL        PBPSTACK
  N:0100H         SYMBOL        PBPSTACKTOP
  N:00FFH         SYMBOL        PDATALEN
  C:15EAH         SYMBOL        PDATALOOP
  N:0000H         SYMBOL        PDATASTART
  N:0000H         SYMBOL        PPAGE
  N:0000H         SYMBOL        PPAGEENABLE
  D:00A0H         SYMBOL        PPAGE_SFR
  D:0081H         SYMBOL        SP
  C:15DFH         SYMBOL        STARTUP1
  N:0000H         SYMBOL        XBPSTACK
  N:0000H         SYMBOL        XBPSTACKTOP
  N:0000H         SYMBOL        XDATALEN
  N:0000H         SYMBOL        XDATASTART
  X:2000H         SYMBOL        XVAR
  C:0000H         LINE#         133
  C:0003H         LINE#         136
  C:0006H         LINE#         137
  C:0007H         LINE#         138
  C:0008H         LINE#         139
  C:0009H         LINE#         140
  C:000AH         LINE#         141
  C:000BH         LINE#         142
  C:000EH         LINE#         143
  C:000FH         LINE#         144
  C:0010H         LINE#         145
  C:0011H         LINE#         146
  C:0012H         LINE#         147
  C:0013H         LINE#         148
  C:0016H         LINE#         149
  C:0017H         LINE#         150
  C:0018H         LINE#         151
  C:0019H         LINE#         152
  C:001AH         LINE#         153
  C:001BH         LINE#         154
  C:001EH         LINE#         155
  C:001FH         LINE#         156
  C:0020H         LINE#         157
  C:0021H         LINE#         158
  C:0022H         LINE#         159
  C:0023H         LINE#         160
  C:0026H         LINE#         161
  C:0027H         LINE#         162
  C:0028H         LINE#         163
  C:0029H         LINE#         164
  C:002AH         LINE#         165
  C:002BH         LINE#         166
  C:002EH         LINE#         167
  C:002FH         LINE#         168
BL51 BANKED LINKER/LOCATER V6.22                                                      10/02/2016  03:15:59  PAGE 12


  C:0030H         LINE#         169
  C:0031H         LINE#         170
  C:0032H         LINE#         171
  C:0033H         LINE#         172
  C:15DFH         LINE#         179
  C:15E1H         LINE#         180
  C:15E2H         LINE#         181
  C:15E3H         LINE#         182
  C:15E5H         LINE#         205
  C:15E7H         LINE#         206
  C:15E9H         LINE#         207
  C:15EAH         LINE#         208
  C:15EBH         LINE#         209
  C:15ECH         LINE#         210
  C:15EEH         LINE#         231
  C:15F1H         LINE#         242
  -------         ENDMOD        ?C_STARTUP

  -------         MODULE        CMEM_CTRL
  C:1B85H         SEGMENT       ?PR?ENABLEWRCRAM?CMEM_CTRL
  C:1B98H         SEGMENT       ?PR?DISABLEWRCRAM?CMEM_CTRL
  C:1B98H         PUBLIC        DISABLEWRCRAM
  C:1B85H         PUBLIC        ENABLEWRCRAM
  N:0000H         SYMBOL        CMEM_CTRL
  C:1B85H         LINE#         48
  C:1B88H         LINE#         50
  C:1B8BH         LINE#         52
  C:1B8EH         LINE#         54
  C:1B91H         LINE#         56
  C:1B94H         LINE#         58
  C:1B97H         LINE#         64
  C:1B98H         LINE#         94
  C:1B9BH         LINE#         96
  C:1B9EH         LINE#         98
  C:1BA1H         LINE#         100
  C:1BA4H         LINE#         102
  C:1BA7H         LINE#         104
  C:1BAAH         LINE#         144
  -------         ENDMOD        CMEM_CTRL

  -------         MODULE        HEX_FILE_HDL
  C:0036H         SEGMENT       ?PR?_PARSEHEXRECORD?HEX_FILE_HDL
  D:0008H         SEGMENT       ?DT?_PARSEHEXRECORD?HEX_FILE_HDL
  C:18A7H         SEGMENT       ?PR?_GETASC2HEX?HEX_FILE_HDL
  D:0009H         SEGMENT       ?DT?_GETASC2HEX?HEX_FILE_HDL
  C:16F0H         SEGMENT       ?PR?_GETASCII?HEX_FILE_HDL
  D:000CH         SEGMENT       ?DT?_GETASCII?HEX_FILE_HDL
  C:1B1BH         SEGMENT       ?PR?_ASC2HEX?HEX_FILE_HDL
  C:1BABH         SEGMENT       ?PR?_WR2CRAM?HEX_FILE_HDL
  C:18F7H         SEGMENT       ?CO?HEX_FILE_HDL
  C:1BDEH         SEGMENT       ?C_INITSEG
  I:001DH         SEGMENT       ?ID?HEX_FILE_HDL
  I:0054H         SEGMENT       ?ID?_PARSEHEXRECORD?HEX_FILE_HDL
  I:0065H         SEGMENT       ?ID?_GETASC2HEX?HEX_FILE_HDL
  I:0069H         SEGMENT       ?ID?_GETASCII?HEX_FILE_HDL
  I:006BH         SEGMENT       ?ID?_ASC2HEX?HEX_FILE_HDL
  I:001DH         PUBLIC        FLASH_BANK_COUNT
BL51 BANKED LINKER/LOCATER V6.22                                                      10/02/2016  03:15:59  PAGE 13


  C:1B1BH         PUBLIC        _ASC2HEX
  C:18ADH         PUBLIC        _GETASC2HEX
  C:16F0H         PUBLIC        _GETASCII
  C:0036H         PUBLIC        _PARSEHEXRECORD
  C:1BABH         PUBLIC        _WR2CRAM
  C:0055H         SYMBOL        ?C0001
  C:0079H         SYMBOL        ?C0002
  C:0082H         SYMBOL        ?C0004
  C:03D7H         SYMBOL        ?C0006
  C:00BEH         SYMBOL        ?C0007
  C:00CDH         SYMBOL        ?C0008
  C:00D8H         SYMBOL        ?C0010
  C:0104H         SYMBOL        ?C0013
  C:0121H         SYMBOL        ?C0016
  C:013EH         SYMBOL        ?C0017
  C:014EH         SYMBOL        ?C0018
  C:0181H         SYMBOL        ?C0019
  C:0195H         SYMBOL        ?C0020
  C:01A1H         SYMBOL        ?C0022
  C:01B1H         SYMBOL        ?C0024
  C:01D7H         SYMBOL        ?C0025
  C:0212H         SYMBOL        ?C0026
  C:0208H         SYMBOL        ?C0027
  C:0232H         SYMBOL        ?C0028
  C:0240H         SYMBOL        ?C0030
  C:0250H         SYMBOL        ?C0031
  C:0252H         SYMBOL        ?C0032
  C:025CH         SYMBOL        ?C0033
  C:029CH         SYMBOL        ?C0034
  C:028EH         SYMBOL        ?C0035
  C:0295H         SYMBOL        ?C0036
  C:0335H         SYMBOL        ?C0038
  C:02F0H         SYMBOL        ?C0039
  C:030EH         SYMBOL        ?C0040
  C:033FH         SYMBOL        ?C0043
  C:035BH         SYMBOL        ?C0044
  C:0372H         SYMBOL        ?C0045
  C:0377H         SYMBOL        ?C0046
  C:038AH         SYMBOL        ?C0047
  C:0394H         SYMBOL        ?C0049
  C:03A5H         SYMBOL        ?C0052
  C:03C4H         SYMBOL        ?C0053
  C:18BAH         SYMBOL        ?C0057
  C:18CDH         SYMBOL        ?C0060
  C:18DFH         SYMBOL        ?C0061
  C:18F6H         SYMBOL        ?C0063
  C:18F2H         SYMBOL        ?C0065
  C:175DH         SYMBOL        ?C0066
  C:170EH         SYMBOL        ?C0067
  C:1714H         SYMBOL        ?C0068
  C:1723H         SYMBOL        ?C0069
  C:1737H         SYMBOL        ?C0070
  C:1742H         SYMBOL        ?C0072
  C:1761H         SYMBOL        ?C0074
  C:1B31H         SYMBOL        ?C0075
  C:1B37H         SYMBOL        ?C0076
  C:1B3BH         SYMBOL        ?C0077
BL51 BANKED LINKER/LOCATER V6.22                                                      10/02/2016  03:15:59  PAGE 14


  C:1BBAH         SYMBOL        ?C0078
  C:1BBCH         SYMBOL        ?C0079
  C:0077H         SYMBOL        ?C0081
  C:01EDH         SYMBOL        ?C0082
  C:0210H         SYMBOL        ?C0083
  C:0316H         SYMBOL        ?C0084
  C:171DH         SYMBOL        ?C0085
  C:024BH         SYMBOL        ?C0086
  C:039AH         SYMBOL        ?C0087
  C:013BH         SYMBOL        ?C0088
  C:0335H         SYMBOL        ?C0089
  C:0191H         SYMBOL        ?C0090
  C:0337H         SYMBOL        ?C0091
  C:0250H         SYMBOL        ?C0092
  C:0359H         SYMBOL        ?C0093
  C:032FH         SYMBOL        ?C0094
  C:0385H         SYMBOL        ?C0095
  C:0252H         SYMBOL        ?C0096
  C:03A0H         SYMBOL        ?C0097
  C:0375H         SYMBOL        ?C0098
  C:0392H         SYMBOL        ?C0099
  C:03BFH         SYMBOL        ?C0100
  C:18F2H         SYMBOL        ?C0101
  C:18F7H         SYMBOL        ?SC_0
  C:191AH         SYMBOL        ?SC_35
  C:191CH         SYMBOL        ?SC_37
  D:0009H         SYMBOL        ?_GETASC2HEX?BYTE
  D:000CH         SYMBOL        ?_GETASCII?BYTE
  D:0008H         SYMBOL        ?_PARSEHEXRECORD?BYTE
  B:00D0H.6       SYMBOL        AC
  D:00E0H         SYMBOL        ACC
  I:0065H         SYMBOL        ASCIIHEX?155
  D:000CH         SYMBOL        ASCIIHEXV?259
  D:00F0H         SYMBOL        B
  D:009FH         SYMBOL        BANKSEL
  I:0058H         SYMBOL        C?043
  I:006AH         SYMBOL        C?262
  I:006BH         SYMBOL        C?364
  I:005BH         SYMBOL        CHKSUME?045
  D:000AH         SYMBOL        CHKSUMEV?153
  I:0063H         SYMBOL        CRAMADDR?051
  D:00F4H         SYMBOL        CRLA_H
  D:00F3H         SYMBOL        CRLA_L
  D:00F2H         SYMBOL        CRSA_H
  D:00F1H         SYMBOL        CRSA_L
  B:00D0H.7       SYMBOL        CY
  D:0083H         SYMBOL        DPH
  D:0082H         SYMBOL        DPL
  B:00A8H.7       SYMBOL        EA
  I:005FH         SYMBOL        ERR?049
  D:0008H         SYMBOL        ERRCNTV?040
  D:000BH         SYMBOL        ERRCNTV?154
  D:000DH         SYMBOL        ERRCNTV?260
  I:0069H         SYMBOL        ERRGETASCII?261
  I:0067H         SYMBOL        ERROR?157
  B:00A8H.4       SYMBOL        ES
  B:00A8H.1       SYMBOL        ET0
BL51 BANKED LINKER/LOCATER V6.22                                                      10/02/2016  03:15:59  PAGE 15


  B:00A8H.3       SYMBOL        ET1
  B:00A8H.0       SYMBOL        EX0
  B:00A8H.2       SYMBOL        EX1
  B:00D0H.5       SYMBOL        F0
  I:0068H         SYMBOL        FIRSTASCII?158
  I:0066H         SYMBOL        HEXTEMP?156
  I:005CH         SYMBOL        HEXVAL?046
  D:0009H         SYMBOL        HEXVALV?152
  N:0000H         SYMBOL        HEX_FILE_HDL
  I:0054H         SYMBOL        I?041
  D:00A8H         SYMBOL        IE
  B:0088H.1       SYMBOL        IE0
  B:0088H.3       SYMBOL        IE1
  B:00B0H.2       SYMBOL        INT0
  B:00B0H.3       SYMBOL        INT1
  D:00B8H         SYMBOL        IP
  B:0088H.0       SYMBOL        IT0
  B:0088H.2       SYMBOL        IT1
  C:18A7H         SYMBOL        L?0102
  C:18A7H         SYMBOL        L?0103
  C:18A9H         SYMBOL        L?0104
  D:00F8H         SYMBOL        MEMCTRL
  I:0056H         SYMBOL        N?042
  B:00D0H.2       SYMBOL        OV
  B:00D0H.0       SYMBOL        P
  D:0080H         SYMBOL        P0
  D:0090H         SYMBOL        P1
  D:00A0H         SYMBOL        P2
  D:00B0H         SYMBOL        P3
  D:0087H         SYMBOL        PCON
  B:00B8H.4       SYMBOL        PS
  D:00D0H         SYMBOL        PSW
  B:00B8H.1       SYMBOL        PT0
  B:00B8H.3       SYMBOL        PT1
  B:00B8H.0       SYMBOL        PX0
  B:00B8H.2       SYMBOL        PX1
  B:0098H.2       SYMBOL        RB8
  B:00B0H.7       SYMBOL        RD
  I:005DH         SYMBOL        RECLEN?047
  I:005EH         SYMBOL        RECTYPE?048
  B:0098H.4       SYMBOL        REN
  B:0098H.0       SYMBOL        RI
  B:00D0H.3       SYMBOL        RS0
  B:00D0H.4       SYMBOL        RS1
  B:00B0H.0       SYMBOL        RXD
  D:0099H         SYMBOL        SBUF
  D:0098H         SYMBOL        SCON
  B:0098H.7       SYMBOL        SM0
  B:0098H.6       SYMBOL        SM1
  B:0098H.5       SYMBOL        SM2
  D:0081H         SYMBOL        SP
  I:0061H         SYMBOL        STATE?050
  B:00B0H.4       SYMBOL        T0
  B:00B0H.5       SYMBOL        T1
  B:0098H.3       SYMBOL        TB8
  D:0088H         SYMBOL        TCON
  I:0059H         SYMBOL        TEMP?044
BL51 BANKED LINKER/LOCATER V6.22                                                      10/02/2016  03:15:59  PAGE 16


  B:0088H.5       SYMBOL        TF0
  B:0088H.7       SYMBOL        TF1
  D:008CH         SYMBOL        TH0
  D:008DH         SYMBOL        TH1
  B:0098H.1       SYMBOL        TI
  D:008AH         SYMBOL        TL0
  D:008BH         SYMBOL        TL1
  D:0089H         SYMBOL        TMOD
  B:0088H.4       SYMBOL        TR0
  B:0088H.6       SYMBOL        TR1
  B:00B0H.1       SYMBOL        TXD
  B:00B0H.6       SYMBOL        WR
  C:0036H         LINE#         310
  C:0038H         LINE#         328
  C:0039H         LINE#         329
  C:003BH         LINE#         330
  C:003CH         LINE#         331
  C:003DH         LINE#         332
  C:003EH         LINE#         335
  C:0040H         LINE#         336
  C:0041H         LINE#         339
  C:0042H         LINE#         340
  C:0043H         LINE#         343
  C:0045H         LINE#         344
  C:0046H         LINE#         345
  C:0047H         LINE#         346
  C:0048H         LINE#         349
  C:004AH         LINE#         350
  C:004BH         LINE#         353
  C:004DH         LINE#         354
  C:004EH         LINE#         355
  C:004FH         LINE#         356
  C:0050H         LINE#         360
  C:0052H         LINE#         361
  C:0053H         LINE#         362
  C:0054H         LINE#         363
  C:0055H         LINE#         365
  C:0057H         LINE#         366
  C:0058H         LINE#         367
  C:0059H         LINE#         368
  C:005AH         LINE#         369
  C:005BH         LINE#         370
  C:005CH         LINE#         371
  C:005DH         LINE#         372
  C:005FH         LINE#         373
  C:0060H         LINE#         374
  C:0062H         LINE#         375
  C:0064H         LINE#         380
  C:0066H         LINE#         381
  C:0067H         LINE#         382
  C:0069H         LINE#         383
  C:006AH         LINE#         384
  C:006BH         LINE#         385
  C:006CH         LINE#         386
  C:006DH         LINE#         387
  C:006EH         LINE#         388
  C:006FH         LINE#         391
BL51 BANKED LINKER/LOCATER V6.22                                                      10/02/2016  03:15:59  PAGE 17


  C:0071H         LINE#         392
  C:0072H         LINE#         393
  C:0073H         LINE#         394
  C:0074H         LINE#         395
  C:0076H         LINE#         396
  C:0077H         LINE#         398
  C:0079H         LINE#         408
  C:007BH         LINE#         409
  C:007DH         LINE#         410
  C:007FH         LINE#         411
  C:0082H         LINE#         431
  C:0084H         LINE#         432
  C:0085H         LINE#         433
  C:0086H         LINE#         434
  C:0087H         LINE#         435
  C:0088H         LINE#         436
  C:0089H         LINE#         437
  C:008AH         LINE#         438
  C:008CH         LINE#         439
  C:008FH         LINE#         440
  C:0090H         LINE#         441
  C:00BEH         LINE#         480
  C:00C1H         LINE#         481
  C:00C3H         LINE#         482
  C:00C4H         LINE#         483
  C:00C5H         LINE#         486
  C:00C8H         LINE#         491
  C:00CAH         LINE#         494
  C:00CDH         LINE#         500
  C:00CFH         LINE#         501
  C:00D0H         LINE#         502
  C:00D1H         LINE#         503
  C:00D4H         LINE#         508
  C:00D5H         LINE#         519
  C:00D8H         LINE#         525
  C:00DBH         LINE#         526
  C:00DDH         LINE#         527
  C:00E0H         LINE#         528
  C:00E2H         LINE#         529
  C:00E3H         LINE#         530
  C:00E5H         LINE#         531
  C:00E7H         LINE#         532
  C:00EAH         LINE#         535
  C:00ECH         LINE#         536
  C:00EEH         LINE#         537
  C:00EFH         LINE#         538
  C:00F0H         LINE#         539
  C:00F2H         LINE#         540
  C:00F3H         LINE#         541
  C:00F4H         LINE#         542
  C:00F5H         LINE#         543
  C:00F6H         LINE#         544
  C:00F7H         LINE#         545
  C:00F9H         LINE#         546
  C:00FBH         LINE#         547
  C:00FCH         LINE#         548
  C:00FEH         LINE#         549
BL51 BANKED LINKER/LOCATER V6.22                                                      10/02/2016  03:15:59  PAGE 18


  C:00FFH         LINE#         550
  C:0101H         LINE#         554
  C:0104H         LINE#         561
  C:0107H         LINE#         562
  C:0109H         LINE#         563
  C:010BH         LINE#         564
  C:010CH         LINE#         565
  C:010DH         LINE#         566
  C:010EH         LINE#         567
  C:010FH         LINE#         568
  C:0110H         LINE#         571
  C:0112H         LINE#         576
  C:0114H         LINE#         577
  C:0115H         LINE#         578
  C:0116H         LINE#         579
  C:0117H         LINE#         582
  C:0119H         LINE#         583
  C:011BH         LINE#         584
  C:011CH         LINE#         585
  C:011EH         LINE#         591
  C:0121H         LINE#         603
  C:0124H         LINE#         604
  C:0126H         LINE#         605
  C:0128H         LINE#         606
  C:0129H         LINE#         607
  C:012AH         LINE#         608
  C:012BH         LINE#         609
  C:012CH         LINE#         610
  C:012DH         LINE#         613
  C:012FH         LINE#         614
  C:0130H         LINE#         615
  C:0131H         LINE#         616
  C:0133H         LINE#         617
  C:0135H         LINE#         618
  C:0136H         LINE#         619
  C:0138H         LINE#         622
  C:0139H         LINE#         623
  C:013BH         LINE#         631
  C:013EH         LINE#         637
  C:0141H         LINE#         638
  C:0143H         LINE#         639
  C:0145H         LINE#         640
  C:0146H         LINE#         641
  C:0147H         LINE#         642
  C:0148H         LINE#         643
  C:0149H         LINE#         644
  C:014AH         LINE#         647
  C:014CH         LINE#         654
  C:014EH         LINE#         660
  C:0150H         LINE#         661
  C:0151H         LINE#         662
  C:0153H         LINE#         663
  C:0154H         LINE#         664
  C:0155H         LINE#         665
  C:0156H         LINE#         666
  C:0157H         LINE#         667
  C:0158H         LINE#         668
BL51 BANKED LINKER/LOCATER V6.22                                                      10/02/2016  03:15:59  PAGE 19


  C:0159H         LINE#         671
  C:015BH         LINE#         672
  C:015CH         LINE#         673
  C:015DH         LINE#         674
  C:015EH         LINE#         675
  C:015FH         LINE#         676
  C:0161H         LINE#         677
  C:0162H         LINE#         678
  C:0163H         LINE#         679
  C:0164H         LINE#         680
  C:0165H         LINE#         681
  C:0166H         LINE#         682
  C:0167H         LINE#         683
  C:0168H         LINE#         686
  C:016AH         LINE#         687
  C:016CH         LINE#         688
  C:016DH         LINE#         689
  C:016EH         LINE#         690
  C:016FH         LINE#         691
  C:0170H         LINE#         692
  C:0171H         LINE#         695
  C:0172H         LINE#         696
  C:0173H         LINE#         697
  C:0174H         LINE#         698
  C:0175H         LINE#         699
  C:0176H         LINE#         700
  C:0177H         LINE#         703
  C:0179H         LINE#         704
  C:017BH         LINE#         705
  C:017CH         LINE#         706
  C:017EH         LINE#         713
  C:0181H         LINE#         720
  C:0183H         LINE#         721
  C:0186H         LINE#         722
  C:0188H         LINE#         723
  C:018AH         LINE#         724
  C:018BH         LINE#         725
  C:018CH         LINE#         726
  C:018DH         LINE#         727
  C:018EH         LINE#         728
  C:018FH         LINE#         731
  C:0191H         LINE#         737
  C:0192H         LINE#         740
  C:0195H         LINE#         746
  C:0197H         LINE#         747
  C:0198H         LINE#         748
  C:0199H         LINE#         749
  C:019AH         LINE#         750
  C:019CH         LINE#         751
  C:019EH         LINE#         758
  C:01A1H         LINE#         770
  C:01A2H         LINE#         771
  C:01A4H         LINE#         772
  C:01A6H         LINE#         773
  C:01A7H         LINE#         774
  C:01A8H         LINE#         775
  C:01A9H         LINE#         776
BL51 BANKED LINKER/LOCATER V6.22                                                      10/02/2016  03:15:59  PAGE 20


  C:01AAH         LINE#         777
  C:01ABH         LINE#         780
  C:01ACH         LINE#         781
  C:01AEH         LINE#         787
  C:01B1H         LINE#         795
  C:01B4H         LINE#         796
  C:01B6H         LINE#         797
  C:01B8H         LINE#         798
  C:01B9H         LINE#         799
  C:01BBH         LINE#         802
  C:01BDH         LINE#         803
  C:01BEH         LINE#         806
  C:01C0H         LINE#         807
  C:01C1H         LINE#         808
  C:01C2H         LINE#         809
  C:01C3H         LINE#         810
  C:01C4H         LINE#         811
  C:01C5H         LINE#         812
  C:01C6H         LINE#         813
  C:01C9H         LINE#         814
  C:01CAH         LINE#         815
  C:01CBH         LINE#         816
  C:01CEH         LINE#         817
  C:01CFH         LINE#         818
  C:01D0H         LINE#         819
  C:01D2H         LINE#         822
  C:01D3H         LINE#         823
  C:01D4H         LINE#         824
  C:01D5H         LINE#         825
  C:01D6H         LINE#         826
  C:01D7H         LINE#         832
  C:01D9H         LINE#         833
  C:01DCH         LINE#         834
  C:01DEH         LINE#         835
  C:01E0H         LINE#         836
  C:01E1H         LINE#         837
  C:01E2H         LINE#         838
  C:01E3H         LINE#         839
  C:01E4H         LINE#         840
  C:01E5H         LINE#         843
  C:01E7H         LINE#         844
  C:01E8H         LINE#         845
  C:01E9H         LINE#         846
  C:01EAH         LINE#         847
  C:01ECH         LINE#         848
  C:01EDH         LINE#         852
  C:01EEH         LINE#         853
  C:01EFH         LINE#         854
  C:01F1H         LINE#         859
  C:01F2H         LINE#         860
  C:01F4H         LINE#         861
  C:01F5H         LINE#         862
  C:01F7H         LINE#         863
  C:01F8H         LINE#         864
  C:01F9H         LINE#         865
  C:01FBH         LINE#         866
  C:01FDH         LINE#         871
BL51 BANKED LINKER/LOCATER V6.22                                                      10/02/2016  03:15:59  PAGE 21


  C:01FFH         LINE#         873
  C:0202H         LINE#         877
  C:0203H         LINE#         878
  C:0205H         LINE#         879
  C:0206H         LINE#         880
  C:0207H         LINE#         881
  C:0208H         LINE#         887
  C:020AH         LINE#         888
  C:020BH         LINE#         889
  C:020CH         LINE#         890
  C:020DH         LINE#         891
  C:020FH         LINE#         892
  C:0210H         LINE#         899
  C:0212H         LINE#         906
  C:0214H         LINE#         907
  C:0216H         LINE#         908
  C:0218H         LINE#         909
  C:021BH         LINE#         912
  C:021DH         LINE#         913
  C:021FH         LINE#         914
  C:0220H         LINE#         915
  C:0221H         LINE#         916
  C:0223H         LINE#         917
  C:0224H         LINE#         918
  C:0225H         LINE#         919
  C:0226H         LINE#         920
  C:0227H         LINE#         921
  C:0228H         LINE#         922
  C:022AH         LINE#         923
  C:022CH         LINE#         924
  C:022DH         LINE#         925
  C:022FH         LINE#         926
  C:0230H         LINE#         927
  C:0232H         LINE#         933
  C:0234H         LINE#         934
  C:0235H         LINE#         935
  C:0237H         LINE#         936
  C:023AH         LINE#         939
  C:023CH         LINE#         940
  C:023DH         LINE#         943
  C:0240H         LINE#         949
  C:0243H         LINE#         950
  C:0245H         LINE#         951
  C:0247H         LINE#         952
  C:0248H         LINE#         953
  C:024AH         LINE#         963
  C:024BH         LINE#         965
  C:024DH         LINE#         968
  C:0250H         LINE#         978
  C:0252H         LINE#         986
  C:0254H         LINE#         987
  C:0256H         LINE#         988
  C:0257H         LINE#         989
  C:0259H         LINE#         992
  C:025CH         LINE#         999
  C:025EH         LINE#         1000
  C:025FH         LINE#         1001
BL51 BANKED LINKER/LOCATER V6.22                                                      10/02/2016  03:15:59  PAGE 22


  C:0260H         LINE#         1002
  C:0261H         LINE#         1003
  C:0263H         LINE#         1008
  C:0265H         LINE#         1009
  C:0266H         LINE#         1010
  C:0267H         LINE#         1011
  C:0268H         LINE#         1014
  C:026BH         LINE#         1015
  C:026DH         LINE#         1016
  C:026FH         LINE#         1017
  C:0270H         LINE#         1018
  C:0271H         LINE#         1019
  C:0272H         LINE#         1020
  C:0273H         LINE#         1021
  C:0274H         LINE#         1024
  C:0276H         LINE#         1025
  C:0277H         LINE#         1028
  C:0279H         LINE#         1033
  C:027AH         LINE#         1034
  C:027BH         LINE#         1035
  C:027CH         LINE#         1036
  C:027DH         LINE#         1037
  C:027FH         LINE#         1038
  C:0280H         LINE#         1039
  C:0281H         LINE#         1040
  C:0283H         LINE#         1043
  C:0284H         LINE#         1044
  C:0285H         LINE#         1045
  C:0286H         LINE#         1046
  C:0288H         LINE#         1047
  C:0289H         LINE#         1048
  C:028AH         LINE#         1049
  C:028BH         LINE#         1050
  C:028CH         LINE#         1053
  C:028EH         LINE#         1058
  C:0290H         LINE#         1059
  C:0292H         LINE#         1060
  C:0293H         LINE#         1061
  C:0295H         LINE#         1065
  C:0297H         LINE#         1066
  C:0299H         LINE#         1069
  C:029CH         LINE#         1076
  C:029FH         LINE#         1077
  C:02A1H         LINE#         1078
  C:02A3H         LINE#         1079
  C:02A4H         LINE#         1080
  C:02A5H         LINE#         1081
  C:02A6H         LINE#         1082
  C:02A7H         LINE#         1083
  C:02A8H         LINE#         1086
  C:02AAH         LINE#         1087
  C:02ABH         LINE#         1090
  C:02ADH         LINE#         1091
  C:02B0H         LINE#         1096
  C:02B1H         LINE#         1097
  C:02B2H         LINE#         1098
  C:02B3H         LINE#         1099
BL51 BANKED LINKER/LOCATER V6.22                                                      10/02/2016  03:15:59  PAGE 23


  C:02B4H         LINE#         1100
  C:02B5H         LINE#         1101
  C:02B6H         LINE#         1102
  C:02B8H         LINE#         1103
  C:02BAH         LINE#         1104
  C:02BCH         LINE#         1105
  C:02BEH         LINE#         1106
  C:02C0H         LINE#         1107
  C:02C1H         LINE#         1108
  C:02C2H         LINE#         1109
  C:02C3H         LINE#         1110
  C:02C4H         LINE#         1111
  C:02C5H         LINE#         1112
  C:02C6H         LINE#         1113
  C:02C8H         LINE#         1114
  C:02CBH         LINE#         1115
  C:02CDH         LINE#         1116
  C:02CEH         LINE#         1117
  C:02CFH         LINE#         1118
  C:02D0H         LINE#         1119
  C:02D1H         LINE#         1120
  C:02D2H         LINE#         1123
  C:02D3H         LINE#         1124
  C:02D5H         LINE#         1125
  C:02D6H         LINE#         1126
  C:02D8H         LINE#         1127
  C:02DAH         LINE#         1128
  C:02DBH         LINE#         1129
  C:02DCH         LINE#         1130
  C:02DEH         LINE#         1131
  C:02DFH         LINE#         1132
  C:02E0H         LINE#         1133
  C:02E2H         LINE#         1134
  C:02E4H         LINE#         1137
  C:02E5H         LINE#         1138
  C:02E7H         LINE#         1139
  C:02E8H         LINE#         1140
  C:02E9H         LINE#         1141
  C:02EAH         LINE#         1142
  C:02ECH         LINE#         1143
  C:02EDH         LINE#         1144
  C:02EEH         LINE#         1145
  C:02F0H         LINE#         1152
  C:02F2H         LINE#         1153
  C:02F4H         LINE#         1154
  C:02F5H         LINE#         1155
  C:02F6H         LINE#         1156
  C:02F8H         LINE#         1157
  C:02F9H         LINE#         1158
  C:02FAH         LINE#         1159
  C:02FBH         LINE#         1160
  C:02FCH         LINE#         1161
  C:02FDH         LINE#         1162
  C:02FFH         LINE#         1163
  C:0301H         LINE#         1164
  C:0302H         LINE#         1165
  C:0304H         LINE#         1166
BL51 BANKED LINKER/LOCATER V6.22                                                      10/02/2016  03:15:59  PAGE 24


  C:0305H         LINE#         1167
  C:0307H         LINE#         1170
  C:0309H         LINE#         1171
  C:030BH         LINE#         1172
  C:030CH         LINE#         1173
  C:030EH         LINE#         1180
  C:0310H         LINE#         1181
  C:0311H         LINE#         1182
  C:0312H         LINE#         1183
  C:0313H         LINE#         1184
  C:0314H         LINE#         1185
  C:0316H         LINE#         1187
  C:0317H         LINE#         1188
  C:0318H         LINE#         1189
  C:0319H         LINE#         1190
  C:031AH         LINE#         1191
  C:031BH         LINE#         1192
  C:031DH         LINE#         1193
  C:031EH         LINE#         1194
  C:0320H         LINE#         1195
  C:0321H         LINE#         1196
  C:0322H         LINE#         1197
  C:0323H         LINE#         1198
  C:0324H         LINE#         1199
  C:0325H         LINE#         1202
  C:0327H         LINE#         1203
  C:0329H         LINE#         1204
  C:032AH         LINE#         1205
  C:032BH         LINE#         1212
  C:032DH         LINE#         1213
  C:032FH         LINE#         1215
  C:0330H         LINE#         1216
  C:0332H         LINE#         1219
  C:0335H         LINE#         1225
  C:0337H         LINE#         1227
  C:0339H         LINE#         1228
  C:033AH         LINE#         1229
  C:033CH         LINE#         1234
  C:033FH         LINE#         1249
  C:0342H         LINE#         1250
  C:0344H         LINE#         1251
  C:0346H         LINE#         1252
  C:0347H         LINE#         1253
  C:0348H         LINE#         1254
  C:0349H         LINE#         1255
  C:034AH         LINE#         1256
  C:034BH         LINE#         1259
  C:034DH         LINE#         1260
  C:034FH         LINE#         1261
  C:0350H         LINE#         1262
  C:0352H         LINE#         1263
  C:0354H         LINE#         1264
  C:0355H         LINE#         1265
  C:0357H         LINE#         1273
  C:0359H         LINE#         1280
  C:035BH         LINE#         1289
  C:035DH         LINE#         1290
BL51 BANKED LINKER/LOCATER V6.22                                                      10/02/2016  03:15:59  PAGE 25


  C:035FH         LINE#         1291
  C:0360H         LINE#         1292
  C:0361H         LINE#         1293
  C:0363H         LINE#         1294
  C:0364H         LINE#         1295
  C:0365H         LINE#         1296
  C:0366H         LINE#         1297
  C:0367H         LINE#         1298
  C:0368H         LINE#         1299
  C:036AH         LINE#         1300
  C:036CH         LINE#         1301
  C:036DH         LINE#         1302
  C:036FH         LINE#         1303
  C:0370H         LINE#         1304
  C:0372H         LINE#         1313
  C:0373H         LINE#         1314
  C:0375H         LINE#         1318
  C:0377H         LINE#         1325
  C:0379H         LINE#         1326
  C:037AH         LINE#         1327
  C:037BH         LINE#         1328
  C:037CH         LINE#         1329
  C:037DH         LINE#         1330
  C:037EH         LINE#         1331
  C:0380H         LINE#         1332
  C:0381H         LINE#         1333
  C:0383H         LINE#         1338
  C:0384H         LINE#         1339
  C:0385H         LINE#         1341
  C:0386H         LINE#         1342
  C:0388H         LINE#         1345
  C:038AH         LINE#         1351
  C:038BH         LINE#         1352
  C:038DH         LINE#         1353
  C:038EH         LINE#         1354
  C:0390H         LINE#         1359
  C:0392H         LINE#         1363
  C:0394H         LINE#         1367
  C:0395H         LINE#         1368
  C:0397H         LINE#         1369
  C:0398H         LINE#         1370
  C:039AH         LINE#         1376
  C:039CH         LINE#         1377
  C:039DH         LINE#         1380
  C:039FH         LINE#         1381
  C:03A0H         LINE#         1383
  C:03A1H         LINE#         1384
  C:03A3H         LINE#         1389
  C:03A5H         LINE#         1400
  C:03A7H         LINE#         1401
  C:03A9H         LINE#         1402
  C:03AAH         LINE#         1403
  C:03ABH         LINE#         1404
  C:03ADH         LINE#         1405
  C:03AEH         LINE#         1406
  C:03AFH         LINE#         1407
  C:03B0H         LINE#         1408
BL51 BANKED LINKER/LOCATER V6.22                                                      10/02/2016  03:15:59  PAGE 26


  C:03B1H         LINE#         1409
  C:03B2H         LINE#         1410
  C:03B4H         LINE#         1411
  C:03B6H         LINE#         1412
  C:03B7H         LINE#         1413
  C:03B9H         LINE#         1414
  C:03BAH         LINE#         1415
  C:03BCH         LINE#         1418
  C:03BDH         LINE#         1419
  C:03BFH         LINE#         1421
  C:03C0H         LINE#         1422
  C:03C1H         LINE#         1423
  C:03C2H         LINE#         1426
  C:03C4H         LINE#         1434
  C:03C6H         LINE#         1435
  C:03C8H         LINE#         1436
  C:03CAH         LINE#         1437
  C:03CDH         LINE#         1448
  C:03CFH         LINE#         1449
  C:03D0H         LINE#         1452
  C:03D2H         LINE#         1453
  C:03D4H         LINE#         1454
  C:03D5H         LINE#         1455
  C:03D7H         LINE#         1467
  C:03D9H         LINE#         1468
  C:03DAH         LINE#         1469
  C:03DCH         LINE#         1470
  C:03DDH         LINE#         1471
  C:03DEH         LINE#         1472
  C:03E0H         LINE#         1473
  C:03E3H         LINE#         1476
  C:18A7H         LINE#         1505
  C:18A9H         LINE#         1507
  C:18ABH         LINE#         1508
  C:18ADH         LINE#         1512
  C:18AFH         LINE#         1513
  C:18B1H         LINE#         1514
  C:18B3H         LINE#         1523
  C:18B4H         LINE#         1524
  C:18B6H         LINE#         1525
  C:18B7H         LINE#         1528
  C:18B9H         LINE#         1529
  C:18BAH         LINE#         1540
  C:18BCH         LINE#         1541
  C:18BEH         LINE#         1542
  C:18C1H         LINE#         1543
  C:18C3H         LINE#         1544
  C:18C4H         LINE#         1545
  C:18C5H         LINE#         1548
  C:18C7H         LINE#         1549
  C:18C9H         LINE#         1550
  C:18CBH         LINE#         1551
  C:18CDH         LINE#         1559
  C:18CFH         LINE#         1560
  C:18D0H         LINE#         1561
  C:18D2H         LINE#         1566
  C:18D4H         LINE#         1567
BL51 BANKED LINKER/LOCATER V6.22                                                      10/02/2016  03:15:59  PAGE 27


  C:18D5H         LINE#         1568
  C:18D6H         LINE#         1569
  C:18D8H         LINE#         1570
  C:18D9H         LINE#         1571
  C:18DAH         LINE#         1574
  C:18DCH         LINE#         1575
  C:18DDH         LINE#         1578
  C:18DFH         LINE#         1587
  C:18E1H         LINE#         1588
  C:18E2H         LINE#         1589
  C:18E4H         LINE#         1590
  C:18E5H         LINE#         1591
  C:18E6H         LINE#         1594
  C:18E7H         LINE#         1595
  C:18E8H         LINE#         1596
  C:18EAH         LINE#         1597
  C:18EBH         LINE#         1600
  C:18EDH         LINE#         1601
  C:18EEH         LINE#         1602
  C:18EFH         LINE#         1603
  C:18F0H         LINE#         1609
  C:18F2H         LINE#         1623
  C:18F4H         LINE#         1624
  C:18F5H         LINE#         1625
  C:18F6H         LINE#         1633
  C:16F0H         LINE#         1652
  C:16F2H         LINE#         1653
  C:16F4H         LINE#         1660
  C:16F6H         LINE#         1661
  C:16F7H         LINE#         1662
  C:16F8H         LINE#         1665
  C:16FAH         LINE#         1666
  C:16FBH         LINE#         1669
  C:16FCH         LINE#         1670
  C:16FDH         LINE#         1673
  C:1700H         LINE#         1674
  C:1702H         LINE#         1675
  C:1704H         LINE#         1681
  C:1705H         LINE#         1682
  C:1706H         LINE#         1683
  C:1708H         LINE#         1684
  C:170AH         LINE#         1685
  C:170CH         LINE#         1686
  C:170EH         LINE#         1694
  C:1710H         LINE#         1695
  C:1712H         LINE#         1698
  C:1714H         LINE#         1704
  C:1716H         LINE#         1705
  C:1717H         LINE#         1706
  C:1718H         LINE#         1707
  C:1719H         LINE#         1708
  C:171AH         LINE#         1709
  C:171CH         LINE#         1710
  C:171DH         LINE#         1714
  C:171FH         LINE#         1715
  C:1721H         LINE#         1718
  C:1723H         LINE#         1724
BL51 BANKED LINKER/LOCATER V6.22                                                      10/02/2016  03:15:59  PAGE 28


  C:1726H         LINE#         1725
  C:1728H         LINE#         1730
  C:172AH         LINE#         1731
  C:172DH         LINE#         1732
  C:172FH         LINE#         1733
  C:1731H         LINE#         1736
  C:1732H         LINE#         1737
  C:1734H         LINE#         1738
  C:1735H         LINE#         1741
  C:1737H         LINE#         1745
  C:1739H         LINE#         1746
  C:173AH         LINE#         1747
  C:173DH         LINE#         1750
  C:173EH         LINE#         1751
  C:1740H         LINE#         1752
  C:1742H         LINE#         1759
  C:1744H         LINE#         1760
  C:1746H         LINE#         1761
  C:1747H         LINE#         1762
  C:1748H         LINE#         1763
  C:174AH         LINE#         1764
  C:174BH         LINE#         1765
  C:174CH         LINE#         1766
  C:174DH         LINE#         1767
  C:174EH         LINE#         1768
  C:174FH         LINE#         1769
  C:1751H         LINE#         1770
  C:1753H         LINE#         1771
  C:1754H         LINE#         1772
  C:1756H         LINE#         1773
  C:1757H         LINE#         1774
  C:1759H         LINE#         1777
  C:175BH         LINE#         1778
  C:175DH         LINE#         1788
  C:175FH         LINE#         1789
  C:1760H         LINE#         1790
  C:1761H         LINE#         1794
  C:1B1BH         LINE#         1848
  C:1B1DH         LINE#         1854
  C:1B1EH         LINE#         1855
  C:1B1FH         LINE#         1856
  C:1B22H         LINE#         1857
  C:1B24H         LINE#         1858
  C:1B25H         LINE#         1859
  C:1B26H         LINE#         1862
  C:1B27H         LINE#         1863
  C:1B29H         LINE#         1864
  C:1B2BH         LINE#         1867
  C:1B2DH         LINE#         1868
  C:1B2EH         LINE#         1869
  C:1B2FH         LINE#         1870
  C:1B31H         LINE#         1875
  C:1B33H         LINE#         1876
  C:1B35H         LINE#         1877
  C:1B36H         LINE#         1878
  C:1B37H         LINE#         1882
  C:1B39H         LINE#         1883
BL51 BANKED LINKER/LOCATER V6.22                                                      10/02/2016  03:15:59  PAGE 29


  C:1B3AH         LINE#         1884
  C:1B3BH         LINE#         1888
  C:1BABH         LINE#         1909
  C:1BADH         LINE#         1910
  C:1BAFH         LINE#         1931
  C:1BB1H         LINE#         1932
  C:1BB2H         LINE#         1933
  C:1BB3H         LINE#         1936
  C:1BB4H         LINE#         1937
  C:1BB5H         LINE#         1938
  C:1BB7H         LINE#         1941
  C:1BB9H         LINE#         1942
  C:1BBAH         LINE#         1947
  C:1BBCH         LINE#         1952
  -------         ENDMOD        HEX_FILE_HDL

  -------         MODULE        SPIFLASH
  C:1A24H         SEGMENT       ?PR?_CRC_CCITT_UPDATE?SPIFLASH
  C:1401H         SEGMENT       ?PR?LOAD_SFLASH2CRAM?SPIFLASH
  C:14F3H         SEGMENT       ?PR?_DUMP_CODE?SPIFLASH
  C:12EBH         SEGMENT       ?PR?DUMP_BACKUPCODE?SPIFLASH
  C:1762H         SEGMENT       ?PR?_SWUTIL_SWAPENDIAN?SPIFLASH
  D:0015H         SEGMENT       ?DT?_SWUTIL_SWAPENDIAN?SPIFLASH
  C:1A51H         SEGMENT       ?PR?_MEMUTIL_CLEARERAM?SPIFLASH
  C:0A38H         SEGMENT       ?PR?DOWNLOAD_UART2SFLASH?SPIFLASH
  C:1099H         SEGMENT       ?PR?SPIFLASH_BACKUPCODEIMAGE?SPIFLASH
  C:11C2H         SEGMENT       ?PR?SPIFLASH_RESTORECODEIMAGE?SPIFLASH
  C:0740H         SEGMENT       ?CO?SPIFLASH
  I:004FH         SEGMENT       ?ID?LOAD_SFLASH2CRAM?SPIFLASH
  I:004FH         SEGMENT       ?ID?_DUMP_CODE?SPIFLASH
  I:004FH         SEGMENT       ?ID?DUMP_BACKUPCODE?SPIFLASH
  I:004FH         SEGMENT       ?ID?DOWNLOAD_UART2SFLASH?SPIFLASH
  I:004FH         SEGMENT       ?ID?SPIFLASH_BACKUPCODEIMAGE?SPIFLASH
  I:004FH         SEGMENT       ?ID?SPIFLASH_RESTORECODEIMAGE?SPIFLASH
  C:0A38H         PUBLIC        DOWNLOAD_UART2SFLASH
  C:12EBH         PUBLIC        DUMP_BACKUPCODE
  C:1401H         PUBLIC        LOAD_SFLASH2CRAM
  C:1099H         PUBLIC        SPIFLASH_BACKUPCODEIMAGE
  C:11C2H         PUBLIC        SPIFLASH_RESTORECODEIMAGE
  C:1A24H         PUBLIC        _CRC_CCITT_UPDATE
  C:14F3H         PUBLIC        _DUMP_CODE
  C:1A51H         PUBLIC        _MEMUTIL_CLEARERAM
  C:1762H         PUBLIC        _SWUTIL_SWAPENDIAN
  C:1A50H         SYMBOL        ?C0001
  C:1421H         SYMBOL        ?C0002
  C:146EH         SYMBOL        ?C0003
  C:145EH         SYMBOL        ?C0004
  C:1478H         SYMBOL        ?C0006
  C:14E0H         SYMBOL        ?C0007
  C:14DBH         SYMBOL        ?C0008
  C:148EH         SYMBOL        ?C0009
  C:14CBH         SYMBOL        ?C0011
  C:14F2H         SYMBOL        ?C0013
  C:1502H         SYMBOL        ?C0014
  C:150EH         SYMBOL        ?C0015
  C:155CH         SYMBOL        ?C0016
  C:1526H         SYMBOL        ?C0018
BL51 BANKED LINKER/LOCATER V6.22                                                      10/02/2016  03:15:59  PAGE 30


  C:1560H         SYMBOL        ?C0019
  C:15DBH         SYMBOL        ?C0020
  C:15D6H         SYMBOL        ?C0021
  C:1588H         SYMBOL        ?C0022
  C:15A0H         SYMBOL        ?C0025
  C:15DEH         SYMBOL        ?C0026
  C:1304H         SYMBOL        ?C0027
  C:1369H         SYMBOL        ?C0028
  C:1328H         SYMBOL        ?C0030
  C:136DH         SYMBOL        ?C0031
  C:13FAH         SYMBOL        ?C0033
  C:1393H         SYMBOL        ?C0034
  C:13ABH         SYMBOL        ?C0037
  C:1400H         SYMBOL        ?C0038
  C:17D2H         SYMBOL        ?C0039
  C:1A7DH         SYMBOL        ?C0042
  C:0A59H         SYMBOL        ?C0043
  C:0C3AH         SYMBOL        ?C0044
  C:0A74H         SYMBOL        ?C0045
  C:0AC1H         SYMBOL        ?C0047
  C:0AF5H         SYMBOL        ?C0048
  C:0C16H         SYMBOL        ?C0049
  C:0B0EH         SYMBOL        ?C0050
  C:0B54H         SYMBOL        ?C0051
  C:0B18H         SYMBOL        ?C0053
  C:0B1CH         SYMBOL        ?C0054
  C:0BCCH         SYMBOL        ?C0056
  C:0BDBH         SYMBOL        ?C0058
  C:0C29H         SYMBOL        ?C0063
  C:10C9H         SYMBOL        ?C0065
  C:11C1H         SYMBOL        ?C0066
  C:10E5H         SYMBOL        ?C0067
  C:1145H         SYMBOL        ?C0069
  C:11B1H         SYMBOL        ?C0070
  C:11F2H         SYMBOL        ?C0072
  C:12EAH         SYMBOL        ?C0073
  C:120EH         SYMBOL        ?C0074
  C:126EH         SYMBOL        ?C0076
  C:12DAH         SYMBOL        ?C0077
  C:143EH         SYMBOL        ?C0079
  C:1446H         SYMBOL        ?C0080
  C:1466H         SYMBOL        ?C0081
  C:14ABH         SYMBOL        ?C0082
  C:14B3H         SYMBOL        ?C0083
  C:14D3H         SYMBOL        ?C0084
  C:153EH         SYMBOL        ?C0085
  C:1554H         SYMBOL        ?C0086
  C:15B8H         SYMBOL        ?C0087
  C:15CEH         SYMBOL        ?C0088
  C:1367H         SYMBOL        ?C0089
  C:13B3H         SYMBOL        ?C0090
  C:13F2H         SYMBOL        ?C0091
  C:0B52H         SYMBOL        ?C0092
  C:0AF1H         SYMBOL        ?C0093
  C:0C1CH         SYMBOL        ?C0094
  C:0C2FH         SYMBOL        ?C0095
  C:11ABH         SYMBOL        ?C0096
BL51 BANKED LINKER/LOCATER V6.22                                                      10/02/2016  03:15:59  PAGE 31


  C:12D4H         SYMBOL        ?C0097
  C:0C1EH         SYMBOL        ?DOWNLOAD_UART2SFLASH?CHECK_NEXT_BANK
  C:0B7AH         SYMBOL        ?DOWNLOAD_UART2SFLASH?CONT_PROGSFLASH
  C:0C32H         SYMBOL        ?DOWNLOAD_UART2SFLASH?END_SFLASH_PROGRAMMING
  C:0A83H         SYMBOL        ?DOWNLOAD_UART2SFLASH?PROGRAM_NEXT_BANK
  C:0740H         SYMBOL        ?SC_0
  C:07AAH         SYMBOL        ?SC_106
  C:07C1H         SYMBOL        ?SC_129
  C:07DDH         SYMBOL        ?SC_157
  C:07FEH         SYMBOL        ?SC_190
  C:082CH         SYMBOL        ?SC_236
  C:0837H         SYMBOL        ?SC_247
  C:075CH         SYMBOL        ?SC_28
  C:085DH         SYMBOL        ?SC_285
  C:075EH         SYMBOL        ?SC_30
  C:0876H         SYMBOL        ?SC_310
  C:08B1H         SYMBOL        ?SC_369
  C:08DAH         SYMBOL        ?SC_410
  C:08FAH         SYMBOL        ?SC_442
  C:0918H         SYMBOL        ?SC_472
  C:093CH         SYMBOL        ?SC_508
  C:095AH         SYMBOL        ?SC_538
  C:0777H         SYMBOL        ?SC_55
  C:097CH         SYMBOL        ?SC_572
  C:0994H         SYMBOL        ?SC_596
  C:09B3H         SYMBOL        ?SC_627
  C:09D1H         SYMBOL        ?SC_657
  C:09EDH         SYMBOL        ?SC_685
  C:0A17H         SYMBOL        ?SC_727
  C:0789H         SYMBOL        ?SC_73
  C:0792H         SYMBOL        ?SC_82
  C:0798H         SYMBOL        ?SC_88
  C:10F1H         SYMBOL        ?SPIFLASH_BACKUPCODEIMAGE?CONT_BKPSFLASH
  C:121AH         SYMBOL        ?SPIFLASH_RESTORECODEIMAGE?CONT_RESTORECODEIMAGE
  C:1A5AH         SYMBOL        ?_MEMUTIL_CLEARERAM?ERASE_RAM
  D:0015H         SYMBOL        ?_SWUTIL_SWAPENDIAN?BYTE
  B:00D0H.6       SYMBOL        AC
  D:00E0H         SYMBOL        ACC
  I:0051H         SYMBOL        ADDR?144
  I:004FH         SYMBOL        ADDR?248
  I:004FH         SYMBOL        ADDR?352
  I:0052H         SYMBOL        ADDR_COUNT?660
  D:00F0H         SYMBOL        B
  I:0050H         SYMBOL        BANKS?143
  I:0054H         SYMBOL        BANKS?251
  I:0054H         SYMBOL        BANKS?355
  D:009FH         SYMBOL        BANKSEL
  I:004FH         SYMBOL        C?658
  D:00F4H         SYMBOL        CRLA_H
  D:00F3H         SYMBOL        CRLA_L
  D:00F2H         SYMBOL        CRSA_H
  D:00F1H         SYMBOL        CRSA_L
  B:00D0H.7       SYMBOL        CY
  I:004FH         SYMBOL        DAT1?761
  I:004FH         SYMBOL        DAT1?862
  I:0053H         SYMBOL        DATCNT?145
  I:004FH         SYMBOL        DBYTE?142
BL51 BANKED LINKER/LOCATER V6.22                                                      10/02/2016  03:15:59  PAGE 32


  I:0053H         SYMBOL        DBYTE?250
  I:0053H         SYMBOL        DBYTE?354
  D:0083H         SYMBOL        DPH
  D:0082H         SYMBOL        DPL
  B:00A8H.7       SYMBOL        EA
  B:00A8H.4       SYMBOL        ES
  B:00A8H.1       SYMBOL        ET0
  B:00A8H.3       SYMBOL        ET1
  B:00A8H.0       SYMBOL        EX0
  B:00A8H.2       SYMBOL        EX1
  B:00D0H.5       SYMBOL        F0
  I:0051H         SYMBOL        I?249
  I:0051H         SYMBOL        I?353
  D:00A8H         SYMBOL        IE
  B:0088H.1       SYMBOL        IE0
  B:0088H.3       SYMBOL        IE1
  B:00B0H.2       SYMBOL        INT0
  B:00B0H.3       SYMBOL        INT1
  D:00B8H         SYMBOL        IP
  B:0088H.0       SYMBOL        IT0
  B:0088H.2       SYMBOL        IT1
  D:00F8H         SYMBOL        MEMCTRL
  I:0050H         SYMBOL        MEM_CRC16?659
  B:00D0H.2       SYMBOL        OV
  B:00D0H.0       SYMBOL        P
  D:0080H         SYMBOL        P0
  D:0090H         SYMBOL        P1
  D:00A0H         SYMBOL        P2
  D:00B0H         SYMBOL        P3
  D:0087H         SYMBOL        PCON
  I:0055H         SYMBOL        PROGCNT?146
  B:00B8H.4       SYMBOL        PS
  D:00D0H         SYMBOL        PSW
  B:00B8H.1       SYMBOL        PT0
  B:00B8H.3       SYMBOL        PT1
  B:00B8H.0       SYMBOL        PX0
  B:00B8H.2       SYMBOL        PX1
  B:0098H.2       SYMBOL        RB8
  B:00B0H.7       SYMBOL        RD
  B:0098H.4       SYMBOL        REN
  B:0098H.0       SYMBOL        RI
  B:00D0H.3       SYMBOL        RS0
  B:00D0H.4       SYMBOL        RS1
  B:00B0H.0       SYMBOL        RXD
  D:0099H         SYMBOL        SBUF
  D:0098H         SYMBOL        SCON
  B:0098H.7       SYMBOL        SM0
  B:0098H.6       SYMBOL        SM1
  B:0098H.5       SYMBOL        SM2
  D:0081H         SYMBOL        SP
  N:0000H         SYMBOL        SPIFLASH
  B:00B0H.4       SYMBOL        T0
  B:00B0H.5       SYMBOL        T1
  B:0098H.3       SYMBOL        TB8
  D:0088H         SYMBOL        TCON
  B:0088H.5       SYMBOL        TF0
  B:0088H.7       SYMBOL        TF1
BL51 BANKED LINKER/LOCATER V6.22                                                      10/02/2016  03:15:59  PAGE 33


  D:008CH         SYMBOL        TH0
  D:008DH         SYMBOL        TH1
  B:0098H.1       SYMBOL        TI
  D:008AH         SYMBOL        TL0
  D:008BH         SYMBOL        TL1
  D:0089H         SYMBOL        TMOD
  B:0088H.4       SYMBOL        TR0
  B:0088H.6       SYMBOL        TR1
  B:00B0H.1       SYMBOL        TXD
  D:0015H         SYMBOL        VAR32?456
  B:00B0H.6       SYMBOL        WR
  C:1A24H         LINE#         370
  C:1A26H         LINE#         375
  C:1A27H         LINE#         376
  C:1A29H         LINE#         379
  C:1A2AH         LINE#         380
  C:1A2BH         LINE#         381
  C:1A2DH         LINE#         382
  C:1A2FH         LINE#         387
  C:1A30H         LINE#         388
  C:1A32H         LINE#         389
  C:1A33H         LINE#         390
  C:1A34H         LINE#         391
  C:1A36H         LINE#         392
  C:1A37H         LINE#         393
  C:1A38H         LINE#         394
  C:1A39H         LINE#         395
  C:1A3BH         LINE#         396
  C:1A3CH         LINE#         397
  C:1A3DH         LINE#         398
  C:1A3EH         LINE#         399
  C:1A3FH         LINE#         400
  C:1A40H         LINE#         401
  C:1A41H         LINE#         402
  C:1A43H         LINE#         403
  C:1A44H         LINE#         404
  C:1A47H         LINE#         405
  C:1A48H         LINE#         406
  C:1A49H         LINE#         407
  C:1A4BH         LINE#         408
  C:1A4CH         LINE#         409
  C:1A4DH         LINE#         410
  C:1A4EH         LINE#         411
  C:1A4FH         LINE#         412
  C:1A50H         LINE#         416
  C:1401H         LINE#         501
  C:1403H         LINE#         502
  C:1405H         LINE#         503
  C:1407H         LINE#         504
  C:140AH         LINE#         508
  C:140DH         LINE#         511
  C:140FH         LINE#         512
  C:1411H         LINE#         513
  C:1412H         LINE#         514
  C:1414H         LINE#         518
  C:1415H         LINE#         519
  C:1417H         LINE#         520
BL51 BANKED LINKER/LOCATER V6.22                                                      10/02/2016  03:15:59  PAGE 34


  C:1418H         LINE#         521
  C:1419H         LINE#         522
  C:141AH         LINE#         525
  C:141CH         LINE#         529
  C:141EH         LINE#         530
  C:141FH         LINE#         531
  C:1420H         LINE#         532
  C:1421H         LINE#         538
  C:1423H         LINE#         539
  C:1424H         LINE#         540
  C:1425H         LINE#         541
  C:1426H         LINE#         542
  C:1427H         LINE#         543
  C:1428H         LINE#         544
  C:142AH         LINE#         545
  C:142CH         LINE#         546
  C:142DH         LINE#         547
  C:142EH         LINE#         548
  C:1430H         LINE#         549
  C:1431H         LINE#         552
  C:1433H         LINE#         553
  C:1435H         LINE#         554
  C:1436H         LINE#         557
  C:1438H         LINE#         558
  C:1439H         LINE#         559
  C:143AH         LINE#         560
  C:143BH         LINE#         561
  C:143DH         LINE#         562
  C:143EH         LINE#         566
  C:1440H         LINE#         567
  C:1441H         LINE#         568
  C:1442H         LINE#         569
  C:1443H         LINE#         570
  C:1445H         LINE#         571
  C:1446H         LINE#         575
  C:1448H         LINE#         576
  C:144BH         LINE#         577
  C:144CH         LINE#         578
  C:144FH         LINE#         583
  C:1451H         LINE#         584
  C:1453H         LINE#         585
  C:1455H         LINE#         586
  C:1458H         LINE#         589
  C:1459H         LINE#         590
  C:145BH         LINE#         591
  C:145CH         LINE#         592
  C:145DH         LINE#         593
  C:145EH         LINE#         599
  C:1460H         LINE#         600
  C:1461H         LINE#         601
  C:1462H         LINE#         602
  C:1463H         LINE#         603
  C:1465H         LINE#         604
  C:1466H         LINE#         606
  C:1467H         LINE#         607
  C:1469H         LINE#         608
  C:146AH         LINE#         609
BL51 BANKED LINKER/LOCATER V6.22                                                      10/02/2016  03:15:59  PAGE 35


  C:146CH         LINE#         610
  C:146EH         LINE#         615
  C:146FH         LINE#         616
  C:1471H         LINE#         617
  C:1472H         LINE#         618
  C:1473H         LINE#         619
  C:1474H         LINE#         622
  C:1476H         LINE#         623
  C:1478H         LINE#         625
  C:147AH         LINE#         626
  C:147BH         LINE#         627
  C:147CH         LINE#         628
  C:147DH         LINE#         629
  C:147FH         LINE#         630
[...]
  C:1132H         LINE#         2158
  C:1135H         LINE#         2159
  C:1136H         LINE#         2160
  C:1138H         LINE#         2161
  C:113AH         LINE#         2162
  C:113DH         LINE#         2165
  C:113EH         LINE#         2166
  C:113FH         LINE#         2167
  C:1142H         LINE#         2170
  C:1144H         LINE#         2171
  C:1145H         LINE#         2177
  C:1147H         LINE#         2178
  C:1149H         LINE#         2179
  C:114BH         LINE#         2180
  C:114DH         LINE#         2181
  C:1150H         LINE#         2182
  C:1153H         LINE#         2183
  C:1154H         LINE#         2184
  C:1157H         LINE#         2185
  C:1159H         LINE#         2188
BL51 BANKED LINKER/LOCATER V6.22                                                      10/02/2016  03:15:59  PAGE 50


  C:115CH         LINE#         2189
  C:115FH         LINE#         2190
  C:1160H         LINE#         2191
  C:1162H         LINE#         2192
  C:1163H         LINE#         2193
  C:1164H         LINE#         2194
  C:1165H         LINE#         2195
  C:1166H         LINE#         2196
  C:1167H         LINE#         2197
  C:1168H         LINE#         2198
  C:1169H         LINE#         2199
  C:116AH         LINE#         2200
  C:116BH         LINE#         2201
  C:116CH         LINE#         2202
  C:116FH         LINE#         2203
  C:1172H         LINE#         2206
  C:1175H         LINE#         2207
  C:1178H         LINE#         2208
  C:1179H         LINE#         2209
  C:117BH         LINE#         2210
  C:117CH         LINE#         2211
  C:117DH         LINE#         2212
  C:117EH         LINE#         2213
  C:117FH         LINE#         2214
  C:1180H         LINE#         2215
  C:1181H         LINE#         2216
  C:1182H         LINE#         2217
  C:1183H         LINE#         2218
  C:1184H         LINE#         2219
  C:1185H         LINE#         2220
  C:1188H         LINE#         2221
  C:118BH         LINE#         2224
  C:118EH         LINE#         2225
  C:1191H         LINE#         2226
  C:1192H         LINE#         2227
  C:1194H         LINE#         2228
  C:1195H         LINE#         2229
  C:1196H         LINE#         2230
  C:1197H         LINE#         2231
  C:1198H         LINE#         2232
  C:1199H         LINE#         2233
  C:119AH         LINE#         2234
  C:119BH         LINE#         2235
  C:119CH         LINE#         2236
  C:119DH         LINE#         2237
  C:11A0H         LINE#         2238
  C:11A2H         LINE#         2239
  C:11A5H         LINE#         2242
  C:11A7H         LINE#         2243
  C:11A9H         LINE#         2244
  C:11ABH         LINE#         2246
  C:11AEH         LINE#         2249
  C:11B1H         LINE#         2255
  C:11B3H         LINE#         2256
  C:11B5H         LINE#         2257
  C:11B7H         LINE#         2258
  C:11BAH         LINE#         2261
BL51 BANKED LINKER/LOCATER V6.22                                                      10/02/2016  03:15:59  PAGE 51


  C:11BBH         LINE#         2262
  C:11BCH         LINE#         2263
  C:11BFH         LINE#         2266
  C:11C1H         LINE#         2270
  C:11C2H         LINE#         2288
  C:11C5H         LINE#         2289
  C:11CCH         LINE#         2296
  C:11CFH         LINE#         2297
  C:11D6H         LINE#         2304
  C:11D8H         LINE#         2305
  C:11DAH         LINE#         2306
  C:11DCH         LINE#         2307
  C:11DFH         LINE#         2310
  C:11E2H         LINE#         2311
  C:11E4H         LINE#         2312
  C:11E5H         LINE#         2313
  C:11E6H         LINE#         2316
  C:11E8H         LINE#         2319
  C:11EAH         LINE#         2322
  C:11EBH         LINE#         2323
  C:11EDH         LINE#         2324
  C:11EFH         LINE#         2327
  C:11F1H         LINE#         2328
  C:11F2H         LINE#         2332
  C:11F4H         LINE#         2333
  C:11F6H         LINE#         2334
  C:11F8H         LINE#         2335
  C:11FBH         LINE#         2338
  C:11FEH         LINE#         2339
  C:1200H         LINE#         2340
  C:1201H         LINE#         2341
  C:1202H         LINE#         2344
  C:1204H         LINE#         2347
  C:1206H         LINE#         2350
  C:1207H         LINE#         2351
  C:1209H         LINE#         2352
  C:120BH         LINE#         2355
  C:120DH         LINE#         2356
  C:120EH         LINE#         2360
  C:1211H         LINE#         2363
  C:1213H         LINE#         2364
  C:1215H         LINE#         2365
  C:1217H         LINE#         2368
  C:121AH         LINE#         2372
  C:121DH         LINE#         2373
  C:1220H         LINE#         2374
  C:1223H         LINE#         2375
  C:1225H         LINE#         2376
  C:1226H         LINE#         2377
  C:1227H         LINE#         2378
  C:1228H         LINE#         2381
  C:122BH         LINE#         2382
  C:122EH         LINE#         2383
  C:1230H         LINE#         2384
  C:1233H         LINE#         2387
  C:1236H         LINE#         2388
  C:1239H         LINE#         2389
BL51 BANKED LINKER/LOCATER V6.22                                                      10/02/2016  03:15:59  PAGE 52


  C:123CH         LINE#         2390
  C:123EH         LINE#         2391
  C:123FH         LINE#         2392
  C:1240H         LINE#         2393
  C:1242H         LINE#         2396
  C:1244H         LINE#         2397
  C:1246H         LINE#         2398
  C:1248H         LINE#         2399
  C:124BH         LINE#         2400
  C:124EH         LINE#         2401
  C:1250H         LINE#         2402
  C:1253H         LINE#         2403
  C:1254H         LINE#         2404
  C:1256H         LINE#         2405
  C:1258H         LINE#         2406
  C:125BH         LINE#         2407
  C:125EH         LINE#         2408
  C:125FH         LINE#         2409
  C:1261H         LINE#         2410
  C:1263H         LINE#         2411
  C:1266H         LINE#         2414
  C:1267H         LINE#         2415
  C:1268H         LINE#         2416
  C:126BH         LINE#         2419
  C:126DH         LINE#         2420
  C:126EH         LINE#         2426
  C:1270H         LINE#         2427
  C:1272H         LINE#         2428
  C:1274H         LINE#         2429
  C:1276H         LINE#         2430
  C:1279H         LINE#         2431
  C:127CH         LINE#         2432
  C:127DH         LINE#         2433
  C:1280H         LINE#         2434
  C:1282H         LINE#         2437
  C:1285H         LINE#         2438
  C:1288H         LINE#         2439
  C:1289H         LINE#         2440
  C:128BH         LINE#         2441
  C:128CH         LINE#         2442
  C:128DH         LINE#         2443
  C:128EH         LINE#         2444
  C:128FH         LINE#         2445
  C:1290H         LINE#         2446
  C:1291H         LINE#         2447
  C:1292H         LINE#         2448
  C:1293H         LINE#         2449
  C:1294H         LINE#         2450
  C:1295H         LINE#         2451
  C:1298H         LINE#         2452
  C:129BH         LINE#         2455
  C:129EH         LINE#         2456
  C:12A1H         LINE#         2457
  C:12A2H         LINE#         2458
  C:12A4H         LINE#         2459
  C:12A5H         LINE#         2460
  C:12A6H         LINE#         2461
BL51 BANKED LINKER/LOCATER V6.22                                                      10/02/2016  03:15:59  PAGE 53


  C:12A7H         LINE#         2462
  C:12A8H         LINE#         2463
  C:12A9H         LINE#         2464
  C:12AAH         LINE#         2465
  C:12ABH         LINE#         2466
  C:12ACH         LINE#         2467
  C:12ADH         LINE#         2468
  C:12AEH         LINE#         2469
  C:12B1H         LINE#         2470
  C:12B4H         LINE#         2473
  C:12B7H         LINE#         2474
  C:12BAH         LINE#         2475
  C:12BBH         LINE#         2476
  C:12BDH         LINE#         2477
  C:12BEH         LINE#         2478
  C:12BFH         LINE#         2479
  C:12C0H         LINE#         2480
  C:12C1H         LINE#         2481
  C:12C2H         LINE#         2482
  C:12C3H         LINE#         2483
  C:12C4H         LINE#         2484
  C:12C5H         LINE#         2485
  C:12C6H         LINE#         2486
  C:12C9H         LINE#         2487
  C:12CBH         LINE#         2488
  C:12CEH         LINE#         2491
  C:12D0H         LINE#         2492
  C:12D2H         LINE#         2493
  C:12D4H         LINE#         2495
  C:12D7H         LINE#         2498
  C:12DAH         LINE#         2504
  C:12DCH         LINE#         2505
  C:12DEH         LINE#         2506
  C:12E0H         LINE#         2507
  C:12E3H         LINE#         2510
  C:12E4H         LINE#         2511
  C:12E5H         LINE#         2512
  C:12E8H         LINE#         2515
  C:12EAH         LINE#         2519
  -------         ENDMOD        SPIFLASH

  -------         MODULE        SPIFLASH_DRV
  C:0000H         SYMBOL        _ICE_DUMMY_
  C:1B3CH         PUBLIC        _spiflash_wren
  C:1A7EH         PUBLIC        _spiflash_wrsr_unlock
  C:1941H         PUBLIC        _spiflash_EraseBlock
  C:1683H         PUBLIC        _spiFlash_Cmd
  C:183DH         PUBLIC        spiflash_eraseBackup256k
  C:19B8H         PUBLIC        spiflash_CheckFlashBusy
  C:1AA7H         PUBLIC        _spiflash_eraseSector
  C:1AF6H         PUBLIC        _spiflash_ReadByte
  C:19F3H         PUBLIC        _spiflash_WriteByte
  C:17D3H         PUBLIC        spiflash_eraseLower256k
  -------         PROC          L?0050
  -------         ENDPROC       L?0050
  -------         PROC          _SPIFLASH_CMD
  D:000EH         SYMBOL        NumOfByteCmd
BL51 BANKED LINKER/LOCATER V6.22                                                      10/02/2016  03:15:59  PAGE 54


  D:000FH         SYMBOL        CmdData
  D:0013H         SYMBOL        SpiWriteData
  D:0014H         SYMBOL        RdWr
  -------         DO            
  I:0055H         SYMBOL        c
  I:0056H         SYMBOL        temp
  -------         ENDDO         
  C:1683H         LINE#         86
  C:1685H         LINE#         87
  C:1685H         LINE#         90
  C:1695H         LINE#         91
  C:16A0H         LINE#         92
  C:16A6H         LINE#         93
  C:16ACH         LINE#         94
  C:16B0H         LINE#         95
  C:16B6H         LINE#         96
  C:16BDH         LINE#         97
  C:16C2H         LINE#         98
  C:16C2H         LINE#         99
  C:16C7H         LINE#         100
  C:16C9H         LINE#         101
  C:16CFH         LINE#         102
  C:16D1H         LINE#         103
  C:16D7H         LINE#         104
  C:16D7H         LINE#         105
  C:16DEH         LINE#         106
  C:16E3H         LINE#         107
  C:16E3H         LINE#         108
  C:16E8H         LINE#         109
  C:16EAH         LINE#         110
  C:16EFH         LINE#         112
  -------         ENDPROC       _SPIFLASH_CMD
  -------         PROC          _SPIFLASH_WREN
  D:0007H         SYMBOL        wren
  C:1B3CH         LINE#         121
  C:1B3CH         LINE#         122
  C:1B3CH         LINE#         123
  C:1B3FH         LINE#         124
  C:1B45H         LINE#         126
  C:1B58H         LINE#         128
  -------         ENDPROC       _SPIFLASH_WREN
  -------         PROC          _SPIFLASH_WRSR_UNLOCK
  D:000DH         SYMBOL        unlock
  C:1A7EH         LINE#         136
  C:1A80H         LINE#         137
  C:1A80H         LINE#         138
  C:1A85H         LINE#         139
  C:1A8AH         LINE#         140
  C:1A8FH         LINE#         142
  C:1AA3H         LINE#         143
  C:1AA6H         LINE#         145
  -------         ENDPROC       _SPIFLASH_WRSR_UNLOCK
  -------         PROC          SPIFLASH_CHECKFLASHBUSY
  -------         DO            
  I:0055H         SYMBOL        c
  C:19B8H         SYMBOL        check_st_reg
  C:19C8H         SYMBOL        check_Txdone1
BL51 BANKED LINKER/LOCATER V6.22                                                      10/02/2016  03:15:59  PAGE 55


  C:19D7H         SYMBOL        check_Rxdone
  -------         ENDDO         
  C:19B8H         LINE#         195
  C:19B8H         LINE#         196
  C:19B8H         LINE#         198
  C:19B8H         LINE#         199
  C:19BEH         LINE#         200
  C:19C4H         LINE#         201
  C:19C8H         LINE#         202
  C:19C8H         LINE#         203
  C:19CFH         LINE#         204
  C:19D1H         LINE#         205
  C:19D1H         LINE#         206
  C:19D7H         LINE#         207
  C:19D7H         LINE#         208
  C:19DEH         LINE#         209
  C:19E0H         LINE#         210
  C:19E0H         LINE#         211
  C:19E9H         LINE#         215
  C:19EDH         LINE#         216
  C:19EDH         LINE#         217
  C:19F2H         LINE#         219
  -------         ENDPROC       SPIFLASH_CHECKFLASHBUSY
  -------         PROC          L?0051
  -------         ENDPROC       L?0051
  -------         PROC          _SPIFLASH_ERASEBLOCK
  D:0008H         SYMBOL        BlockID
  D:000CH         SYMBOL        block64
  C:1941H         LINE#         241
  C:1949H         LINE#         242
  C:1949H         LINE#         243
  C:194EH         LINE#         244
  C:1953H         LINE#         245
  C:1960H         LINE#         246
  C:196AH         LINE#         248
  C:1975H         LINE#         249
  C:1978H         LINE#         251
  -------         ENDPROC       _SPIFLASH_ERASEBLOCK
  -------         PROC          SPIFLASH_ERASELOWER256K
  -------         DO            
  I:0054H         SYMBOL        BlckID
  -------         ENDDO         
  C:17D3H         LINE#         256
  C:17D3H         LINE#         257
  C:17D3H         LINE#         259
  C:17DCH         LINE#         260
  C:17E0H         LINE#         261
  C:17E9H         LINE#         262
  C:17EEH         LINE#         263
  C:17F7H         LINE#         264
  C:17FBH         LINE#         265
  C:1804H         LINE#         266
  C:1811H         LINE#         267
  C:181AH         LINE#         268
  C:1827H         LINE#         269
  C:182EH         LINE#         270
  C:1837H         LINE#         271
BL51 BANKED LINKER/LOCATER V6.22                                                      10/02/2016  03:15:59  PAGE 56


  C:183CH         LINE#         273
  -------         ENDPROC       SPIFLASH_ERASELOWER256K
  -------         PROC          SPIFLASH_ERASEBACKUP256K
  -------         DO            
  I:0050H         SYMBOL        BlckID
  -------         ENDDO         
  C:183DH         LINE#         278
  C:183DH         LINE#         279
  C:183DH         LINE#         281
  C:1846H         LINE#         282
  C:184AH         LINE#         283
  C:1853H         LINE#         284
  C:1858H         LINE#         285
  C:1861H         LINE#         286
  C:1865H         LINE#         287
  C:186EH         LINE#         288
  C:187BH         LINE#         289
  C:1884H         LINE#         290
  C:1891H         LINE#         291
  C:1898H         LINE#         292
  C:18A1H         LINE#         293
  C:18A6H         LINE#         295
  -------         ENDPROC       SPIFLASH_ERASEBACKUP256K
  -------         PROC          _SPIFLASH_WRITEBYTE
  D:0008H         SYMBOL        Addr
  D:000CH         SYMBOL        IData
  C:19F3H         LINE#         320
  C:19FBH         LINE#         321
  C:19FBH         LINE#         322
  C:1A00H         LINE#         323
  C:1A20H         LINE#         324
  C:1A23H         LINE#         326
  -------         ENDPROC       _SPIFLASH_WRITEBYTE
  -------         PROC          _SPIFLASH_READBYTE
  D:0008H         SYMBOL        Addr
  C:1AF6H         LINE#         332
  C:1AFEH         LINE#         333
  C:1AFEH         LINE#         334
  C:1B15H         LINE#         335
  C:1B1AH         LINE#         336
  -------         ENDPROC       _SPIFLASH_READBYTE
  -------         PROC          _SPIFLASH_ERASESECTOR
  D:0008H         SYMBOL        Sector
  C:1AA7H         LINE#         341
  C:1AAFH         LINE#         342
  C:1AAFH         LINE#         343
  C:1AB4H         LINE#         344
  C:1AB9H         LINE#         345
  C:1ACCH         LINE#         346
  C:1ACFH         LINE#         348
  -------         ENDPROC       _SPIFLASH_ERASESECTOR
  -------         ENDMOD        SPIFLASH_DRV

  -------         MODULE        ?C?IMUL
  C:0C3BH         PUBLIC        ?C?IMUL
  -------         ENDMOD        ?C?IMUL

BL51 BANKED LINKER/LOCATER V6.22                                                      10/02/2016  03:15:59  PAGE 57


  -------         MODULE        ?C?IILDX
  C:0C4DH         PUBLIC        ?C?IILDX
  -------         ENDMOD        ?C?IILDX

  -------         MODULE        ?C?LOR
  C:0C63H         PUBLIC        ?C?LOR
  -------         ENDMOD        ?C?LOR

  -------         MODULE        ?C?ULCMP
  C:0C70H         PUBLIC        ?C?ULCMP
  -------         ENDMOD        ?C?ULCMP

  -------         MODULE        ?C?ULSHR
  C:0C81H         PUBLIC        ?C?ULSHR
  -------         ENDMOD        ?C?ULSHR

  -------         MODULE        ?C?LSHL
  C:0C94H         PUBLIC        ?C?LSHL
  -------         ENDMOD        ?C?LSHL

  -------         MODULE        ?C?LLDIDATA
  C:0CA7H         PUBLIC        ?C?LLDIDATA
  -------         ENDMOD        ?C?LLDIDATA

  -------         MODULE        ?C?LLDXDATA
  C:0CB3H         PUBLIC        ?C?LLDXDATA
  -------         ENDMOD        ?C?LLDXDATA

  -------         MODULE        ?C?LLDIDATA0
  C:0CBFH         PUBLIC        ?C?LLDIDATA0
  -------         ENDMOD        ?C?LLDIDATA0

  -------         MODULE        ?C?LLDXDATA0
  C:0CCCH         PUBLIC        ?C?LLDXDATA0
  -------         ENDMOD        ?C?LLDXDATA0

  -------         MODULE        ?C?LSTIDATA
  C:0CD8H         PUBLIC        ?C?LSTIDATA
  -------         ENDMOD        ?C?LSTIDATA

  -------         MODULE        ?C?LSTXDATA
  C:0CE4H         PUBLIC        ?C?LSTXDATA
  -------         ENDMOD        ?C?LSTXDATA

  -------         MODULE        ?C?LSTKIDATA
  C:0CF0H         PUBLIC        ?C?LSTKIDATA
  -------         ENDMOD        ?C?LSTKIDATA

  -------         MODULE        ?C?LSTKXDATA
  C:0D09H         PUBLIC        ?C?LSTKXDATA
  -------         ENDMOD        ?C?LSTKXDATA

  -------         MODULE        ?C?CCASE
  C:0D3AH         PUBLIC        ?C?CCASE
  -------         ENDMOD        ?C?CCASE

  -------         MODULE        PRINTF
BL51 BANKED LINKER/LOCATER V6.22                                                      10/02/2016  03:15:59  PAGE 58


  D:0009H         PUBLIC        ?_PRINTF517?BYTE
  D:0009H         PUBLIC        ?_PRINTF?BYTE
  D:0009H         PUBLIC        ?_SPRINTF517?BYTE
  D:0009H         PUBLIC        ?_SPRINTF?BYTE
  C:0446H         PUBLIC        _PRINTF
  C:0446H         PUBLIC        _PRINTF517
  C:0440H         PUBLIC        _SPRINTF
  C:0440H         PUBLIC        _SPRINTF517
  -------         ENDMOD        PRINTF

  -------         MODULE        ISXDIGIT
  C:1AD0H         PUBLIC        _isxdigit
  -------         ENDMOD        ISXDIGIT

  -------         MODULE        TOUPPER
  C:1BBDH         PUBLIC        _toupper
  -------         ENDMOD        TOUPPER

  -------         MODULE        ?C?CLDPTR
  C:0D60H         PUBLIC        ?C?CLDPTR
  -------         ENDMOD        ?C?CLDPTR

  -------         MODULE        ?C?CLDOPTR
  C:0D79H         PUBLIC        ?C?CLDOPTR
  -------         ENDMOD        ?C?CLDOPTR

  -------         MODULE        ?C?CSTPTR
  C:0DA6H         PUBLIC        ?C?CSTPTR
  -------         ENDMOD        ?C?CSTPTR

  -------         MODULE        ?C?PLDIIDATA
  C:0DB8H         PUBLIC        ?C?PLDIIDATA
  -------         ENDMOD        ?C?PLDIIDATA

Program Size: data=107.1 xdata=34 code=7138
LINK/LOCATE RUN COMPLETE.  0 WARNING(S),  0 ERROR(S)
