BL51 BANKED LINKER/LOCATER V6.22                                                        08/15/2016  19:37:08  PAGE 1


BL51 BANKED LINKER/LOCATER V6.22, INVOKED BY:
C:\KEIL_V5\C51\BIN\BL51.EXE .\main.obj, .\uart.obj, .\STARTUP.obj, .\cmem_ctrl.obj, .\hex_file_hdl.obj, .\spiflash.obj, 
>> .\spiflash_drv.obj TO bootld_8051_H00 RAMSIZE (256) CODE (0X2100-0X50FE) XDATA (0XA000-0XBFFE)


MEMORY MODEL: SMALL


INPUT MODULES INCLUDED:
  .\main.obj (MAIN)
  .\uart.obj (UART)
  .\STARTUP.obj (?C_STARTUP)
  .\cmem_ctrl.obj (CMEM_CTRL)
  .\hex_file_hdl.obj (HEX_FILE_HDL)
  .\spiflash.obj (SPIFLASH)
  .\spiflash_drv.obj (SPIFLASH_DRV)
  C:\KEIL_V5\C51\LIB\C51S.LIB (?C?IMUL)
  C:\KEIL_V5\C51\LIB\C51S.LIB (?C?IILDX)
  C:\KEIL_V5\C51\LIB\C51S.LIB (?C?LOR)
  C:\KEIL_V5\C51\LIB\C51S.LIB (?C?ULCMP)
  C:\KEIL_V5\C51\LIB\C51S.LIB (?C?ULSHR)
  C:\KEIL_V5\C51\LIB\C51S.LIB (?C?LSHL)
  C:\KEIL_V5\C51\LIB\C51S.LIB (?C?LLDIDATA)
  C:\KEIL_V5\C51\LIB\C51S.LIB (?C?LLDXDATA)
  C:\KEIL_V5\C51\LIB\C51S.LIB (?C?LLDIDATA0)
  C:\KEIL_V5\C51\LIB\C51S.LIB (?C?LSTIDATA)
  C:\KEIL_V5\C51\LIB\C51S.LIB (?C?LSTXDATA)
  C:\KEIL_V5\C51\LIB\C51S.LIB (?C?LSTKIDATA)
  C:\KEIL_V5\C51\LIB\C51S.LIB (?C?LSTKXDATA)
  C:\KEIL_V5\C51\LIB\C51S.LIB (?C?CCASE)
  C:\KEIL_V5\C51\LIB\C51S.LIB (PRINTF)
  C:\KEIL_V5\C51\LIB\C51S.LIB (ISXDIGIT)
  C:\KEIL_V5\C51\LIB\C51S.LIB (TOUPPER)
  C:\KEIL_V5\C51\LIB\C51S.LIB (?C?CLDPTR)
  C:\KEIL_V5\C51\LIB\C51S.LIB (?C?CLDOPTR)
  C:\KEIL_V5\C51\LIB\C51S.LIB (?C?CSTPTR)
  C:\KEIL_V5\C51\LIB\C51S.LIB (?C?PLDIIDATA)


LINK MAP OF MODULE:  bootld_8051_H00 (MAIN)


            TYPE    BASE      LENGTH    RELOCATION   SEGMENT NAME
            -----------------------------------------------------

            * * * * * * *   D A T A   M E M O R Y   * * * * * * *
            REG     0000H     0008H     ABSOLUTE     "REG BANK 0"
            DATA    0008H     0016H     UNIT         _DATA_GROUP_
                    001EH     0002H                  *** GAP ***
            BIT     0020H.0   0001H.1   UNIT         _BIT_GROUP_
                    0021H.1   000AH.7                *** GAP ***
            IDATA   002CH     001EH     ABSOLUTE     
            IDATA   004AH     001EH     UNIT         _IDATA_GROUP_
            IDATA   0068H     0018H     UNIT         ?ID?MAIN

            * * * * * * *  X D A T A   M E M O R Y  * * * * * * *
                    0000H     2000H                  *** GAP ***
            XDATA   2000H     0014H     ABSOLUTE     
BL51 BANKED LINKER/LOCATER V6.22                                                      08/15/2016  19:37:08  PAGE 2


                    2014H     7FECH                  *** GAP ***
            XDATA   A000H     000EH     UNIT         ?XD?MAIN

            * * * * * * *   C O D E   M E M O R Y   * * * * * * *
                    0000H     2100H                  *** GAP ***
            CODE    2100H     0036H     ABSOLUTE     
            CODE    2136H     0442H     UNIT         ?PR?_PARSEHEXRECORD?HEX_FILE_HDL
            CODE    2578H     035CH     UNIT         ?PR?PRINTF?PRINTF
            CODE    28D4H     019FH     UNIT         ?PR?DOWNLOAD_UART2SFLASH?SPIFLASH
            CODE    2A73H     0181H     UNIT         ?C?LIB_CODE
            CODE    2BF4H     016AH     UNIT         ?CO?SPIFLASH
            CODE    2D5EH     0104H     UNIT         ?CO?HEX_FILE_HDL
            CODE    2E62H     00F1H     UNIT         ?CO?MAIN
            CODE    2F53H     00D8H     UNIT         ?PR?MAIN?MAIN
            CODE    302BH     00BCH     UNIT         ?PR?LOAD_SFLASH2CRAM?SPIFLASH
            CODE    30E7H     0071H     UNIT         ?PR?_SWUTIL_SWAPENDIAN?SPIFLASH
            CODE    3158H     006FH     UNIT         ?PR?SPIFLASH_ERASELOWER256K?SPIFLASH_DRV
            CODE    31C7H     006DH     UNIT         ?PR?_SPIFLASH_CMD?SPIFLASH_DRV
            CODE    3234H     0069H     UNIT         ?PR?_GETASCII?HEX_FILE_HDL
            CODE    329DH     0053H     UNIT         ?PR?SPIFLASH
            CODE    32F0H     004AH     UNIT         ?PR?_GETASC2HEX?HEX_FILE_HDL
            CODE    333AH     003FH     UNIT         ?PR?_SPIFLASH_ERASEBLOCK?SPIFLASH_DRV
            CODE    3379H     003BH     UNIT         ?PR?SPIFLASH_CHECKFLASHBUSY?SPIFLASH_DRV
            CODE    33B4H     0031H     UNIT         ?PR?_SPIFLASH_WRITEBYTE?SPIFLASH_DRV
            CODE    33E5H     0030H     UNIT         ?PR?_SPIFLASH_ERASESECTOR?SPIFLASH_DRV
            CODE    3415H     002FH     UNIT         ?PR?HEX_FILE_HDL
            CODE    3444H     0029H     UNIT         ?PR?_MEMUTIL_CLEARERAM?SPIFLASH
            CODE    346DH     0029H     UNIT         ?PR?_SPIFLASH_WRSR_UNLOCK?SPIFLASH_DRV
            CODE    3496H     0026H     UNIT         ?PR?_ISXDIGIT?ISXDIGIT
            CODE    34BCH     0023H     UNIT         ?PR?_WR2CRAM?HEX_FILE_HDL
            CODE    34DFH     0021H     UNIT         ?PR?_ASC2HEX?HEX_FILE_HDL
            CODE    3500H     001DH     UNIT         ?PR?_SPIFLASH_WREN?SPIFLASH_DRV
            CODE    351DH     001DH     UNIT         ?PR?_SPIFLASH_READBYTE?SPIFLASH_DRV
            CODE    353AH     001DH     UNIT         ?CO?SPIFLASH_DRV
            CODE    3557H     0017H     UNIT         ?PR?_PUTCHAR?UART
            CODE    356EH     0015H     UNIT         ?PR?COMINIT?UART
            CODE    3583H     0015H     UNIT         ?C_C51STARTUP
            CODE    3598H     0013H     UNIT         ?PR?ENABLEWRCRAM?CMEM_CTRL
            CODE    35ABH     0013H     UNIT         ?PR?DISABLEWRCRAM?CMEM_CTRL
            CODE    35BEH     0011H     UNIT         ?PR?_TOUPPER?TOUPPER
            CODE    35CFH     0010H     UNIT         ?PR?_GET1CHAR?UART
            CODE    35DFH     000CH     UNIT         ?PR?SPIFLASH_DRV



OVERLAY MAP OF MODULE:   bootld_8051_H00 (MAIN)


SEGMENT                                             BIT_GROUP          DATA_GROUP          IDATA_GROUP
  +--> CALLED SEGMENT                            START    LENGTH     START    LENGTH     START    LENGTH
--------------------------------------------------------------------------------------------------------
?C_C51STARTUP                                    -----    -----      -----    -----      -----    -----
  +--> ?PR?MAIN?MAIN

?PR?MAIN?MAIN                                    -----    -----      -----    -----      004AH    0005H
  +--> ?PR?DISABLEWRCRAM?CMEM_CTRL
  +--> ?PR?COMINIT?UART
BL51 BANKED LINKER/LOCATER V6.22                                                      08/15/2016  19:37:08  PAGE 3


  +--> ?CO?MAIN
  +--> ?PR?PRINTF?PRINTF
  +--> ?PR?DOWNLOAD_UART2SFLASH?SPIFLASH
  +--> ?PR?LOAD_SFLASH2CRAM?SPIFLASH

?PR?PRINTF?PRINTF                                0020H.0  0001H.1    000AH    0014H      -----    -----
  +--> ?PR?_PUTCHAR?UART

?PR?DOWNLOAD_UART2SFLASH?SPIFLASH                -----    -----      -----    -----      004FH    0001H
  +--> ?CO?SPIFLASH
  +--> ?PR?_SPIFLASH_WRSR_UNLOCK?SPIFLASH_DRV
  +--> ?PR?SPIFLASH_ERASELOWER256K?SPIFLASH_DRV
  +--> ?PR?SPIFLASH
  +--> ?PR?PRINTF?PRINTF
  +--> ?PR?DISABLEWRCRAM?CMEM_CTRL
  +--> ?PR?_SPIFLASH_WRITEBYTE?SPIFLASH_DRV
  +--> ?PR?_PARSEHEXRECORD?HEX_FILE_HDL
  +--> ?PR?_SPIFLASH_READBYTE?SPIFLASH_DRV
  +--> ?PR?_GET1CHAR?UART

?PR?_SPIFLASH_WRSR_UNLOCK?SPIFLASH_DRV           -----    -----      000DH    0001H      -----    -----
  +--> ?PR?_SPIFLASH_WREN?SPIFLASH_DRV
  +--> ?PR?_SPIFLASH_CMD?SPIFLASH_DRV
  +--> ?PR?SPIFLASH_CHECKFLASHBUSY?SPIFLASH_DRV

?PR?_SPIFLASH_WREN?SPIFLASH_DRV                  -----    -----      -----    -----      -----    -----
  +--> ?PR?_SPIFLASH_CMD?SPIFLASH_DRV

?PR?_SPIFLASH_CMD?SPIFLASH_DRV                   -----    -----      000EH    0007H      0051H    0005H
  +--> ?PR?_SWUTIL_SWAPENDIAN?SPIFLASH

?PR?_SWUTIL_SWAPENDIAN?SPIFLASH                  -----    -----      0015H    0004H      -----    -----

?PR?SPIFLASH_CHECKFLASHBUSY?SPIFLASH_DRV         -----    -----      -----    -----      0051H    0001H

?PR?SPIFLASH_ERASELOWER256K?SPIFLASH_DRV         -----    -----      -----    -----      0050H    0001H
  +--> ?CO?SPIFLASH_DRV
  +--> ?PR?PRINTF?PRINTF
  +--> ?PR?_SPIFLASH_ERASEBLOCK?SPIFLASH_DRV
  +--> ?PR?_SPIFLASH_ERASESECTOR?SPIFLASH_DRV

?PR?_SPIFLASH_ERASEBLOCK?SPIFLASH_DRV            -----    -----      0008H    0005H      -----    -----
  +--> ?PR?_SPIFLASH_WRSR_UNLOCK?SPIFLASH_DRV
  +--> ?PR?_SPIFLASH_WREN?SPIFLASH_DRV
  +--> ?PR?SPIFLASH_DRV
  +--> ?PR?_SPIFLASH_CMD?SPIFLASH_DRV
  +--> ?PR?SPIFLASH_CHECKFLASHBUSY?SPIFLASH_DRV

?PR?_SPIFLASH_ERASESECTOR?SPIFLASH_DRV           -----    -----      0008H    0004H      -----    -----
  +--> ?PR?_SPIFLASH_WRSR_UNLOCK?SPIFLASH_DRV
  +--> ?PR?_SPIFLASH_WREN?SPIFLASH_DRV
  +--> ?PR?SPIFLASH_DRV
  +--> ?PR?_SPIFLASH_CMD?SPIFLASH_DRV
  +--> ?PR?SPIFLASH_CHECKFLASHBUSY?SPIFLASH_DRV

?PR?_SPIFLASH_WRITEBYTE?SPIFLASH_DRV             -----    -----      0008H    0005H      -----    -----
  +--> ?PR?_SPIFLASH_WREN?SPIFLASH_DRV
BL51 BANKED LINKER/LOCATER V6.22                                                      08/15/2016  19:37:08  PAGE 4


  +--> ?PR?_SPIFLASH_CMD?SPIFLASH_DRV
  +--> ?PR?SPIFLASH_CHECKFLASHBUSY?SPIFLASH_DRV

?PR?_PARSEHEXRECORD?HEX_FILE_HDL                 -----    -----      0008H    0002H      0050H    0011H
  +--> ?PR?HEX_FILE_HDL
  +--> ?CO?HEX_FILE_HDL
  +--> ?PR?PRINTF?PRINTF
  +--> ?PR?_GET1CHAR?UART
  +--> ?PR?_ISXDIGIT?ISXDIGIT
  +--> ?PR?_GETASC2HEX?HEX_FILE_HDL
  +--> ?PR?_WR2CRAM?HEX_FILE_HDL

?PR?_GET1CHAR?UART                               -----    -----      -----    -----      0067H    0001H

?PR?_GETASC2HEX?HEX_FILE_HDL                     -----    -----      000AH    0003H      0061H    0004H
  +--> ?PR?_GETASCII?HEX_FILE_HDL

?PR?_GETASCII?HEX_FILE_HDL                       -----    -----      000DH    0002H      0065H    0002H
  +--> ?PR?_GET1CHAR?UART
  +--> ?PR?_ISXDIGIT?ISXDIGIT
  +--> ?PR?_ASC2HEX?HEX_FILE_HDL
  +--> ?PR?HEX_FILE_HDL

?PR?_ASC2HEX?HEX_FILE_HDL                        -----    -----      -----    -----      0067H    0001H
  +--> ?PR?_TOUPPER?TOUPPER

?PR?_SPIFLASH_READBYTE?SPIFLASH_DRV              -----    -----      0008H    0004H      -----    -----
  +--> ?PR?SPIFLASH_DRV
  +--> ?PR?_SPIFLASH_CMD?SPIFLASH_DRV

?PR?LOAD_SFLASH2CRAM?SPIFLASH                    -----    -----      -----    -----      004FH    0008H
  +--> ?CO?SPIFLASH
  +--> ?PR?PRINTF?PRINTF
  +--> ?PR?ENABLEWRCRAM?CMEM_CTRL
  +--> ?PR?SPIFLASH
  +--> ?PR?DISABLEWRCRAM?CMEM_CTRL



SYMBOL TABLE OF MODULE:  bootld_8051_H00 (MAIN)

  VALUE           TYPE          NAME
  ----------------------------------

  -------         MODULE        MAIN
  C:2F53H         SEGMENT       ?PR?MAIN?MAIN
  C:2E62H         SEGMENT       ?CO?MAIN
  X:A000H         SEGMENT       ?XD?MAIN
  I:0068H         SEGMENT       ?ID?MAIN
  I:004AH         SEGMENT       ?ID?MAIN?MAIN
  X:A00AH         PUBLIC        ADDR32_1
  X:A002H         PUBLIC        ADDRH
  X:A003H         PUBLIC        ADDRL
  X:A000H         PUBLIC        ERAM2SFLASHADDR
  I:0074H         PUBLIC        ERRCNT
  C:2F53H         PUBLIC        MAIN
  I:0068H         PUBLIC        PROGCNT
BL51 BANKED LINKER/LOCATER V6.22                                                      08/15/2016  19:37:08  PAGE 5


  X:A006H         PUBLIC        SFLASHADDR
  X:A004H         PUBLIC        UART2ERAMADDR
  C:2F8CH         SYMBOL        ?C0001
  C:2FA6H         SYMBOL        ?C0008
  C:2FAFH         SYMBOL        ?C0009
  C:2FC7H         SYMBOL        ?C0010
  C:2FD2H         SYMBOL        ?C0011
  C:2FD6H         SYMBOL        ?C0013
  C:2FDFH         SYMBOL        ?C0014
  C:3009H         SYMBOL        ?MAIN?BOOTUP
  C:2E62H         SYMBOL        ?SC_0
  C:2EEFH         SYMBOL        ?SC_141
  C:2F20H         SYMBOL        ?SC_190
  C:2E91H         SYMBOL        ?SC_47
  C:2EC0H         SYMBOL        ?SC_94
  B:00D0H.6       SYMBOL        AC
  D:00E0H         SYMBOL        ACC
  D:00F0H         SYMBOL        B
  D:009FH         SYMBOL        BANKSEL
  I:004EH         SYMBOL        C?041
  D:00F4H         SYMBOL        CRLA_H
  D:00F3H         SYMBOL        CRLA_L
  D:00F2H         SYMBOL        CRSA_H
  D:00F1H         SYMBOL        CRSA_L
  B:00D0H.7       SYMBOL        CY
  D:0083H         SYMBOL        DPH
  D:0082H         SYMBOL        DPL
  B:00A8H.7       SYMBOL        EA
  B:00A8H.4       SYMBOL        ES
  B:00A8H.1       SYMBOL        ET0
  B:00A8H.3       SYMBOL        ET1
  B:00A8H.0       SYMBOL        EX0
  B:00A8H.2       SYMBOL        EX1
  B:00D0H.5       SYMBOL        F0
  D:00A8H         SYMBOL        IE
  B:0088H.1       SYMBOL        IE0
  B:0088H.3       SYMBOL        IE1
  B:00B0H.2       SYMBOL        INT0
  B:00B0H.3       SYMBOL        INT1
  D:00B8H         SYMBOL        IP
  B:0088H.0       SYMBOL        IT0
  B:0088H.2       SYMBOL        IT1
  C:300FH         SYMBOL        L?0017
  D:00F8H         SYMBOL        MEMCTRL
  B:00D0H.2       SYMBOL        OV
  B:00D0H.0       SYMBOL        P
  D:0080H         SYMBOL        P0
  D:0090H         SYMBOL        P1
  D:00A0H         SYMBOL        P2
  D:00B0H         SYMBOL        P3
  D:0087H         SYMBOL        PCON
  B:00B8H.4       SYMBOL        PS
  D:00D0H         SYMBOL        PSW
  B:00B8H.1       SYMBOL        PT0
  B:00B8H.3       SYMBOL        PT1
  B:00B8H.0       SYMBOL        PX0
  B:00B8H.2       SYMBOL        PX1
BL51 BANKED LINKER/LOCATER V6.22                                                      08/15/2016  19:37:08  PAGE 6


  B:0098H.2       SYMBOL        RB8
  B:00B0H.7       SYMBOL        RD
  B:0098H.4       SYMBOL        REN
  B:0098H.0       SYMBOL        RI
  B:00D0H.3       SYMBOL        RS0
  B:00D0H.4       SYMBOL        RS1
  B:00B0H.0       SYMBOL        RXD
  D:0099H         SYMBOL        SBUF
  D:0098H         SYMBOL        SCON
  B:0098H.7       SYMBOL        SM0
  B:0098H.6       SYMBOL        SM1
  B:0098H.5       SYMBOL        SM2
  D:0081H         SYMBOL        SP
  B:00B0H.4       SYMBOL        T0
  B:00B0H.5       SYMBOL        T1
  B:0098H.3       SYMBOL        TB8
  D:0088H         SYMBOL        TCON
  I:004AH         SYMBOL        TEMP?040
  B:0088H.5       SYMBOL        TF0
  B:0088H.7       SYMBOL        TF1
  D:008CH         SYMBOL        TH0
  D:008DH         SYMBOL        TH1
  B:0098H.1       SYMBOL        TI
  D:008AH         SYMBOL        TL0
  D:008BH         SYMBOL        TL1
  D:0089H         SYMBOL        TMOD
  B:0088H.4       SYMBOL        TR0
  B:0088H.6       SYMBOL        TR1
  B:00B0H.1       SYMBOL        TXD
  B:00B0H.6       SYMBOL        WR
  C:2F53H         LINE#         201
  C:2F54H         LINE#         202
  C:2F56H         LINE#         205
  C:2F59H         LINE#         209
  C:2F5CH         LINE#         213
  C:2F5EH         LINE#         216
  C:2F5FH         LINE#         217
  C:2F61H         LINE#         218
  C:2F62H         LINE#         221
  C:2F64H         LINE#         222
  C:2F6BH         LINE#         229
  C:2F6DH         LINE#         241
  C:2F70H         LINE#         248
  C:2F73H         LINE#         249
  C:2F75H         LINE#         250
  C:2F77H         LINE#         251
  C:2F7AH         LINE#         254
  C:2F7CH         LINE#         255
  C:2F7EH         LINE#         256
  C:2F80H         LINE#         257
  C:2F83H         LINE#         260
  C:2F85H         LINE#         261
  C:2F87H         LINE#         262
  C:2F89H         LINE#         263
  C:2F8CH         LINE#         272
  C:2F8EH         LINE#         273
  C:2F8FH         LINE#         274
BL51 BANKED LINKER/LOCATER V6.22                                                      08/15/2016  19:37:08  PAGE 7


  C:2F90H         LINE#         275
  C:2F92H         LINE#         276
  C:2F94H         LINE#         277
  C:2F96H         LINE#         278
  C:2F98H         LINE#         279
  C:2F9AH         LINE#         280
  C:2F9CH         LINE#         281
  C:2F9EH         LINE#         282
  C:2FA0H         LINE#         283
  C:2FA2H         LINE#         284
  C:2FA4H         LINE#         285
  C:2FA6H         LINE#         320
  C:2FA9H         LINE#         323
  C:2FABH         LINE#         324
  C:2FADH         LINE#         327
  C:2FAFH         LINE#         373
  C:2FB1H         LINE#         374
  C:2FB3H         LINE#         375
  C:2FB5H         LINE#         376
  C:2FB8H         LINE#         379
  C:2FBAH         LINE#         380
  C:2FC1H         LINE#         387
  C:2FC3H         LINE#         388
  C:2FC5H         LINE#         391
  C:2FC7H         LINE#         453
  C:2FC9H         LINE#         454
  C:2FCCH         LINE#         457
  C:2FCEH         LINE#         460
  C:2FD0H         LINE#         463
  C:2FD2H         LINE#         467
  C:2FD4H         LINE#         472
  C:2FD6H         LINE#         478
  C:2FD9H         LINE#         481
  C:2FDBH         LINE#         482
  C:2FDDH         LINE#         485
  C:2FDFH         LINE#         491
  C:2FE1H         LINE#         492
  C:2FE4H         LINE#         493
  C:2FE5H         LINE#         494
  C:2FE7H         LINE#         495
  C:2FE8H         LINE#         496
  C:2FE9H         LINE#         497
  C:2FEAH         LINE#         498
  C:2FEBH         LINE#         499
  C:2FECH         LINE#         500
  C:2FEDH         LINE#         501
  C:2FEEH         LINE#         502
  C:2FEFH         LINE#         503
  C:2FF0H         LINE#         504
  C:2FF1H         LINE#         505
  C:2FF3H         LINE#         506
  C:2FF6H         LINE#         509
  C:2FF8H         LINE#         510
  C:2FFAH         LINE#         511
  C:2FFCH         LINE#         512
  C:2FFEH         LINE#         513
  C:3000H         LINE#         514
BL51 BANKED LINKER/LOCATER V6.22                                                      08/15/2016  19:37:08  PAGE 8


  C:3003H         LINE#         515
  C:3004H         LINE#         516
  C:3007H         LINE#         517
  C:3009H         LINE#         528
  C:300CH         LINE#         533
  C:300FH         LINE#         541
  C:3011H         LINE#         542
  C:3013H         LINE#         543
  C:3016H         LINE#         544
  C:3018H         LINE#         545
  C:301AH         LINE#         546
  C:301CH         LINE#         547
  C:301FH         LINE#         548
  C:3021H         LINE#         549
  C:3023H         LINE#         550
  C:3025H         LINE#         551
  C:3028H         LINE#         552
  C:302AH         LINE#         553
  -------         ENDMOD        MAIN

  -------         MODULE        UART
  C:0000H         SYMBOL        _ICE_DUMMY_
  B:0098H.0       PUBLIC        RI
  B:0098H.1       PUBLIC        TI
  D:0099H         PUBLIC        SBUF
  D:0087H         PUBLIC        PCON
  D:0098H         PUBLIC        SCON
  D:0089H         PUBLIC        TMOD
  C:356EH         PUBLIC        ComInit
  B:0088H.1       PUBLIC        IE0
  D:008DH         PUBLIC        TH1
  B:0088H.6       PUBLIC        TR1
  C:35CFH         PUBLIC        _get1char
  C:3557H         PUBLIC        _putchar
  -------         PROC          COMINIT
  C:356EH         LINE#         30
  C:356EH         LINE#         31
  C:356EH         LINE#         32
  C:3571H         LINE#         41
  C:3574H         LINE#         44
  C:3577H         LINE#         45
  C:3579H         LINE#         46
  C:357CH         LINE#         47
  C:357EH         LINE#         48
  C:3580H         LINE#         49
  C:3582H         LINE#         50
  -------         ENDPROC       COMINIT
  -------         PROC          _PUTCHAR
  D:0007H         SYMBOL        c
  C:3557H         LINE#         65
  C:3557H         LINE#         66
  C:3557H         LINE#         67
  C:355AH         LINE#         68
  C:355AH         LINE#         69
  C:355CH         LINE#         70
  C:355FH         LINE#         71
  C:3562H         LINE#         72
BL51 BANKED LINKER/LOCATER V6.22                                                      08/15/2016  19:37:08  PAGE 9


  C:3564H         LINE#         73
  C:3564H         LINE#         74
  C:3566H         LINE#         75
  C:3568H         LINE#         76
  C:356BH         LINE#         77
  C:356DH         LINE#         78
  C:356DH         LINE#         79
  -------         ENDPROC       _PUTCHAR
  -------         PROC          _GET1CHAR
  -------         DO            
  I:0067H         SYMBOL        c
  -------         ENDDO         
  C:35CFH         LINE#         85
  C:35CFH         LINE#         86
  C:35CFH         LINE#         88
  C:35D3H         LINE#         89
  C:35D6H         LINE#         90
  C:35DAH         LINE#         91
  C:35DCH         LINE#         92
  C:35DEH         LINE#         93
  -------         ENDPROC       _GET1CHAR
  -------         ENDMOD        UART

  -------         MODULE        ?C_STARTUP
  C:3583H         SEGMENT       ?C_C51STARTUP
  C:2100H         PUBLIC        ?C_STARTUP
  I:002CH         SYMBOL        ?STACK
  D:00E0H         SYMBOL        ACC
  D:00F0H         SYMBOL        B
  N:2100H         SYMBOL        CRAM_START
  D:0083H         SYMBOL        DPH
  D:0082H         SYMBOL        DPL
  N:0000H         SYMBOL        IBPSTACK
  N:0100H         SYMBOL        IBPSTACKTOP
  N:0100H         SYMBOL        IDATALEN
  C:3586H         SYMBOL        IDATALOOP
  N:0000H         SYMBOL        PBPSTACK
  N:0100H         SYMBOL        PBPSTACKTOP
  N:00FFH         SYMBOL        PDATALEN
  C:358EH         SYMBOL        PDATALOOP
  N:0000H         SYMBOL        PDATASTART
  N:0000H         SYMBOL        PPAGE
  N:0000H         SYMBOL        PPAGEENABLE
  D:00A0H         SYMBOL        PPAGE_SFR
  D:0081H         SYMBOL        SP
  C:3583H         SYMBOL        STARTUP1
  N:0000H         SYMBOL        XBPSTACK
  N:0000H         SYMBOL        XBPSTACKTOP
  N:0000H         SYMBOL        XDATALEN
  N:0000H         SYMBOL        XDATASTART
  X:2000H         SYMBOL        XVAR
  C:2100H         LINE#         133
  C:2103H         LINE#         136
  C:2106H         LINE#         137
  C:2107H         LINE#         138
  C:2108H         LINE#         139
  C:2109H         LINE#         140
BL51 BANKED LINKER/LOCATER V6.22                                                      08/15/2016  19:37:08  PAGE 10


  C:210AH         LINE#         141
  C:210BH         LINE#         142
  C:210EH         LINE#         143
  C:210FH         LINE#         144
  C:2110H         LINE#         145
  C:2111H         LINE#         146
  C:2112H         LINE#         147
  C:2113H         LINE#         148
  C:2116H         LINE#         149
  C:2117H         LINE#         150
  C:2118H         LINE#         151
  C:2119H         LINE#         152
  C:211AH         LINE#         153
  C:211BH         LINE#         154
  C:211EH         LINE#         155
  C:211FH         LINE#         156
  C:2120H         LINE#         157
  C:2121H         LINE#         158
  C:2122H         LINE#         159
  C:2123H         LINE#         160
  C:2126H         LINE#         161
  C:2127H         LINE#         162
  C:2128H         LINE#         163
  C:2129H         LINE#         164
  C:212AH         LINE#         165
  C:212BH         LINE#         166
  C:212EH         LINE#         167
  C:212FH         LINE#         168
  C:2130H         LINE#         169
  C:2131H         LINE#         170
  C:2132H         LINE#         171
  C:2133H         LINE#         172
  C:3583H         LINE#         179
  C:3585H         LINE#         180
  C:3586H         LINE#         181
  C:3587H         LINE#         182
  C:3589H         LINE#         205
  C:358BH         LINE#         206
  C:358DH         LINE#         207
  C:358EH         LINE#         208
  C:358FH         LINE#         209
  C:3590H         LINE#         210
  C:3592H         LINE#         231
  C:3595H         LINE#         242
  -------         ENDMOD        ?C_STARTUP

  -------         MODULE        CMEM_CTRL
  C:3598H         SEGMENT       ?PR?ENABLEWRCRAM?CMEM_CTRL
  C:35ABH         SEGMENT       ?PR?DISABLEWRCRAM?CMEM_CTRL
  C:35ABH         PUBLIC        DISABLEWRCRAM
  C:3598H         PUBLIC        ENABLEWRCRAM
  N:0000H         SYMBOL        CMEM_CTRL
  C:3598H         LINE#         48
  C:359BH         LINE#         50
  C:359EH         LINE#         52
  C:35A1H         LINE#         54
  C:35A4H         LINE#         56
BL51 BANKED LINKER/LOCATER V6.22                                                      08/15/2016  19:37:08  PAGE 11


  C:35A7H         LINE#         58
  C:35AAH         LINE#         64
  C:35ABH         LINE#         94
  C:35AEH         LINE#         96
  C:35B1H         LINE#         98
  C:35B4H         LINE#         100
  C:35B7H         LINE#         102
  C:35BAH         LINE#         104
  C:35BDH         LINE#         144
  -------         ENDMOD        CMEM_CTRL

  -------         MODULE        HEX_FILE_HDL
  C:2136H         SEGMENT       ?PR?_PARSEHEXRECORD?HEX_FILE_HDL
  D:0008H         SEGMENT       ?DT?_PARSEHEXRECORD?HEX_FILE_HDL
  C:32F0H         SEGMENT       ?PR?_GETASC2HEX?HEX_FILE_HDL
  D:000AH         SEGMENT       ?DT?_GETASC2HEX?HEX_FILE_HDL
  C:3234H         SEGMENT       ?PR?_GETASCII?HEX_FILE_HDL
  D:000DH         SEGMENT       ?DT?_GETASCII?HEX_FILE_HDL
  C:34DFH         SEGMENT       ?PR?_ASC2HEX?HEX_FILE_HDL
  C:34BCH         SEGMENT       ?PR?_WR2CRAM?HEX_FILE_HDL
  C:2D5EH         SEGMENT       ?CO?HEX_FILE_HDL
  I:0050H         SEGMENT       ?ID?_PARSEHEXRECORD?HEX_FILE_HDL
  I:0061H         SEGMENT       ?ID?_GETASC2HEX?HEX_FILE_HDL
  I:0065H         SEGMENT       ?ID?_GETASCII?HEX_FILE_HDL
  I:0067H         SEGMENT       ?ID?_ASC2HEX?HEX_FILE_HDL
  C:3415H         SEGMENT       ?PR?HEX_FILE_HDL
  C:34DFH         PUBLIC        _ASC2HEX
  C:32F0H         PUBLIC        _GETASC2HEX
  C:3234H         PUBLIC        _GETASCII
  C:2136H         PUBLIC        _PARSEHEXRECORD
  C:34BCH         PUBLIC        _WR2CRAM
  C:2157H         SYMBOL        ?C0001
  C:2170H         SYMBOL        ?C0002
  C:2176H         SYMBOL        ?C0004
  C:218FH         SYMBOL        ?C0005
  C:2198H         SYMBOL        ?C0007
  C:24F8H         SYMBOL        ?C0009
  C:21D4H         SYMBOL        ?C0010
  C:21E1H         SYMBOL        ?C0011
  C:21FEH         SYMBOL        ?C0013
  C:2221H         SYMBOL        ?C0016
  C:2232H         SYMBOL        ?C0019
  C:2246H         SYMBOL        ?C0020
  C:224DH         SYMBOL        ?C0021
  C:227DH         SYMBOL        ?C0022
  C:2288H         SYMBOL        ?C0023
  C:2294H         SYMBOL        ?C0025
  C:22A4H         SYMBOL        ?C0027
  C:22D0H         SYMBOL        ?C0028
  C:2316H         SYMBOL        ?C0029
  C:2301H         SYMBOL        ?C0030
  C:232DH         SYMBOL        ?C0031
  C:233BH         SYMBOL        ?C0033
  C:234BH         SYMBOL        ?C0034
  C:2352H         SYMBOL        ?C0035
  C:2354H         SYMBOL        ?C0036
  C:235EH         SYMBOL        ?C0037
BL51 BANKED LINKER/LOCATER V6.22                                                      08/15/2016  19:37:08  PAGE 12


  C:2395H         SYMBOL        ?C0038
  C:2387H         SYMBOL        ?C0039
  C:238EH         SYMBOL        ?C0040
  C:2416H         SYMBOL        ?C0042
  C:23DDH         SYMBOL        ?C0043
  C:23F2H         SYMBOL        ?C0044
  C:2420H         SYMBOL        ?C0047
  C:243CH         SYMBOL        ?C0048
  C:2446H         SYMBOL        ?C0049
  C:244BH         SYMBOL        ?C0050
  C:245FH         SYMBOL        ?C0051
  C:2469H         SYMBOL        ?C0053
  C:247EH         SYMBOL        ?C0056
  C:2495H         SYMBOL        ?C0057
  C:32FDH         SYMBOL        ?C0061
  C:3310H         SYMBOL        ?C0064
  C:3322H         SYMBOL        ?C0065
  C:3339H         SYMBOL        ?C0067
  C:3335H         SYMBOL        ?C0069
  C:3298H         SYMBOL        ?C0070
  C:3252H         SYMBOL        ?C0071
  C:3258H         SYMBOL        ?C0072
  C:3267H         SYMBOL        ?C0073
  C:327BH         SYMBOL        ?C0074
  C:3286H         SYMBOL        ?C0076
  C:329CH         SYMBOL        ?C0078
  C:34F5H         SYMBOL        ?C0079
  C:34FBH         SYMBOL        ?C0080
  C:34FFH         SYMBOL        ?C0081
  C:34D1H         SYMBOL        ?C0082
  C:34DCH         SYMBOL        ?C0083
  C:34DEH         SYMBOL        ?C0084
  C:216EH         SYMBOL        ?C0086
  C:218DH         SYMBOL        ?C0087
  C:21FBH         SYMBOL        ?C0088
  C:22E6H         SYMBOL        ?C0089
  C:2309H         SYMBOL        ?C0090
  C:23FAH         SYMBOL        ?C0091
  C:3261H         SYMBOL        ?C0092
  C:234BH         SYMBOL        ?C0093
  C:2243H         SYMBOL        ?C0094
  C:2416H         SYMBOL        ?C0095
  C:2284H         SYMBOL        ?C0096
  C:2418H         SYMBOL        ?C0097
  C:2352H         SYMBOL        ?C0098
  C:243AH         SYMBOL        ?C0099
  C:232AH         SYMBOL        ?C0100
  C:2410H         SYMBOL        ?C0101
  C:2459H         SYMBOL        ?C0102
  C:2354H         SYMBOL        ?C0103
  C:2478H         SYMBOL        ?C0104
  C:2449H         SYMBOL        ?C0105
  C:2467H         SYMBOL        ?C0106
  C:248FH         SYMBOL        ?C0107
  C:3335H         SYMBOL        ?C0108
  C:2D5EH         SYMBOL        ?SC_0
  C:2DC7H         SYMBOL        ?SC_105
BL51 BANKED LINKER/LOCATER V6.22                                                      08/15/2016  19:37:08  PAGE 13


  C:2DDCH         SYMBOL        ?SC_126
  C:2DF1H         SYMBOL        ?SC_147
  C:2E0DH         SYMBOL        ?SC_175
  C:2E27H         SYMBOL        ?SC_201
  C:2E47H         SYMBOL        ?SC_233
  C:2D81H         SYMBOL        ?SC_35
  C:2D83H         SYMBOL        ?SC_37
  C:2DA0H         SYMBOL        ?SC_66
  D:000AH         SYMBOL        ?_GETASC2HEX?BYTE
  D:000DH         SYMBOL        ?_GETASCII?BYTE
  D:0008H         SYMBOL        ?_PARSEHEXRECORD?BYTE
  B:00D0H.6       SYMBOL        AC
  D:00E0H         SYMBOL        ACC
  I:0061H         SYMBOL        ASCIIHEX?156
  D:000DH         SYMBOL        ASCIIHEXV?260
  D:00F0H         SYMBOL        B
  D:009FH         SYMBOL        BANKSEL
  I:0054H         SYMBOL        C?044
  I:0066H         SYMBOL        C?263
  I:0067H         SYMBOL        C?365
  I:0057H         SYMBOL        CHKSUME?046
  D:000BH         SYMBOL        CHKSUMEV?154
  C:3415H         SYMBOL        COM0070
  I:005FH         SYMBOL        CRAMADDR?052
  D:00F4H         SYMBOL        CRLA_H
  D:00F3H         SYMBOL        CRLA_L
  D:00F2H         SYMBOL        CRSA_H
  D:00F1H         SYMBOL        CRSA_L
  B:00D0H.7       SYMBOL        CY
  D:0083H         SYMBOL        DPH
  D:0082H         SYMBOL        DPL
  B:00A8H.7       SYMBOL        EA
  I:005BH         SYMBOL        ERR?050
  D:0008H         SYMBOL        ERRCNTV?040
  D:000CH         SYMBOL        ERRCNTV?155
  D:000EH         SYMBOL        ERRCNTV?261
  I:0065H         SYMBOL        ERRGETASCII?262
  I:0063H         SYMBOL        ERROR?158
  B:00A8H.4       SYMBOL        ES
  B:00A8H.1       SYMBOL        ET0
  B:00A8H.3       SYMBOL        ET1
  B:00A8H.0       SYMBOL        EX0
  B:00A8H.2       SYMBOL        EX1
  B:00D0H.5       SYMBOL        F0
  I:0064H         SYMBOL        FIRSTASCII?159
  I:0062H         SYMBOL        HEXTEMP?157
  I:0058H         SYMBOL        HEXVAL?047
  D:000AH         SYMBOL        HEXVALV?153
  N:0000H         SYMBOL        HEX_FILE_HDL
  I:0050H         SYMBOL        I?042
  D:00A8H         SYMBOL        IE
  B:0088H.1       SYMBOL        IE0
  B:0088H.3       SYMBOL        IE1
  B:00B0H.2       SYMBOL        INT0
  B:00B0H.3       SYMBOL        INT1
  D:00B8H         SYMBOL        IP
  B:0088H.0       SYMBOL        IT0
BL51 BANKED LINKER/LOCATER V6.22                                                      08/15/2016  19:37:08  PAGE 14


  B:0088H.2       SYMBOL        IT1
  C:2505H         SYMBOL        L?0109
  C:2518H         SYMBOL        L?0110
  C:252BH         SYMBOL        L?0111
  C:3415H         SYMBOL        L?0113
  C:3417H         SYMBOL        L?0114
  C:3419H         SYMBOL        L?0115
  C:253BH         SYMBOL        L?0116
  C:254EH         SYMBOL        L?0117
  C:3423H         SYMBOL        L?0118
  C:3425H         SYMBOL        L?0119
  C:3427H         SYMBOL        L?0120
  C:255BH         SYMBOL        L?0121
  C:256CH         SYMBOL        L?0122
  C:342EH         SYMBOL        L?0123
  C:343DH         SYMBOL        L?0124
  C:343DH         SYMBOL        L?0125
  D:00F8H         SYMBOL        MEMCTRL
  I:0052H         SYMBOL        N?043
  B:00D0H.2       SYMBOL        OV
  B:00D0H.0       SYMBOL        P
  D:0080H         SYMBOL        P0
  D:0090H         SYMBOL        P1
  D:00A0H         SYMBOL        P2
  D:00B0H         SYMBOL        P3
  D:0087H         SYMBOL        PCON
  D:0009H         SYMBOL        PROGCNTV?041
  B:00B8H.4       SYMBOL        PS
  D:00D0H         SYMBOL        PSW
  B:00B8H.1       SYMBOL        PT0
  B:00B8H.3       SYMBOL        PT1
  B:00B8H.0       SYMBOL        PX0
  B:00B8H.2       SYMBOL        PX1
  B:0098H.2       SYMBOL        RB8
  B:00B0H.7       SYMBOL        RD
  I:0059H         SYMBOL        RECLEN?048
  I:005AH         SYMBOL        RECTYPE?049
  B:0098H.4       SYMBOL        REN
  B:0098H.0       SYMBOL        RI
  B:00D0H.3       SYMBOL        RS0
  B:00D0H.4       SYMBOL        RS1
  B:00B0H.0       SYMBOL        RXD
  D:0099H         SYMBOL        SBUF
  D:0098H         SYMBOL        SCON
  B:0098H.7       SYMBOL        SM0
  B:0098H.6       SYMBOL        SM1
  B:0098H.5       SYMBOL        SM2
  D:0081H         SYMBOL        SP
  I:005DH         SYMBOL        STATE?051
  B:00B0H.4       SYMBOL        T0
  B:00B0H.5       SYMBOL        T1
  B:0098H.3       SYMBOL        TB8
  D:0088H         SYMBOL        TCON
  I:0055H         SYMBOL        TEMP?045
  B:0088H.5       SYMBOL        TF0
  B:0088H.7       SYMBOL        TF1
  D:008CH         SYMBOL        TH0
BL51 BANKED LINKER/LOCATER V6.22                                                      08/15/2016  19:37:08  PAGE 15


  D:008DH         SYMBOL        TH1
  B:0098H.1       SYMBOL        TI
  D:008AH         SYMBOL        TL0
  D:008BH         SYMBOL        TL1
  D:0089H         SYMBOL        TMOD
  B:0088H.4       SYMBOL        TR0
  B:0088H.6       SYMBOL        TR1
  B:00B0H.1       SYMBOL        TXD
  B:00B0H.6       SYMBOL        WR
  C:3415H         LINE#         334
  C:3417H         LINE#         336
  C:3419H         LINE#         338
  C:341AH         LINE#         339
  C:341BH         LINE#         340
  C:341DH         LINE#         341
  C:341EH         LINE#         342
  C:341FH         LINE#         343
  C:3420H         LINE#         344
  C:3421H         LINE#         345
  C:3422H         LINE#         346
  C:3423H         LINE#         349
  C:3425H         LINE#         351
  C:3427H         LINE#         353
  C:3428H         LINE#         354
  C:342AH         LINE#         355
  C:342BH         LINE#         356
  C:342DH         LINE#         357
  C:342EH         LINE#         360
  C:342FH         LINE#         361
  C:3431H         LINE#         362
  C:3432H         LINE#         363
  C:3433H         LINE#         364
  C:3434H         LINE#         365
  C:3435H         LINE#         366
  C:3436H         LINE#         367
  C:3437H         LINE#         368
  C:3439H         LINE#         369
  C:343AH         LINE#         370
  C:343BH         LINE#         371
  C:343CH         LINE#         372
  C:343DH         LINE#         376
  C:343EH         LINE#         377
  C:343FH         LINE#         378
  C:3441H         LINE#         379
  C:3443H         LINE#         380
  C:2136H         LINE#         389
  C:2138H         LINE#         390
  C:213AH         LINE#         406
  C:213BH         LINE#         407
  C:213DH         LINE#         408
  C:213EH         LINE#         409
  C:213FH         LINE#         410
  C:2140H         LINE#         413
  C:2142H         LINE#         414
  C:2143H         LINE#         417
  C:2144H         LINE#         418
  C:2145H         LINE#         421
BL51 BANKED LINKER/LOCATER V6.22                                                      08/15/2016  19:37:08  PAGE 16


  C:2147H         LINE#         422
  C:2148H         LINE#         423
  C:2149H         LINE#         424
  C:214AH         LINE#         427
  C:214CH         LINE#         428
  C:214DH         LINE#         431
  C:214FH         LINE#         432
  C:2150H         LINE#         433
  C:2151H         LINE#         434
  C:2152H         LINE#         438
  C:2154H         LINE#         439
  C:2155H         LINE#         440
  C:2156H         LINE#         441
  C:2157H         LINE#         443
  C:2159H         LINE#         444
  C:215AH         LINE#         445
  C:215BH         LINE#         446
  C:215CH         LINE#         447
  C:215DH         LINE#         448
  C:215EH         LINE#         449
  C:215FH         LINE#         450
  C:2161H         LINE#         451
  C:2162H         LINE#         452
  C:2164H         LINE#         453
  C:2166H         LINE#         458
  C:2168H         LINE#         461
  C:216BH         LINE#         462
  C:216DH         LINE#         463
  C:216EH         LINE#         465
  C:2170H         LINE#         469
  C:2171H         LINE#         470
  C:2173H         LINE#         471
  C:2174H         LINE#         472
  C:2175H         LINE#         473
  C:2176H         LINE#         475
  C:2178H         LINE#         476
  C:2179H         LINE#         477
  C:217AH         LINE#         478
  C:217BH         LINE#         479
  C:217CH         LINE#         480
  C:217DH         LINE#         481
  C:217EH         LINE#         482
  C:2180H         LINE#         483
  C:2181H         LINE#         484
  C:2183H         LINE#         485
  C:2185H         LINE#         490
  C:2187H         LINE#         493
  C:218AH         LINE#         494
  C:218CH         LINE#         495
  C:218DH         LINE#         497
  C:218FH         LINE#         502
  C:2191H         LINE#         503
  C:2193H         LINE#         504
  C:2195H         LINE#         505
  C:2198H         LINE#         525
  C:219AH         LINE#         526
  C:219BH         LINE#         527
BL51 BANKED LINKER/LOCATER V6.22                                                      08/15/2016  19:37:08  PAGE 17


  C:219CH         LINE#         528
  C:219DH         LINE#         529
  C:219EH         LINE#         530
  C:219FH         LINE#         531
  C:21A0H         LINE#         532
  C:21A2H         LINE#         533
  C:21A5H         LINE#         534
  C:21A6H         LINE#         535
  C:21D4H         LINE#         574
  C:21D7H         LINE#         575
  C:21D9H         LINE#         576
  C:21DAH         LINE#         577
  C:21DBH         LINE#         580
  C:21DEH         LINE#         587
  C:21E1H         LINE#         593
  C:21E3H         LINE#         594
  C:21E4H         LINE#         595
  C:21E5H         LINE#         596
  C:21E8H         LINE#         601
  C:21E9H         LINE#         602
  C:21EBH         LINE#         603
  C:21ECH         LINE#         606
  C:21EEH         LINE#         607
  C:21EFH         LINE#         608
  C:21F0H         LINE#         609
  C:21F2H         LINE#         612
  C:21F4H         LINE#         613
  C:21F5H         LINE#         614
  C:21F6H         LINE#         615
  C:21F7H         LINE#         616
  C:21F8H         LINE#         617
  C:21FAH         LINE#         618
  C:21FBH         LINE#         625
  C:21FEH         LINE#         631
  C:2201H         LINE#         632
  C:2203H         LINE#         633
  C:2206H         LINE#         634
  C:2208H         LINE#         635
  C:2209H         LINE#         636
  C:220BH         LINE#         637
  C:220DH         LINE#         638
  C:2210H         LINE#         641
  C:2212H         LINE#         642
  C:2214H         LINE#         643
  C:2217H         LINE#         644
  C:2219H         LINE#         645
  C:221BH         LINE#         646
  C:221EH         LINE#         650
  C:2221H         LINE#         657
  C:2224H         LINE#         660
  C:2226H         LINE#         665
  C:2228H         LINE#         666
  C:2229H         LINE#         669
  C:222CH         LINE#         670
  C:222DH         LINE#         671
  C:222FH         LINE#         677
  C:2232H         LINE#         689
BL51 BANKED LINKER/LOCATER V6.22                                                      08/15/2016  19:37:08  PAGE 18


  C:2235H         LINE#         692
  C:2237H         LINE#         693
  C:2238H         LINE#         694
  C:2239H         LINE#         695
  C:223BH         LINE#         696
  C:223DH         LINE#         697
  C:223EH         LINE#         698
  C:2240H         LINE#         701
  C:2241H         LINE#         702
  C:2243H         LINE#         710
  C:2246H         LINE#         716
  C:2249H         LINE#         719
  C:224BH         LINE#         726
  C:224DH         LINE#         732
  C:224FH         LINE#         733
  C:2250H         LINE#         734
  C:2252H         LINE#         735
  C:2253H         LINE#         736
  C:2254H         LINE#         737
  C:2255H         LINE#         738
  C:2256H         LINE#         739
  C:2257H         LINE#         740
  C:2258H         LINE#         743
  C:225AH         LINE#         744
  C:225BH         LINE#         745
  C:225CH         LINE#         746
  C:225DH         LINE#         747
  C:225EH         LINE#         748
  C:2260H         LINE#         749
  C:2261H         LINE#         750
  C:2262H         LINE#         751
  C:2263H         LINE#         752
  C:2264H         LINE#         753
  C:2265H         LINE#         754
  C:2266H         LINE#         755
  C:2267H         LINE#         758
  C:2269H         LINE#         759
  C:226BH         LINE#         760
  C:226CH         LINE#         761
  C:226DH         LINE#         762
  C:226EH         LINE#         763
  C:226FH         LINE#         764
  C:2270H         LINE#         767
  C:2271H         LINE#         768
  C:2272H         LINE#         769
  C:2273H         LINE#         770
  C:2274H         LINE#         773
  C:2277H         LINE#         774
  C:2278H         LINE#         775
  C:227AH         LINE#         782
  C:227DH         LINE#         789
  C:227FH         LINE#         790
  C:2282H         LINE#         793
  C:2284H         LINE#         799
  C:2285H         LINE#         802
  C:2288H         LINE#         808
  C:228AH         LINE#         809
BL51 BANKED LINKER/LOCATER V6.22                                                      08/15/2016  19:37:08  PAGE 19


  C:228BH         LINE#         810
  C:228CH         LINE#         811
  C:228DH         LINE#         812
  C:228FH         LINE#         813
  C:2291H         LINE#         820
  C:2294H         LINE#         832
  C:2295H         LINE#         833
  C:2297H         LINE#         834
  C:2299H         LINE#         835
  C:229AH         LINE#         836
  C:229BH         LINE#         837
  C:229CH         LINE#         838
  C:229DH         LINE#         839
  C:229EH         LINE#         842
  C:229FH         LINE#         843
  C:22A1H         LINE#         849
  C:22A4H         LINE#         857
  C:22A6H         LINE#         858
  C:22A8H         LINE#         859
  C:22AAH         LINE#         860
  C:22ADH         LINE#         861
  C:22AFH         LINE#         862
  C:22B1H         LINE#         863
  C:22B2H         LINE#         864
  C:22B4H         LINE#         867
  C:22B6H         LINE#         868
  C:22B7H         LINE#         871
  C:22B9H         LINE#         872
  C:22BAH         LINE#         873
  C:22BBH         LINE#         874
  C:22BCH         LINE#         875
  C:22BDH         LINE#         876
  C:22BEH         LINE#         877
  C:22BFH         LINE#         878
  C:22C2H         LINE#         879
  C:22C3H         LINE#         880
  C:22C4H         LINE#         881
  C:22C7H         LINE#         882
  C:22C8H         LINE#         883
  C:22C9H         LINE#         884
  C:22CBH         LINE#         887
  C:22CCH         LINE#         888
  C:22CDH         LINE#         889
  C:22CEH         LINE#         890
  C:22CFH         LINE#         891
  C:22D0H         LINE#         897
  C:22D2H         LINE#         898
  C:22D5H         LINE#         899
  C:22D7H         LINE#         900
  C:22D9H         LINE#         901
  C:22DAH         LINE#         902
  C:22DBH         LINE#         903
  C:22DCH         LINE#         904
  C:22DDH         LINE#         905
  C:22DEH         LINE#         908
  C:22E0H         LINE#         909
  C:22E1H         LINE#         910
BL51 BANKED LINKER/LOCATER V6.22                                                      08/15/2016  19:37:08  PAGE 20


  C:22E2H         LINE#         911
  C:22E3H         LINE#         912
  C:22E5H         LINE#         913
  C:22E6H         LINE#         917
  C:22E7H         LINE#         918
  C:22E8H         LINE#         919
  C:22EAH         LINE#         924
  C:22EBH         LINE#         925
  C:22EDH         LINE#         926
  C:22EEH         LINE#         927
  C:22F0H         LINE#         928
  C:22F1H         LINE#         929
  C:22F2H         LINE#         930
  C:22F4H         LINE#         931
  C:22F6H         LINE#         936
  C:22F8H         LINE#         938
  C:22FBH         LINE#         942
  C:22FCH         LINE#         943
  C:22FEH         LINE#         944
  C:22FFH         LINE#         945
  C:2300H         LINE#         946
  C:2301H         LINE#         952
  C:2303H         LINE#         953
  C:2304H         LINE#         954
  C:2305H         LINE#         955
  C:2306H         LINE#         956
  C:2308H         LINE#         957
  C:2309H         LINE#         961
  C:230BH         LINE#         962
  C:230DH         LINE#         963
  C:2310H         LINE#         964
  C:2312H         LINE#         965
  C:2314H         LINE#         968
  C:2316H         LINE#         975
  C:2318H         LINE#         976
  C:231AH         LINE#         977
  C:231CH         LINE#         978
  C:231FH         LINE#         981
  C:2321H         LINE#         982
  C:2323H         LINE#         983
  C:2326H         LINE#         984
  C:2328H         LINE#         985
  C:232AH         LINE#         987
  C:232DH         LINE#         993
  C:232FH         LINE#         994
  C:2330H         LINE#         995
  C:2332H         LINE#         996
  C:2335H         LINE#         999
  C:2337H         LINE#         1000
  C:2338H         LINE#         1003
  C:233BH         LINE#         1009
  C:233EH         LINE#         1012
  C:2340H         LINE#         1013
  C:2342H         LINE#         1014
  C:2343H         LINE#         1015
  C:2345H         LINE#         1018
  C:2348H         LINE#         1019
BL51 BANKED LINKER/LOCATER V6.22                                                      08/15/2016  19:37:08  PAGE 21


  C:234BH         LINE#         1027
  C:234DH         LINE#         1028
  C:234FH         LINE#         1031
  C:2352H         LINE#         1041
  C:2354H         LINE#         1049
  C:2356H         LINE#         1050
  C:2358H         LINE#         1051
  C:2359H         LINE#         1052
  C:235BH         LINE#         1055
  C:235EH         LINE#         1062
  C:2360H         LINE#         1063
  C:2361H         LINE#         1064
  C:2362H         LINE#         1065
  C:2363H         LINE#         1066
  C:2365H         LINE#         1071
  C:2367H         LINE#         1072
  C:2368H         LINE#         1073
  C:2369H         LINE#         1074
  C:236AH         LINE#         1077
  C:236DH         LINE#         1080
  C:236FH         LINE#         1081
  C:2370H         LINE#         1084
  C:2372H         LINE#         1089
  C:2373H         LINE#         1090
  C:2374H         LINE#         1091
  C:2375H         LINE#         1092
  C:2376H         LINE#         1093
  C:2378H         LINE#         1094
  C:2379H         LINE#         1095
  C:237AH         LINE#         1096
  C:237CH         LINE#         1099
  C:237DH         LINE#         1100
  C:237EH         LINE#         1101
  C:237FH         LINE#         1102
  C:2381H         LINE#         1103
  C:2382H         LINE#         1104
  C:2383H         LINE#         1105
  C:2384H         LINE#         1106
  C:2385H         LINE#         1109
  C:2387H         LINE#         1114
  C:2389H         LINE#         1115
  C:238BH         LINE#         1116
  C:238CH         LINE#         1117
  C:238EH         LINE#         1121
  C:2390H         LINE#         1122
  C:2392H         LINE#         1125
  C:2395H         LINE#         1132
  C:2398H         LINE#         1135
  C:239AH         LINE#         1136
  C:239BH         LINE#         1139
  C:239DH         LINE#         1144
  C:239EH         LINE#         1145
  C:239FH         LINE#         1146
  C:23A0H         LINE#         1147
  C:23A1H         LINE#         1148
  C:23A2H         LINE#         1149
  C:23A3H         LINE#         1150
BL51 BANKED LINKER/LOCATER V6.22                                                      08/15/2016  19:37:08  PAGE 22


  C:23A5H         LINE#         1151
  C:23A7H         LINE#         1152
  C:23A9H         LINE#         1153
  C:23ABH         LINE#         1154
  C:23ADH         LINE#         1155
  C:23AEH         LINE#         1156
  C:23AFH         LINE#         1157
  C:23B0H         LINE#         1158
  C:23B1H         LINE#         1159
  C:23B2H         LINE#         1160
  C:23B3H         LINE#         1161
  C:23B5H         LINE#         1162
  C:23B8H         LINE#         1163
  C:23BAH         LINE#         1164
  C:23BBH         LINE#         1165
  C:23BCH         LINE#         1166
  C:23BDH         LINE#         1167
  C:23BEH         LINE#         1168
  C:23BFH         LINE#         1171
  C:23C0H         LINE#         1172
  C:23C2H         LINE#         1173
  C:23C3H         LINE#         1174
  C:23C5H         LINE#         1175
  C:23C7H         LINE#         1176
  C:23C8H         LINE#         1177
  C:23C9H         LINE#         1178
  C:23CBH         LINE#         1179
  C:23CCH         LINE#         1180
  C:23CDH         LINE#         1181
  C:23CFH         LINE#         1182
  C:23D1H         LINE#         1185
  C:23D2H         LINE#         1186
  C:23D4H         LINE#         1187
  C:23D5H         LINE#         1188
  C:23D6H         LINE#         1189
  C:23D7H         LINE#         1190
  C:23D9H         LINE#         1191
  C:23DAH         LINE#         1192
  C:23DBH         LINE#         1193
  C:23DDH         LINE#         1200
  C:23DFH         LINE#         1201
  C:23E1H         LINE#         1202
  C:23E4H         LINE#         1203
  C:23E6H         LINE#         1204
  C:23E8H         LINE#         1205
  C:23EBH         LINE#         1208
  C:23EDH         LINE#         1209
  C:23EFH         LINE#         1210
  C:23F0H         LINE#         1211
  C:23F2H         LINE#         1218
  C:23F4H         LINE#         1219
  C:23F5H         LINE#         1220
  C:23F6H         LINE#         1221
  C:23F7H         LINE#         1222
  C:23F8H         LINE#         1223
  C:23FAH         LINE#         1225
  C:23FBH         LINE#         1226
BL51 BANKED LINKER/LOCATER V6.22                                                      08/15/2016  19:37:08  PAGE 23


  C:23FCH         LINE#         1227
  C:23FDH         LINE#         1228
  C:23FEH         LINE#         1229
  C:23FFH         LINE#         1230
  C:2401H         LINE#         1231
  C:2402H         LINE#         1232
  C:2404H         LINE#         1233
  C:2405H         LINE#         1234
  C:2406H         LINE#         1235
  C:2407H         LINE#         1236
  C:2408H         LINE#         1237
  C:2409H         LINE#         1240
  C:240BH         LINE#         1241
  C:240DH         LINE#         1248
  C:2410H         LINE#         1250
  C:2411H         LINE#         1251
  C:2413H         LINE#         1254
  C:2416H         LINE#         1260
  C:2418H         LINE#         1262
  C:241AH         LINE#         1263
  C:241BH         LINE#         1264
  C:241DH         LINE#         1269
  C:2420H         LINE#         1284
  C:2422H         LINE#         1285
  C:2425H         LINE#         1288
  C:2427H         LINE#         1289
  C:2429H         LINE#         1290
  C:242AH         LINE#         1291
  C:242CH         LINE#         1292
  C:242EH         LINE#         1293
  C:242FH         LINE#         1294
  C:2431H         LINE#         1299
  C:2434H         LINE#         1300
  C:2437H         LINE#         1303
  C:2438H         LINE#         1304
  C:243AH         LINE#         1311
  C:243CH         LINE#         1320
  C:243EH         LINE#         1321
  C:2441H         LINE#         1322
  C:2443H         LINE#         1323
  C:2446H         LINE#         1332
  C:2447H         LINE#         1333
  C:2449H         LINE#         1337
  C:244BH         LINE#         1344
  C:244DH         LINE#         1345
  C:244EH         LINE#         1346
  C:244FH         LINE#         1347
  C:2450H         LINE#         1348
  C:2451H         LINE#         1349
  C:2452H         LINE#         1350
  C:2454H         LINE#         1351
  C:2455H         LINE#         1352
  C:2457H         LINE#         1357
  C:2458H         LINE#         1358
  C:2459H         LINE#         1360
  C:245AH         LINE#         1361
  C:245CH         LINE#         1364
BL51 BANKED LINKER/LOCATER V6.22                                                      08/15/2016  19:37:08  PAGE 24


  C:245FH         LINE#         1370
  C:2460H         LINE#         1371
  C:2462H         LINE#         1372
  C:2463H         LINE#         1373
  C:2465H         LINE#         1378
  C:2467H         LINE#         1382
  C:2469H         LINE#         1386
  C:246AH         LINE#         1387
  C:246CH         LINE#         1388
  C:246DH         LINE#         1389
  C:246FH         LINE#         1390
  C:2472H         LINE#         1395
  C:2474H         LINE#         1396
  C:2475H         LINE#         1399
  C:2477H         LINE#         1400
  C:2478H         LINE#         1402
  C:2479H         LINE#         1403
  C:247BH         LINE#         1408
  C:247EH         LINE#         1419
  C:2480H         LINE#         1420
  C:2482H         LINE#         1421
  C:2485H         LINE#         1422
  C:2487H         LINE#         1423
  C:2489H         LINE#         1424
  C:248CH         LINE#         1427
  C:248DH         LINE#         1428
  C:248FH         LINE#         1430
  C:2490H         LINE#         1431
  C:2491H         LINE#         1432
  C:2492H         LINE#         1435
  C:2495H         LINE#         1442
  C:2497H         LINE#         1443
  C:2499H         LINE#         1444
  C:249BH         LINE#         1445
  C:249EH         LINE#         1448
  C:24A0H         LINE#         1449
  C:24A2H         LINE#         1450
  C:24A4H         LINE#         1451
  C:24A7H         LINE#         1454
  C:24A9H         LINE#         1455
  C:24ABH         LINE#         1456
  C:24ADH         LINE#         1457
  C:24B0H         LINE#         1460
  C:24B2H         LINE#         1461
  C:24B4H         LINE#         1462
  C:24B6H         LINE#         1463
  C:24B9H         LINE#         1466
  C:24BBH         LINE#         1467
  C:24BDH         LINE#         1468
  C:24BFH         LINE#         1469
  C:24C1H         LINE#         1470
  C:24C3H         LINE#         1471
  C:24C6H         LINE#         1474
  C:24C8H         LINE#         1475
  C:24CAH         LINE#         1476
  C:24CCH         LINE#         1477
  C:24CFH         LINE#         1480
BL51 BANKED LINKER/LOCATER V6.22                                                      08/15/2016  19:37:08  PAGE 25


  C:24D1H         LINE#         1481
  C:24D3H         LINE#         1482
  C:24D5H         LINE#         1483
  C:24D7H         LINE#         1484
  C:24D9H         LINE#         1485
  C:24DCH         LINE#         1488
  C:24DEH         LINE#         1489
  C:24E0H         LINE#         1490
  C:24E2H         LINE#         1491
  C:24E4H         LINE#         1492
  C:24E6H         LINE#         1493
  C:24E7H         LINE#         1494
  C:24E8H         LINE#         1495
  C:24EAH         LINE#         1496
  C:24EBH         LINE#         1497
  C:24ECH         LINE#         1498
  C:24EEH         LINE#         1499
  C:24F1H         LINE#         1503
  C:24F3H         LINE#         1504
  C:24F5H         LINE#         1505
  C:24F6H         LINE#         1506
  C:24F8H         LINE#         1518
  C:24FAH         LINE#         1519
  C:24FBH         LINE#         1520
  C:24FDH         LINE#         1521
  C:24FEH         LINE#         1522
  C:24FFH         LINE#         1523
  C:2501H         LINE#         1524
  C:2504H         LINE#         1527
  C:2505H         LINE#         1536
  C:2507H         LINE#         1537
  C:2509H         LINE#         1538
  C:250BH         LINE#         1539
  C:250EH         LINE#         1540
  C:2510H         LINE#         1541
  C:2512H         LINE#         1542
  C:2513H         LINE#         1543
  C:2514H         LINE#         1544
  C:2515H         LINE#         1545
  C:2516H         LINE#         1546
  C:2517H         LINE#         1547
  C:2518H         LINE#         1549
  C:251AH         LINE#         1550
  C:251CH         LINE#         1551
  C:251EH         LINE#         1552
  C:2521H         LINE#         1553
  C:2523H         LINE#         1554
  C:2525H         LINE#         1555
  C:2526H         LINE#         1556
  C:2527H         LINE#         1557
  C:2528H         LINE#         1558
  C:2529H         LINE#         1559
  C:252AH         LINE#         1560
  C:252BH         LINE#         1562
  C:252DH         LINE#         1563
  C:252FH         LINE#         1564
  C:2530H         LINE#         1565
BL51 BANKED LINKER/LOCATER V6.22                                                      08/15/2016  19:37:08  PAGE 26


  C:2531H         LINE#         1566
  C:2533H         LINE#         1567
  C:2534H         LINE#         1568
  C:2535H         LINE#         1569
  C:2537H         LINE#         1570
  C:253AH         LINE#         1571
  C:253BH         LINE#         1573
  C:253DH         LINE#         1574
  C:253FH         LINE#         1575
  C:2541H         LINE#         1576
  C:2544H         LINE#         1577
  C:2546H         LINE#         1578
  C:2548H         LINE#         1579
  C:2549H         LINE#         1580
  C:254AH         LINE#         1581
  C:254BH         LINE#         1582
  C:254CH         LINE#         1583
  C:254DH         LINE#         1584
  C:254EH         LINE#         1586
  C:2550H         LINE#         1587
  C:2551H         LINE#         1588
  C:2553H         LINE#         1589
  C:2554H         LINE#         1590
  C:2555H         LINE#         1591
  C:2557H         LINE#         1592
  C:255AH         LINE#         1593
  C:255BH         LINE#         1595
  C:255DH         LINE#         1596
  C:255FH         LINE#         1597
  C:2562H         LINE#         1598
  C:2564H         LINE#         1599
  C:2566H         LINE#         1600
  C:2567H         LINE#         1601
  C:2568H         LINE#         1602
  C:2569H         LINE#         1603
  C:256AH         LINE#         1604
  C:256BH         LINE#         1605
  C:256CH         LINE#         1607
  C:256DH         LINE#         1608
  C:256EH         LINE#         1609
  C:2570H         LINE#         1610
  C:2571H         LINE#         1611
  C:2572H         LINE#         1612
  C:2574H         LINE#         1613
  C:2577H         LINE#         1614
  C:32F0H         LINE#         1639
  C:32F2H         LINE#         1640
  C:32F4H         LINE#         1641
  C:32F6H         LINE#         1650
  C:32F7H         LINE#         1651
  C:32F9H         LINE#         1652
  C:32FAH         LINE#         1655
  C:32FCH         LINE#         1656
  C:32FDH         LINE#         1667
  C:32FFH         LINE#         1668
  C:3301H         LINE#         1669
  C:3304H         LINE#         1670
BL51 BANKED LINKER/LOCATER V6.22                                                      08/15/2016  19:37:08  PAGE 27


  C:3306H         LINE#         1671
  C:3307H         LINE#         1672
  C:3308H         LINE#         1675
  C:330AH         LINE#         1676
  C:330CH         LINE#         1677
  C:330EH         LINE#         1678
  C:3310H         LINE#         1686
  C:3312H         LINE#         1687
  C:3313H         LINE#         1688
  C:3315H         LINE#         1693
  C:3317H         LINE#         1694
  C:3318H         LINE#         1695
  C:3319H         LINE#         1696
  C:331BH         LINE#         1697
  C:331CH         LINE#         1698
  C:331DH         LINE#         1701
  C:331FH         LINE#         1702
  C:3320H         LINE#         1705
  C:3322H         LINE#         1714
  C:3324H         LINE#         1715
  C:3325H         LINE#         1716
  C:3327H         LINE#         1717
  C:3328H         LINE#         1718
  C:3329H         LINE#         1721
  C:332AH         LINE#         1722
  C:332BH         LINE#         1723
  C:332DH         LINE#         1724
  C:332EH         LINE#         1727
  C:3330H         LINE#         1728
  C:3331H         LINE#         1729
  C:3332H         LINE#         1730
  C:3333H         LINE#         1736
  C:3335H         LINE#         1750
  C:3337H         LINE#         1751
  C:3338H         LINE#         1752
  C:3339H         LINE#         1760
  C:3234H         LINE#         1779
  C:3236H         LINE#         1780
  C:3238H         LINE#         1787
  C:323AH         LINE#         1788
  C:323BH         LINE#         1789
  C:323CH         LINE#         1792
  C:323EH         LINE#         1793
  C:323FH         LINE#         1796
  C:3240H         LINE#         1797
  C:3241H         LINE#         1800
  C:3244H         LINE#         1801
  C:3246H         LINE#         1802
  C:3248H         LINE#         1808
  C:3249H         LINE#         1809
  C:324AH         LINE#         1810
  C:324CH         LINE#         1811
  C:324EH         LINE#         1812
  C:3250H         LINE#         1813
  C:3252H         LINE#         1821
  C:3254H         LINE#         1822
  C:3256H         LINE#         1825
BL51 BANKED LINKER/LOCATER V6.22                                                      08/15/2016  19:37:08  PAGE 28


  C:3258H         LINE#         1831
  C:325AH         LINE#         1832
  C:325BH         LINE#         1833
  C:325CH         LINE#         1834
  C:325DH         LINE#         1835
  C:325EH         LINE#         1836
  C:3260H         LINE#         1837
  C:3261H         LINE#         1841
  C:3263H         LINE#         1842
  C:3265H         LINE#         1845
  C:3267H         LINE#         1851
  C:326AH         LINE#         1852
  C:326CH         LINE#         1857
  C:326EH         LINE#         1858
  C:3271H         LINE#         1859
  C:3273H         LINE#         1860
  C:3275H         LINE#         1863
  C:3276H         LINE#         1864
  C:3278H         LINE#         1865
  C:3279H         LINE#         1868
  C:327BH         LINE#         1872
  C:327DH         LINE#         1873
  C:327EH         LINE#         1874
  C:3281H         LINE#         1877
  C:3282H         LINE#         1878
  C:3284H         LINE#         1879
  C:3286H         LINE#         1886
  C:3288H         LINE#         1887
  C:328AH         LINE#         1888
  C:328DH         LINE#         1889
  C:328FH         LINE#         1890
  C:3291H         LINE#         1891
  C:3294H         LINE#         1894
  C:3296H         LINE#         1895
  C:3298H         LINE#         1905
  C:329AH         LINE#         1906
  C:329BH         LINE#         1907
  C:329CH         LINE#         1911
  C:34DFH         LINE#         1965
  C:34E1H         LINE#         1971
  C:34E2H         LINE#         1972
  C:34E3H         LINE#         1973
  C:34E6H         LINE#         1974
  C:34E8H         LINE#         1975
  C:34E9H         LINE#         1976
  C:34EAH         LINE#         1979
  C:34EBH         LINE#         1980
  C:34EDH         LINE#         1981
  C:34EFH         LINE#         1984
  C:34F1H         LINE#         1985
  C:34F2H         LINE#         1986
  C:34F3H         LINE#         1987
  C:34F5H         LINE#         1992
  C:34F7H         LINE#         1993
  C:34F9H         LINE#         1994
  C:34FAH         LINE#         1995
  C:34FBH         LINE#         1999
BL51 BANKED LINKER/LOCATER V6.22                                                      08/15/2016  19:37:08  PAGE 29


  C:34FDH         LINE#         2000
  C:34FEH         LINE#         2001
  C:34FFH         LINE#         2005
  C:34BCH         LINE#         2026
  C:34BEH         LINE#         2027
  C:34C0H         LINE#         2048
  C:34C1H         LINE#         2049
  C:34C2H         LINE#         2050
  C:34C4H         LINE#         2051
  C:34C6H         LINE#         2054
  C:34C7H         LINE#         2055
  C:34C9H         LINE#         2056
  C:34CBH         LINE#         2057
  C:34CDH         LINE#         2058
  C:34CFH         LINE#         2059
  C:34D1H         LINE#         2064
  C:34D3H         LINE#         2065
  C:34D4H         LINE#         2066
  C:34D5H         LINE#         2069
  C:34D6H         LINE#         2070
  C:34D7H         LINE#         2071
  C:34D9H         LINE#         2074
  C:34DBH         LINE#         2075
  C:34DCH         LINE#         2083
  C:34DEH         LINE#         2090
  -------         ENDMOD        HEX_FILE_HDL

  -------         MODULE        SPIFLASH
  C:302BH         SEGMENT       ?PR?LOAD_SFLASH2CRAM?SPIFLASH
  C:30E7H         SEGMENT       ?PR?_SWUTIL_SWAPENDIAN?SPIFLASH
  D:0015H         SEGMENT       ?DT?_SWUTIL_SWAPENDIAN?SPIFLASH
  C:3444H         SEGMENT       ?PR?_MEMUTIL_CLEARERAM?SPIFLASH
  C:28D4H         SEGMENT       ?PR?DOWNLOAD_UART2SFLASH?SPIFLASH
  C:2BF4H         SEGMENT       ?CO?SPIFLASH
  I:004FH         SEGMENT       ?ID?LOAD_SFLASH2CRAM?SPIFLASH
  I:004FH         SEGMENT       ?ID?DOWNLOAD_UART2SFLASH?SPIFLASH
  C:329DH         SEGMENT       ?PR?SPIFLASH
  C:28D4H         PUBLIC        DOWNLOAD_UART2SFLASH
  C:302BH         PUBLIC        LOAD_SFLASH2CRAM
  C:3444H         PUBLIC        _MEMUTIL_CLEARERAM
  C:30E7H         PUBLIC        _SWUTIL_SWAPENDIAN
  C:304BH         SYMBOL        ?C0001
  C:3075H         SYMBOL        ?C0002
  C:3065H         SYMBOL        ?C0003
  C:307FH         SYMBOL        ?C0005
  C:30C4H         SYMBOL        ?C0006
  C:30BFH         SYMBOL        ?C0007
  C:3095H         SYMBOL        ?C0008
  C:30AFH         SYMBOL        ?C0010
  C:30D6H         SYMBOL        ?C0012
  C:3157H         SYMBOL        ?C0013
  C:346CH         SYMBOL        ?C0016
  C:28E0H         SYMBOL        ?C0017
  C:2A0EH         SYMBOL        ?C0018
  C:28F0H         SYMBOL        ?C0019
  C:2921H         SYMBOL        ?C0023
  C:292AH         SYMBOL        ?C0025
BL51 BANKED LINKER/LOCATER V6.22                                                      08/15/2016  19:37:08  PAGE 30


  C:296BH         SYMBOL        ?C0031
  C:2993H         SYMBOL        ?C0032
  C:29EAH         SYMBOL        ?C0033
  C:29C0H         SYMBOL        ?C0035
  C:29C9H         SYMBOL        ?C0036
  C:29FDH         SYMBOL        ?C0041
  C:3051H         SYMBOL        ?C0043
  C:3059H         SYMBOL        ?C0044
  C:306DH         SYMBOL        ?C0045
  C:309BH         SYMBOL        ?C0046
  C:30A3H         SYMBOL        ?C0047
  C:30B7H         SYMBOL        ?C0048
  C:29A3H         SYMBOL        ?C0049
  C:29EAH         SYMBOL        ?C0050
  C:29F0H         SYMBOL        ?C0051
  C:2A03H         SYMBOL        ?C0052
  C:29F2H         SYMBOL        ?DOWNLOAD_UART2SFLASH?CHECK_NEXT_BANK
  C:299BH         SYMBOL        ?DOWNLOAD_UART2SFLASH?CONT_PROGSFLASH
  C:2916H         SYMBOL        ?DOWNLOAD_UART2SFLASH?CONT_PROGSFLASH1
  C:2A06H         SYMBOL        ?DOWNLOAD_UART2SFLASH?END_SFLASH_PROGRAMMING
  C:28F8H         SYMBOL        ?DOWNLOAD_UART2SFLASH?PROGRAM_COMMON_BANK
  C:2948H         SYMBOL        ?DOWNLOAD_UART2SFLASH?PROGRAM_NEXT_BANK
  C:2944H         SYMBOL        ?DOWNLOAD_UART2SFLASH?PROG_BANK0
  C:2BF4H         SYMBOL        ?SC_0
  C:2C68H         SYMBOL        ?SC_116
  C:2C93H         SYMBOL        ?SC_159
  C:2CACH         SYMBOL        ?SC_184
  C:2CE7H         SYMBOL        ?SC_243
  C:2C10H         SYMBOL        ?SC_28
  C:2D10H         SYMBOL        ?SC_284
  C:2C12H         SYMBOL        ?SC_30
  C:2D3EH         SYMBOL        ?SC_330
  C:2C2BH         SYMBOL        ?SC_55
  C:2C47H         SYMBOL        ?SC_83
  C:344DH         SYMBOL        ?_MEMUTIL_CLEARERAM?ERASE_RAM
  D:0015H         SYMBOL        ?_SWUTIL_SWAPENDIAN?BYTE
  B:00D0H.6       SYMBOL        AC
  D:00E0H         SYMBOL        ACC
  I:0051H         SYMBOL        ADDR?042
  D:00F0H         SYMBOL        B
  I:0050H         SYMBOL        BANKS?041
  D:009FH         SYMBOL        BANKSEL
  I:004FH         SYMBOL        C?347
  C:329DH         SYMBOL        COM0036
  D:00F4H         SYMBOL        CRLA_H
  D:00F3H         SYMBOL        CRLA_L
  D:00F2H         SYMBOL        CRSA_H
  D:00F1H         SYMBOL        CRSA_L
  B:00D0H.7       SYMBOL        CY
  I:0053H         SYMBOL        DATCNT?043
  I:004FH         SYMBOL        DBYTE?040
  D:0083H         SYMBOL        DPH
  D:0082H         SYMBOL        DPL
  B:00A8H.7       SYMBOL        EA
  B:00A8H.4       SYMBOL        ES
  B:00A8H.1       SYMBOL        ET0
  B:00A8H.3       SYMBOL        ET1
BL51 BANKED LINKER/LOCATER V6.22                                                      08/15/2016  19:37:08  PAGE 31


  B:00A8H.0       SYMBOL        EX0
  B:00A8H.2       SYMBOL        EX1
  B:00D0H.5       SYMBOL        F0
  D:00A8H         SYMBOL        IE
  B:0088H.1       SYMBOL        IE0
  B:0088H.3       SYMBOL        IE1
  B:00B0H.2       SYMBOL        INT0
  B:00B0H.3       SYMBOL        INT1
  D:00B8H         SYMBOL        IP
  B:0088H.0       SYMBOL        IT0
  B:0088H.2       SYMBOL        IT1
  C:2A0FH         SYMBOL        L?0053
  C:329DH         SYMBOL        L?0055
  C:32B9H         SYMBOL        L?0056
  C:32C0H         SYMBOL        L?0057
  C:30D7H         SYMBOL        L?0058
  C:2A2DH         SYMBOL        L?0059
  C:2A3FH         SYMBOL        L?0060
  C:32DBH         SYMBOL        L?0061
  C:2A50H         SYMBOL        L?0062
  C:32EAH         SYMBOL        L?0063
  C:32EAH         SYMBOL        L?0064
  C:2A5FH         SYMBOL        L?0065
  C:2A69H         SYMBOL        L?0066
  D:00F8H         SYMBOL        MEMCTRL
  B:00D0H.2       SYMBOL        OV
  B:00D0H.0       SYMBOL        P
  D:0080H         SYMBOL        P0
  D:0090H         SYMBOL        P1
  D:00A0H         SYMBOL        P2
  D:00B0H         SYMBOL        P3
  D:0087H         SYMBOL        PCON
  I:0055H         SYMBOL        PROGCNT?044
  B:00B8H.4       SYMBOL        PS
  D:00D0H         SYMBOL        PSW
  B:00B8H.1       SYMBOL        PT0
  B:00B8H.3       SYMBOL        PT1
  B:00B8H.0       SYMBOL        PX0
  B:00B8H.2       SYMBOL        PX1
  B:0098H.2       SYMBOL        RB8
  B:00B0H.7       SYMBOL        RD
  B:0098H.4       SYMBOL        REN
  B:0098H.0       SYMBOL        RI
  B:00D0H.3       SYMBOL        RS0
  B:00D0H.4       SYMBOL        RS1
  B:00B0H.0       SYMBOL        RXD
  D:0099H         SYMBOL        SBUF
  D:0098H         SYMBOL        SCON
  B:0098H.7       SYMBOL        SM0
  B:0098H.6       SYMBOL        SM1
  B:0098H.5       SYMBOL        SM2
  D:0081H         SYMBOL        SP
  N:0000H         SYMBOL        SPIFLASH
  B:00B0H.4       SYMBOL        T0
  B:00B0H.5       SYMBOL        T1
  B:0098H.3       SYMBOL        TB8
  D:0088H         SYMBOL        TCON
BL51 BANKED LINKER/LOCATER V6.22                                                      08/15/2016  19:37:08  PAGE 32


  B:0088H.5       SYMBOL        TF0
  B:0088H.7       SYMBOL        TF1
  D:008CH         SYMBOL        TH0
  D:008DH         SYMBOL        TH1
  B:0098H.1       SYMBOL        TI
  D:008AH         SYMBOL        TL0
  D:008BH         SYMBOL        TL1
  D:0089H         SYMBOL        TMOD
  B:0088H.4       SYMBOL        TR0
  B:0088H.6       SYMBOL        TR1
  B:00B0H.1       SYMBOL        TXD
  D:0015H         SYMBOL        VAR32?145
  B:00B0H.6       SYMBOL        WR
  C:329DH         LINE#         300
  C:32A0H         LINE#         301
  C:32A3H         LINE#         302
  C:32A4H         LINE#         303
  C:32A6H         LINE#         304
  C:32A7H         LINE#         305
  C:32A8H         LINE#         306
  C:32A9H         LINE#         307
  C:32AAH         LINE#         308
  C:32ABH         LINE#         309
  C:32ACH         LINE#         310
  C:32ADH         LINE#         311
  C:32AEH         LINE#         312
  C:32AFH         LINE#         313
  C:32B0H         LINE#         314
  C:32B3H         LINE#         315
  C:32B6H         LINE#         316
  C:32B9H         LINE#         318
  C:32BAH         LINE#         319
  C:32BDH         LINE#         320
  C:32C0H         LINE#         323
  C:32C2H         LINE#         324
  C:32C3H         LINE#         325
  C:32C4H         LINE#         326
  C:32C5H         LINE#         327
  C:32C6H         LINE#         328
  C:32C7H         LINE#         329
  C:32C9H         LINE#         330
  C:32CBH         LINE#         331
  C:32CCH         LINE#         332
  C:32CDH         LINE#         333
  C:32CFH         LINE#         334
  C:32D0H         LINE#         335
  C:32D2H         LINE#         336
  C:32D4H         LINE#         337
  C:32D5H         LINE#         338
  C:32D7H         LINE#         339
  C:32D8H         LINE#         340
  C:32D9H         LINE#         341
  C:32DAH         LINE#         342
  C:32DBH         LINE#         345
  C:32DEH         LINE#         346
  C:32E0H         LINE#         347
  C:32E1H         LINE#         348
BL51 BANKED LINKER/LOCATER V6.22                                                      08/15/2016  19:37:08  PAGE 33


  C:32E2H         LINE#         349
  C:32E3H         LINE#         350
  C:32E4H         LINE#         351
  C:32E6H         LINE#         352
  C:32E7H         LINE#         353
  C:32E8H         LINE#         354
  C:32E9H         LINE#         355
  C:32EAH         LINE#         359
  C:32EDH         LINE#         360
  C:302BH         LINE#         376
  C:302DH         LINE#         377
  C:302FH         LINE#         378
  C:3031H         LINE#         379
  C:3034H         LINE#         383
  C:3037H         LINE#         386
  C:3039H         LINE#         387
  C:303BH         LINE#         388
  C:303CH         LINE#         389
  C:303EH         LINE#         393
  C:303FH         LINE#         394
  C:3041H         LINE#         395
  C:3042H         LINE#         396
  C:3043H         LINE#         397
  C:3044H         LINE#         400
  C:3046H         LINE#         404
  C:3048H         LINE#         405
  C:3049H         LINE#         406
  C:304AH         LINE#         407
  C:304BH         LINE#         417
  C:304EH         LINE#         418
  C:3050H         LINE#         419
  C:3051H         LINE#         423
  C:3053H         LINE#         424
  C:3054H         LINE#         425
  C:3055H         LINE#         426
  C:3056H         LINE#         427
  C:3058H         LINE#         428
  C:3059H         LINE#         432
  C:305BH         LINE#         433
  C:305EH         LINE#         434
  C:305FH         LINE#         435
  C:3062H         LINE#         442
  C:3065H         LINE#         448
  C:3067H         LINE#         449
  C:3068H         LINE#         450
  C:3069H         LINE#         451
  C:306AH         LINE#         452
  C:306CH         LINE#         453
  C:306DH         LINE#         455
  C:306EH         LINE#         456
  C:3070H         LINE#         457
  C:3071H         LINE#         458
  C:3073H         LINE#         459
  C:3075H         LINE#         464
  C:3076H         LINE#         465
  C:3078H         LINE#         466
  C:3079H         LINE#         467
BL51 BANKED LINKER/LOCATER V6.22                                                      08/15/2016  19:37:08  PAGE 34


  C:307AH         LINE#         468
  C:307BH         LINE#         471
  C:307DH         LINE#         472
  C:307FH         LINE#         474
  C:3081H         LINE#         475
  C:3082H         LINE#         476
  C:3083H         LINE#         477
  C:3084H         LINE#         478
  C:3086H         LINE#         479
  C:3088H         LINE#         484
  C:308AH         LINE#         487
  C:308BH         LINE#         488
  C:308DH         LINE#         489
  C:308EH         LINE#         490
  C:3090H         LINE#         493
  C:3091H         LINE#         494
  C:3092H         LINE#         495
  C:3093H         LINE#         496
  C:3094H         LINE#         497
  C:3095H         LINE#         507
  C:3098H         LINE#         508
  C:309AH         LINE#         509
  C:309BH         LINE#         513
  C:309DH         LINE#         514
  C:309EH         LINE#         515
  C:309FH         LINE#         516
  C:30A0H         LINE#         517
  C:30A2H         LINE#         518
  C:30A3H         LINE#         522
  C:30A5H         LINE#         523
  C:30A8H         LINE#         524
  C:30A9H         LINE#         525
  C:30ACH         LINE#         532
  C:30AFH         LINE#         538
  C:30B1H         LINE#         539
  C:30B2H         LINE#         540
  C:30B3H         LINE#         541
  C:30B4H         LINE#         542
  C:30B6H         LINE#         543
  C:30B7H         LINE#         545
  C:30B8H         LINE#         546
  C:30BAH         LINE#         547
  C:30BBH         LINE#         548
  C:30BDH         LINE#         549
  C:30BFH         LINE#         553
  C:30C1H         LINE#         554
  C:30C2H         LINE#         555
  C:30C4H         LINE#         559
  C:30C7H         LINE#         563
  C:30C9H         LINE#         564
  C:30CBH         LINE#         565
  C:30CDH         LINE#         566
  C:30D0H         LINE#         569
  C:30D3H         LINE#         571
  C:30D6H         LINE#         577
  C:30D7H         LINE#         579
  C:30D9H         LINE#         580
BL51 BANKED LINKER/LOCATER V6.22                                                      08/15/2016  19:37:08  PAGE 35


  C:30DBH         LINE#         581
  C:30DDH         LINE#         582
  C:30E0H         LINE#         583
  C:30E1H         LINE#         584
  C:30E3H         LINE#         585
  C:30E4H         LINE#         586
  C:30E5H         LINE#         587
  C:30E6H         LINE#         588
  C:30E7H         LINE#         819
  C:30E9H         LINE#         820
  C:30EBH         LINE#         821
  C:30EDH         LINE#         822
  C:30EFH         LINE#         827
  C:30F0H         LINE#         828
  C:30F1H         LINE#         829
  C:30F2H         LINE#         830
  C:30F3H         LINE#         831
  C:30F4H         LINE#         832
  C:30F6H         LINE#         833
  C:30F9H         LINE#         834
  C:30FBH         LINE#         835
  C:30FDH         LINE#         836
  C:30FFH         LINE#         837
  C:3101H         LINE#         838
  C:3103H         LINE#         839
  C:3104H         LINE#         840
  C:3105H         LINE#         841
  C:3106H         LINE#         842
  C:3107H         LINE#         843
  C:3108H         LINE#         844
  C:310AH         LINE#         845
  C:310DH         LINE#         846
  C:310FH         LINE#         847
  C:3111H         LINE#         848
  C:3113H         LINE#         849
  C:3115H         LINE#         850
  C:3118H         LINE#         851
[...]
  C:3131H         LINE#         866
  C:3133H         LINE#         867
  C:3135H         LINE#         868
  C:3138H         LINE#         869
  C:313AH         LINE#         870
  C:313CH         LINE#         871
BL51 BANKED LINKER/LOCATER V6.22                                                      08/15/2016  19:37:08  PAGE 36


  C:313EH         LINE#         872
  C:3140H         LINE#         873
  C:3141H         LINE#         874
  C:3142H         LINE#         875
  C:3143H         LINE#         876
  C:3144H         LINE#         877
  C:3146H         LINE#         878
  C:3147H         LINE#         879
  C:3149H         LINE#         880
  C:314CH         LINE#         881
  C:314EH         LINE#         882
  C:3150H         LINE#         883
  C:3152H         LINE#         884
  C:3154H         LINE#         885
  C:3157H         LINE#         892
  C:3444H         LINE#         910
  C:3447H         LINE#         911
  C:3449H         LINE#         912
  C:344AH         LINE#         913
  C:344BH         LINE#         914
  C:344CH         LINE#         915
  C:344DH         LINE#         921
  C:3450H         LINE#         922
  C:3451H         LINE#         923
  C:3452H         LINE#         924
  C:3453H         LINE#         925
  C:3454H         LINE#         926
  C:3455H         LINE#         927
  C:3457H         LINE#         928
  C:3459H         LINE#         929
  C:345AH         LINE#         930
  C:345BH         LINE#         933
  C:345CH         LINE#         934
  C:345DH         LINE#         935
  C:345FH         LINE#         936
  C:3460H         LINE#         937
  C:3462H         LINE#         938
  C:3464H         LINE#         941
  C:3467H         LINE#         942
  C:346AH         LINE#         945
  C:346CH         LINE#         952
  C:28D4H         LINE#         972
  C:28D6H         LINE#         973
  C:28D8H         LINE#         978
  C:28DBH         LINE#         979
  C:28DDH         LINE#         984
  C:28DFH         LINE#         985
  C:28E0H         LINE#         992
  C:28E1H         LINE#         993
  C:28E3H         LINE#         994
  C:28E4H         LINE#         997
  C:28E6H         LINE#         998
  C:28E8H         LINE#         1003
  C:28EBH         LINE#         1004
  C:28EDH         LINE#         1009
  C:28EFH         LINE#         1010
  C:28F0H         LINE#         1019
BL51 BANKED LINKER/LOCATER V6.22                                                      08/15/2016  19:37:08  PAGE 37


  C:28F2H         LINE#         1020
  C:28F5H         LINE#         1024
  C:28F8H         LINE#         1035
  C:28FAH         LINE#         1036
  C:28FCH         LINE#         1037
  C:28FEH         LINE#         1042
  C:2901H         LINE#         1046
  C:2904H         LINE#         1047
  C:290BH         LINE#         1056
  C:290EH         LINE#         1057
  C:2910H         LINE#         1058
  C:2913H         LINE#         1061
  C:2916H         LINE#         1070
  C:2919H         LINE#         1071
  C:291CH         LINE#         1072
  C:291EH         LINE#         1077
  C:2921H         LINE#         1084
  C:2924H         LINE#         1085
  C:2925H         LINE#         1086
  C:2927H         LINE#         1089
  C:292AH         LINE#         1095
  C:292DH         LINE#         1096
  C:292EH         LINE#         1097
  C:292FH         LINE#         1098
  C:2930H         LINE#         1099
  C:2931H         LINE#         1100
  C:2932H         LINE#         1101
  C:2933H         LINE#         1102
  C:2936H         LINE#         1103
  C:2937H         LINE#         1104
  C:2938H         LINE#         1105
  C:293BH         LINE#         1106
  C:293CH         LINE#         1107
  C:293DH         LINE#         1108
  C:293FH         LINE#         1113
  C:2942H         LINE#         1116
  C:2944H         LINE#         1136
  C:2945H         LINE#         1137
  C:2947H         LINE#         1138
  C:2948H         LINE#         1147
  C:294AH         LINE#         1148
  C:294CH         LINE#         1149
  C:294EH         LINE#         1150
  C:2950H         LINE#         1151
  C:2951H         LINE#         1152
  C:2954H         LINE#         1153
  C:2956H         LINE#         1159
  C:2959H         LINE#         1163
  C:295BH         LINE#         1164
  C:295CH         LINE#         1165
  C:295DH         LINE#         1166
  C:295FH         LINE#         1169
  C:2962H         LINE#         1170
  C:2969H         LINE#         1178
  C:296BH         LINE#         1182
  C:296CH         LINE#         1183
  C:296DH         LINE#         1184
BL51 BANKED LINKER/LOCATER V6.22                                                      08/15/2016  19:37:08  PAGE 38


  C:296FH         LINE#         1185
  C:2971H         LINE#         1186
  C:2973H         LINE#         1187
  C:2976H         LINE#         1188
  C:2977H         LINE#         1189
  C:2979H         LINE#         1190
  C:297AH         LINE#         1191
  C:297BH         LINE#         1192
  C:297CH         LINE#         1193
  C:297DH         LINE#         1194
  C:297EH         LINE#         1195
  C:297FH         LINE#         1196
  C:2982H         LINE#         1197
  C:2985H         LINE#         1200
  C:2988H         LINE#         1201
  C:298AH         LINE#         1202
  C:298DH         LINE#         1203
  C:2990H         LINE#         1204
  C:2993H         LINE#         1213
  C:2996H         LINE#         1214
  C:2998H         LINE#         1217
  C:299BH         LINE#         1226
  C:299EH         LINE#         1227
  C:29A1H         LINE#         1228
  C:29A3H         LINE#         1232
  C:29A5H         LINE#         1233
  C:29A7H         LINE#         1234
  C:29A9H         LINE#         1235
  C:29ACH         LINE#         1236
  C:29AEH         LINE#         1237
  C:29B1H         LINE#         1238
  C:29B2H         LINE#         1239
  C:29B4H         LINE#         1240
  C:29B6H         LINE#         1241
  C:29B9H         LINE#         1242
  C:29BAH         LINE#         1243
  C:29BCH         LINE#         1244
  C:29BEH         LINE#         1247
  C:29C0H         LINE#         1254
  C:29C3H         LINE#         1255
  C:29C4H         LINE#         1256
  C:29C6H         LINE#         1259
  C:29C9H         LINE#         1265
  C:29CCH         LINE#         1266
  C:29CDH         LINE#         1267
  C:29CFH         LINE#         1268
  C:29D0H         LINE#         1269
  C:29D3H         LINE#         1270
  C:29D4H         LINE#         1271
  C:29D6H         LINE#         1272
  C:29D7H         LINE#         1273
  C:29D8H         LINE#         1274
  C:29DBH         LINE#         1275
  C:29DCH         LINE#         1276
  C:29DDH         LINE#         1277
  C:29E0H         LINE#         1278
  C:29E1H         LINE#         1279
BL51 BANKED LINKER/LOCATER V6.22                                                      08/15/2016  19:37:08  PAGE 39


  C:29E2H         LINE#         1280
  C:29E4H         LINE#         1285
  C:29E7H         LINE#         1288
  C:29EAH         LINE#         1301
  C:29ECH         LINE#         1302
  C:29EEH         LINE#         1303
  C:29F0H         LINE#         1307
  C:29F2H         LINE#         1317
  C:29F4H         LINE#         1318
  C:29F5H         LINE#         1321
  C:29F6H         LINE#         1322
  C:29F8H         LINE#         1323
  C:29FAH         LINE#         1326
  C:29FDH         LINE#         1332
  C:29FFH         LINE#         1333
  C:2A01H         LINE#         1334
  C:2A03H         LINE#         1336
  C:2A06H         LINE#         1344
  C:2A07H         LINE#         1345
  C:2A08H         LINE#         1346
  C:2A0BH         LINE#         1349
  C:2A0EH         LINE#         1354
  C:2A0FH         LINE#         1356
  C:2A12H         LINE#         1357
  C:2A15H         LINE#         1358
  C:2A18H         LINE#         1359
  C:2A19H         LINE#         1360
  C:2A1AH         LINE#         1361
  C:2A1BH         LINE#         1362
  C:2A1CH         LINE#         1363
  C:2A1EH         LINE#         1364
  C:2A20H         LINE#         1365
  C:2A21H         LINE#         1366
  C:2A23H         LINE#         1367
  C:2A26H         LINE#         1368
  C:2A29H         LINE#         1369
  C:2A2CH         LINE#         1370
  C:2A2DH         LINE#         1372
  C:2A30H         LINE#         1373
  C:2A31H         LINE#         1374
  C:2A34H         LINE#         1375
  C:2A35H         LINE#         1376
  C:2A36H         LINE#         1377
  C:2A37H         LINE#         1378
  C:2A39H         LINE#         1379
  C:2A3BH         LINE#         1380
  C:2A3EH         LINE#         1381
  C:2A3FH         LINE#         1383
  C:2A42H         LINE#         1384
  C:2A45H         LINE#         1385
  C:2A46H         LINE#         1386
  C:2A47H         LINE#         1387
  C:2A48H         LINE#         1388
  C:2A49H         LINE#         1389
  C:2A4BH         LINE#         1390
  C:2A4DH         LINE#         1391
  C:2A4EH         LINE#         1392
BL51 BANKED LINKER/LOCATER V6.22                                                      08/15/2016  19:37:08  PAGE 40


  C:2A4FH         LINE#         1393
  C:2A50H         LINE#         1395
  C:2A52H         LINE#         1396
  C:2A55H         LINE#         1397
  C:2A58H         LINE#         1398
  C:2A5AH         LINE#         1399
  C:2A5BH         LINE#         1400
  C:2A5CH         LINE#         1401
  C:2A5EH         LINE#         1402
  C:2A5FH         LINE#         1404
  C:2A61H         LINE#         1405
  C:2A63H         LINE#         1406
  C:2A65H         LINE#         1407
  C:2A68H         LINE#         1408
  C:2A69H         LINE#         1410
  C:2A6BH         LINE#         1411
  C:2A6DH         LINE#         1412
  C:2A6FH         LINE#         1413
  C:2A72H         LINE#         1414
  -------         ENDMOD        SPIFLASH

  -------         MODULE        SPIFLASH_DRV
  C:0000H         SYMBOL        _ICE_DUMMY_
  C:3500H         PUBLIC        _spiflash_wren
  C:346DH         PUBLIC        _spiflash_wrsr_unlock
  C:333AH         PUBLIC        _spiflash_EraseBlock
  C:31C7H         PUBLIC        _spiFlash_Cmd
  C:3379H         PUBLIC        spiflash_CheckFlashBusy
  C:33E5H         PUBLIC        _spiflash_eraseSector
  C:351DH         PUBLIC        _spiflash_ReadByte
  C:33B4H         PUBLIC        _spiflash_WriteByte
  C:3158H         PUBLIC        spiflash_eraseLower256k
  C:35DFH         SYMBOL        Com0028
  C:35DFH         SYMBOL        L?0041
  C:35DFH         SYMBOL        L?0042
  -------         PROC          COM0028
  -------         ENDPROC       COM0028
  -------         PROC          _SPIFLASH_CMD
  D:000EH         SYMBOL        NumOfByteCmd
  D:000FH         SYMBOL        CmdData
  D:0013H         SYMBOL        SpiWriteData
  D:0014H         SYMBOL        RdWr
  -------         DO            
  I:0051H         SYMBOL        c
  I:0052H         SYMBOL        temp
  -------         ENDDO         
  C:31C7H         LINE#         86
  C:31C9H         LINE#         87
  C:31C9H         LINE#         91
  C:31D9H         LINE#         92
  C:31E4H         LINE#         93
  C:31EAH         LINE#         94
  C:31F0H         LINE#         95
  C:31F4H         LINE#         96
  C:31FAH         LINE#         97
  C:3201H         LINE#         98
  C:3206H         LINE#         99
BL51 BANKED LINKER/LOCATER V6.22                                                      08/15/2016  19:37:08  PAGE 41


  C:3206H         LINE#         100
  C:320BH         LINE#         101
  C:320DH         LINE#         102
  C:3213H         LINE#         103
  C:3215H         LINE#         104
  C:321BH         LINE#         105
  C:321BH         LINE#         106
  C:3222H         LINE#         107
  C:3227H         LINE#         108
  C:3227H         LINE#         109
  C:322CH         LINE#         110
  C:322EH         LINE#         111
  C:3233H         LINE#         114
  -------         ENDPROC       _SPIFLASH_CMD
  -------         PROC          _SPIFLASH_WREN
  D:0007H         SYMBOL        wren
  C:3500H         LINE#         123
  C:3500H         LINE#         124
  C:3500H         LINE#         127
  C:3503H         LINE#         128
  C:3509H         LINE#         130
  C:351CH         LINE#         134
  -------         ENDPROC       _SPIFLASH_WREN
  -------         PROC          _SPIFLASH_WRSR_UNLOCK
  D:000DH         SYMBOL        unlock
  C:346DH         LINE#         142
  C:346FH         LINE#         143
  C:346FH         LINE#         145
  C:3474H         LINE#         146
  C:3479H         LINE#         147
  C:347EH         LINE#         149
  C:3492H         LINE#         150
  C:3495H         LINE#         154
  -------         ENDPROC       _SPIFLASH_WRSR_UNLOCK
  -------         PROC          SPIFLASH_CHECKFLASHBUSY
  -------         DO            
  I:0051H         SYMBOL        c
  C:3379H         SYMBOL        check_st_reg
  C:3389H         SYMBOL        check_Txdone1
  C:3398H         SYMBOL        check_Rxdone
  -------         ENDDO         
  C:3379H         LINE#         204
  C:3379H         LINE#         205
  C:3379H         LINE#         208
  C:3379H         LINE#         209
  C:337FH         LINE#         210
  C:3385H         LINE#         211
  C:3389H         LINE#         212
  C:3389H         LINE#         214
  C:3390H         LINE#         216
  C:3392H         LINE#         217
  C:3392H         LINE#         220
  C:3398H         LINE#         222
  C:3398H         LINE#         225
  C:339FH         LINE#         226
  C:33A1H         LINE#         227
  C:33A1H         LINE#         228
BL51 BANKED LINKER/LOCATER V6.22                                                      08/15/2016  19:37:08  PAGE 42


  C:33AAH         LINE#         232
  C:33AEH         LINE#         233
  C:33AEH         LINE#         234
  C:33B3H         LINE#         237
  -------         ENDPROC       SPIFLASH_CHECKFLASHBUSY
  -------         PROC          _SPIFLASH_ERASEBLOCK
  D:0008H         SYMBOL        BlockID
  D:000CH         SYMBOL        block64
  C:333AH         LINE#         259
  C:3342H         LINE#         260
  C:3342H         LINE#         261
  C:3347H         LINE#         262
  C:334CH         LINE#         263
  C:3359H         LINE#         264
  C:3363H         LINE#         266
  C:3375H         LINE#         267
  C:3378H         LINE#         269
  -------         ENDPROC       _SPIFLASH_ERASEBLOCK
  C:31BBH         SYMBOL        L?0043
  -------         PROC          SPIFLASH_ERASELOWER256K
  -------         DO            
  I:0050H         SYMBOL        BlckID
  -------         ENDDO         
  C:3158H         LINE#         274
  C:3158H         LINE#         275
  C:3158H         LINE#         277
  C:3161H         LINE#         278
  C:3165H         LINE#         279
  C:3165H         LINE#         280
  C:3174H         LINE#         281
  C:317DH         LINE#         282
  C:3181H         LINE#         283
  C:3181H         LINE#         284
  C:318FH         LINE#         285
  C:3198H         LINE#         286
  C:31A5H         LINE#         287
  C:31ACH         LINE#         288
  C:31B5H         LINE#         289
  C:31BAH         LINE#         291
  -------         ENDPROC       SPIFLASH_ERASELOWER256K
  -------         PROC          _SPIFLASH_WRITEBYTE
  D:0008H         SYMBOL        Addr
  D:000CH         SYMBOL        IData
  C:33B4H         LINE#         340
  C:33BCH         LINE#         341
  C:33BCH         LINE#         342
  C:33C1H         LINE#         343
  C:33E1H         LINE#         344
  C:33E4H         LINE#         346
  -------         ENDPROC       _SPIFLASH_WRITEBYTE
  -------         PROC          _SPIFLASH_READBYTE
  D:0008H         SYMBOL        Addr
  C:351DH         LINE#         352
  C:3525H         LINE#         353
  C:3525H         LINE#         354
  C:3534H         LINE#         355
  C:3539H         LINE#         356
BL51 BANKED LINKER/LOCATER V6.22                                                      08/15/2016  19:37:08  PAGE 43


  -------         ENDPROC       _SPIFLASH_READBYTE
  -------         PROC          _SPIFLASH_ERASESECTOR
  D:0008H         SYMBOL        Sector
  C:33E5H         LINE#         362
  C:33EDH         LINE#         363
  C:33EDH         LINE#         364
  C:33F2H         LINE#         365
  C:33F7H         LINE#         366
  C:3411H         LINE#         367
  C:3414H         LINE#         369
  -------         ENDPROC       _SPIFLASH_ERASESECTOR
  -------         ENDMOD        SPIFLASH_DRV

  -------         MODULE        ?C?IMUL
  C:2A73H         PUBLIC        ?C?IMUL
  -------         ENDMOD        ?C?IMUL

  -------         MODULE        ?C?IILDX
  C:2A85H         PUBLIC        ?C?IILDX
  -------         ENDMOD        ?C?IILDX

  -------         MODULE        ?C?LOR
  C:2A9BH         PUBLIC        ?C?LOR
  -------         ENDMOD        ?C?LOR

  -------         MODULE        ?C?ULCMP
  C:2AA8H         PUBLIC        ?C?ULCMP
  -------         ENDMOD        ?C?ULCMP

  -------         MODULE        ?C?ULSHR
  C:2AB9H         PUBLIC        ?C?ULSHR
  -------         ENDMOD        ?C?ULSHR

  -------         MODULE        ?C?LSHL
  C:2ACCH         PUBLIC        ?C?LSHL
  -------         ENDMOD        ?C?LSHL

  -------         MODULE        ?C?LLDIDATA
  C:2ADFH         PUBLIC        ?C?LLDIDATA
  -------         ENDMOD        ?C?LLDIDATA

  -------         MODULE        ?C?LLDXDATA
  C:2AEBH         PUBLIC        ?C?LLDXDATA
  -------         ENDMOD        ?C?LLDXDATA

  -------         MODULE        ?C?LLDIDATA0
  C:2AF7H         PUBLIC        ?C?LLDIDATA0
  -------         ENDMOD        ?C?LLDIDATA0

  -------         MODULE        ?C?LSTIDATA
  C:2B04H         PUBLIC        ?C?LSTIDATA
  -------         ENDMOD        ?C?LSTIDATA

  -------         MODULE        ?C?LSTXDATA
  C:2B10H         PUBLIC        ?C?LSTXDATA
  -------         ENDMOD        ?C?LSTXDATA

BL51 BANKED LINKER/LOCATER V6.22                                                      08/15/2016  19:37:08  PAGE 44


  -------         MODULE        ?C?LSTKIDATA
  C:2B1CH         PUBLIC        ?C?LSTKIDATA
  -------         ENDMOD        ?C?LSTKIDATA

  -------         MODULE        ?C?LSTKXDATA
  C:2B35H         PUBLIC        ?C?LSTKXDATA
  -------         ENDMOD        ?C?LSTKXDATA

  -------         MODULE        ?C?CCASE
  C:2B66H         PUBLIC        ?C?CCASE
  -------         ENDMOD        ?C?CCASE

  -------         MODULE        PRINTF
  D:000AH         PUBLIC        ?_PRINTF517?BYTE
  D:000AH         PUBLIC        ?_PRINTF?BYTE
  D:000AH         PUBLIC        ?_SPRINTF517?BYTE
  D:000AH         PUBLIC        ?_SPRINTF?BYTE
  C:25DAH         PUBLIC        _PRINTF
  C:25DAH         PUBLIC        _PRINTF517
  C:25D4H         PUBLIC        _SPRINTF
  C:25D4H         PUBLIC        _SPRINTF517
  -------         ENDMOD        PRINTF

  -------         MODULE        ISXDIGIT
  C:3496H         PUBLIC        _isxdigit
  -------         ENDMOD        ISXDIGIT

  -------         MODULE        TOUPPER
  C:35BEH         PUBLIC        _toupper
  -------         ENDMOD        TOUPPER

  -------         MODULE        ?C?CLDPTR
  C:2B8CH         PUBLIC        ?C?CLDPTR
  -------         ENDMOD        ?C?CLDPTR

  -------         MODULE        ?C?CLDOPTR
  C:2BA5H         PUBLIC        ?C?CLDOPTR
  -------         ENDMOD        ?C?CLDOPTR

  -------         MODULE        ?C?CSTPTR
  C:2BD2H         PUBLIC        ?C?CSTPTR
  -------         ENDMOD        ?C?CSTPTR

  -------         MODULE        ?C?PLDIIDATA
  C:2BE4H         PUBLIC        ?C?PLDIIDATA
  -------         ENDMOD        ?C?PLDIIDATA

*** WARNING L16: UNCALLED SEGMENT, IGNORED FOR OVERLAY PROCESS
    SEGMENT: ?PR?_MEMUTIL_CLEARERAM?SPIFLASH

Program Size: data=115.1 xdata=34 code=5355
LINK/LOCATE RUN COMPLETE.  1 WARNING(S),  0 ERROR(S)
