BL51 BANKED LINKER/LOCATER V6.22                                                        01/10/2015  21:25:33  PAGE 1


BL51 BANKED LINKER/LOCATER V6.22, INVOKED BY:
C:\KEIL\C51\BIN\BL51.EXE COMMON {.\obj\STARTUP.obj}, COMMON {.\obj\L51_PALM_BANK.obj}, COMMON {.\obj\CONF_TNY.obj}, COMM
>> ON {.\obj\clear_char.obj}, COMMON {.\obj\hal_common.obj}, COMMON {.\obj\hal_main.obj}, BANK0 {.\obj\fm.obj}, COMMON {
>> .\obj\list.obj}, COMMON {.\obj\utils.obj}, COMMON {.\obj\ism.obj}, BANK0 {.\obj\hal_hpgpRx.obj}, BANK0 {.\obj\ehal_ts
>> t.obj}, BANK0 {.\obj\chal_tst.obj}, BANK0 {.\obj\ihal_ui.obj}, BANK0 {.\obj\ihal_tst.obj}, BANK1 {.\obj\hal_hpgp.obj}
>> , BANK1 {.\obj\sys_common.obj}, BANK3 {.\obj\hal_hpgpTx.obj}, BANK3 {.\obj\datapath.obj}, BANK3 {.\obj\FrameTask.obj}
>> , BANK3 {.\obj\prod_test_correct_endieness.obj}, BANK4 {.\obj\hhal_tst.obj}, BANK4 {.\obj\hal_eth.obj}, BANK4 {.\obj\
>> hhal_led.obj}, BANK4 {.\obj\hal_spi.obj}, BANK4 {.\obj\hal_prod_tst.obj} TO .\obj\gc_hpgp BANKAREA (0XA000, 0XFFFF) R
>> TX51TINY PRINT (.\lst\gc_hpgp.m51) RAMSIZE (256) CODE (0X2100-0X9FFF) XDATA (0X2000-0XDFFF)


MEMORY MODEL: LARGE


INPUT MODULES INCLUDED:
  .\obj\STARTUP.obj (?C_STARTUP)
  .\obj\L51_PALM_BANK.obj (?BANK?SWITCHING)
  .\obj\CONF_TNY.obj (?RTX51_TINY_KERNAL)
  .\obj\clear_char.obj (CLEAR_CHAR)
  .\obj\hal_common.obj (HAL_COMMON)
  .\obj\hal_main.obj (HAL_MAIN)
  .\obj\fm.obj (FM)
  .\obj\list.obj (LIST)
  .\obj\utils.obj (UTILS)
  .\obj\ism.obj (ISM)
  .\obj\hal_hpgpRx.obj (HAL_HPGPRX)
  .\obj\ehal_tst.obj (EHAL_TST)
  .\obj\chal_tst.obj (CHAL_TST)
  .\obj\ihal_ui.obj (IHAL_UI)
  .\obj\ihal_tst.obj (IHAL_TST)
  .\obj\hal_hpgp.obj (HAL_HPGP)
  .\obj\sys_common.obj (SYS_COMMON)
  .\obj\hal_hpgpTx.obj (HAL_HPGPTX)
  .\obj\datapath.obj (DATAPATH)
  .\obj\FrameTask.obj (FRAMETASK)
  .\obj\prod_test_correct_endieness.obj (PROD_TEST_CORRECT_ENDIENESS)
  .\obj\hhal_tst.obj (HHAL_TST)
  .\obj\hal_eth.obj (HAL_ETH)
  .\obj\hhal_led.obj (HHAL_LED)
  .\obj\hal_spi.obj (HAL_SPI)
  .\obj\hal_prod_tst.obj (HAL_PROD_TST)
  C:\KEIL\C51\LIB\RTX51BT.LIB (?RTX51_TINY_OS_CREATE)
  C:\KEIL\C51\LIB\RTX51BT.LIB (?RTX51_TINY_OS_SEND_RUN)
  C:\KEIL\C51\LIB\C51L.LIB (?C_INIT)
  C:\KEIL\C51\LIB\C51L.LIB (?C?COPY)
  C:\KEIL\C51\LIB\C51L.LIB (?C?CLDPTR)
  C:\KEIL\C51\LIB\C51L.LIB (?C?CLDOPTR)
  C:\KEIL\C51\LIB\C51L.LIB (?C?CSTPTR)
  C:\KEIL\C51\LIB\C51L.LIB (?C?CSTOPTR)
  C:\KEIL\C51\LIB\C51L.LIB (?C?IMUL)
  C:\KEIL\C51\LIB\C51L.LIB (?C?SIDIV)
  C:\KEIL\C51\LIB\C51L.LIB (?C?IILDX)
  C:\KEIL\C51\LIB\C51L.LIB (?C?ILDIX)
  C:\KEIL\C51\LIB\C51L.LIB (?C?ILDPTR)
  C:\KEIL\C51\LIB\C51L.LIB (?C?ILDOPTR)
  C:\KEIL\C51\LIB\C51L.LIB (?C?ISTPTR)
  C:\KEIL\C51\LIB\C51L.LIB (?C?ISTOPTR)
  C:\KEIL\C51\LIB\C51L.LIB (?C?LADD)
BL51 BANKED LINKER/LOCATER V6.22                                                      01/10/2015  21:25:33  PAGE 2


  C:\KEIL\C51\LIB\C51L.LIB (?C?LSUB)
  C:\KEIL\C51\LIB\C51L.LIB (?C?LMUL)
  C:\KEIL\C51\LIB\C51L.LIB (?C?ULDIV)
  C:\KEIL\C51\LIB\C51L.LIB (?C?LAND)
  C:\KEIL\C51\LIB\C51L.LIB (?C?LOR)
  C:\KEIL\C51\LIB\C51L.LIB (?C?LNOT)
  C:\KEIL\C51\LIB\C51L.LIB (?C?LNEG)
  C:\KEIL\C51\LIB\C51L.LIB (?C?ULCMP)
  C:\KEIL\C51\LIB\C51L.LIB (?C?ULSHR)
  C:\KEIL\C51\LIB\C51L.LIB (?C?LSHL)
  C:\KEIL\C51\LIB\C51L.LIB (?C?LLDPTR)
  C:\KEIL\C51\LIB\C51L.LIB (?C?LLDOPTR)
  C:\KEIL\C51\LIB\C51L.LIB (?C?LSTPTR)
  C:\KEIL\C51\LIB\C51L.LIB (?C?LSTOPTR)
  C:\KEIL\C51\LIB\C51L.LIB (?C?LLDXDATA)
  C:\KEIL\C51\LIB\C51L.LIB (?C?LLDXDATA0)
  C:\KEIL\C51\LIB\C51L.LIB (?C?LLDPTR0)
  C:\KEIL\C51\LIB\C51L.LIB (?C?LLDIXDATA)
  C:\KEIL\C51\LIB\C51L.LIB (?C?LSTXDATA)
  C:\KEIL\C51\LIB\C51L.LIB (?C?LSTKXDATA)
  C:\KEIL\C51\LIB\C51L.LIB (?C?LSTKOPTR)
  C:\KEIL\C51\LIB\C51L.LIB (?C?OFFXADD)
  C:\KEIL\C51\LIB\C51L.LIB (?C?PLDXDATA)
  C:\KEIL\C51\LIB\C51L.LIB (?C?PSTXDATA)
  C:\KEIL\C51\LIB\C51L.LIB (?C?PLDPTR)
  C:\KEIL\C51\LIB\C51L.LIB (?C?PSTPTR)
  C:\KEIL\C51\LIB\C51L.LIB (?C?PLDOPTR)
  C:\KEIL\C51\LIB\C51L.LIB (?C?PSTOPTR)
  C:\KEIL\C51\LIB\C51L.LIB (?C?CCASE)
  C:\KEIL\C51\LIB\C51L.LIB (?C_XBP)
  C:\KEIL\C51\LIB\C51L.LIB (PRINTF)
  C:\KEIL\C51\LIB\C51L.LIB (GETCHAR)
  C:\KEIL\C51\LIB\C51L.LIB (SCANF)
  C:\KEIL\C51\LIB\C51L.LIB (?C?STRCMP)
  C:\KEIL\C51\LIB\C51L.LIB (?C?MEMCMP)
  C:\KEIL\C51\LIB\C51L.LIB (?C?MEMSET)
  C:\KEIL\C51\LIB\C51L.LIB (?C?LROL)
  C:\KEIL\C51\LIB\C51L.LIB (VPRINTF)
  C:\KEIL\C51\LIB\C51L.LIB (?C?UIDIV)
  C:\KEIL\C51\LIB\C51L.LIB (?C?LLDIDATA)
  C:\KEIL\C51\LIB\C51L.LIB (?C?LLDPDATA)
  C:\KEIL\C51\LIB\C51L.LIB (?C?LLDCODE)
  C:\KEIL\C51\LIB\C51L.LIB (?C?LLDIDATA0)
  C:\KEIL\C51\LIB\C51L.LIB (?C?LLDPDATA0)
  C:\KEIL\C51\LIB\C51L.LIB (?C?LLDCODE0)
  C:\KEIL\C51\LIB\C51L.LIB (?C?LSTIDATA)
  C:\KEIL\C51\LIB\C51L.LIB (?C?LSTPDATA)
  C:\KEIL\C51\LIB\C51L.LIB (?C?LSTKIDATA)
  C:\KEIL\C51\LIB\C51L.LIB (?C?LSTKPDATA)
  C:\KEIL\C51\LIB\C51L.LIB (?C?PLDIDATA)
  C:\KEIL\C51\LIB\C51L.LIB (?C?PSTIDATA)
  C:\KEIL\C51\LIB\C51L.LIB (?C?PLDIXDATA)
  C:\KEIL\C51\LIB\C51L.LIB (?C?PILDXDATA)
  C:\KEIL\C51\LIB\C51L.LIB (?C?PLDPDATA)
  C:\KEIL\C51\LIB\C51L.LIB (?C?PSTPDATA)
  C:\KEIL\C51\LIB\C51L.LIB (?C?PLDCODE)
  C:\KEIL\C51\LIB\C51L.LIB (UNGETC)
BL51 BANKED LINKER/LOCATER V6.22                                                      01/10/2015  21:25:33  PAGE 3


  C:\KEIL\C51\LIB\C51L.LIB (ISSPACE)


TASK TABLE OF MODULE:  .\obj\gc_hpgp (?C_STARTUP)

TASKID   PRIORITY   REG-BANK   SEGMENT NAME
-------------------------------------------
0        0          0          ?PR?GREEN_MAIN?HAL_MAIN
2        0          0          ?PR?FRAME_TASK?FRAMETASK
3        0          0          ?PR?LHTM_TASK?HAL_MAIN



LINK MAP OF MODULE:  .\obj\gc_hpgp (?C_STARTUP)


            TYPE    BASE      LENGTH    RELOCATION   SEGMENT NAME
            -----------------------------------------------------

            * * * * * * *   D A T A   M E M O R Y   * * * * * * *
            REG     0000H     0008H     ABSOLUTE     "REG BANK 0"
            DATA    0008H     0005H     ABSOLUTE     
            DATA    000DH     0002H     UNIT         ?C?LIB_DATA
                    000FH     0001H                  *** GAP ***
            REG     0010H     0008H     ABSOLUTE     "REG BANK 2"
            IDATA   0018H     0008H     UNIT         ?RTX?TASKSTATE?S
            BIT     0020H.0   0003H.5   UNIT         _BIT_GROUP_
            BIT     0023H.5   0000H.1   UNIT         ?RTX?BITS
            BIT     0023H.6   0000H.1   UNIT         ?BI?GETCHAR
                    0023H.7   0000H.1                *** GAP ***
            DATA    0024H     000FH     UNIT         _DATA_GROUP_
            IDATA   0033H     0004H     UNIT         ?RTX?TASKSP?S
            IDATA   0037H     0001H     UNIT         ?STACK

            * * * * * * *  X D A T A   M E M O R Y  * * * * * * *
                    0000H     0400H                  *** GAP ***
            XDATA   0400H     0001H     ABSOLUTE     
            XDATA   0401H     0001H     ABSOLUTE     
            XDATA   0402H     0001H     ABSOLUTE     
            XDATA   0403H     0001H     ABSOLUTE     
            XDATA   0404H     0001H     ABSOLUTE     
            XDATA   0405H     0001H     ABSOLUTE     
            XDATA   0406H     0001H     ABSOLUTE     
            XDATA   0407H     0001H     ABSOLUTE     
                    0408H     0034H                  *** GAP ***
            XDATA   043CH     0001H     ABSOLUTE     
            XDATA   043DH     0001H     ABSOLUTE     
            XDATA   043EH     0001H     ABSOLUTE     
            XDATA   043FH     0001H     ABSOLUTE     
                    0440H     1BC0H                  *** GAP ***
            XDATA   2000H     10A7H     UNIT         ?XD?DATAPATH
            XDATA   30A7H     0601H     UNIT         ?XD?IHAL_TST
            XDATA   36A8H     0544H     UNIT         _XDATA_GROUP_
            XDATA   3BECH     02E6H     UNIT         ?XD?HAL_HPGP
            XDATA   3ED2H     01D8H     UNIT         ?XD?HAL_COMMON
            XDATA   40AAH     00E6H     UNIT         ?XD?ISM
            XDATA   4190H     00BFH     UNIT         ?XD?HHAL_BCNRXINTHANDLER?HAL_HPGPRX
BL51 BANKED LINKER/LOCATER V6.22                                                      01/10/2015  21:25:33  PAGE 4


            XDATA   424FH     00ACH     UNIT         ?XD?HHAL_TST
            XDATA   42FBH     0080H     UNIT         ?XD?HAL_MAIN
            XDATA   437BH     005DH     UNIT         ?XD?HAL_PROD_TST
            XDATA   43D8H     0040H     UNIT         ?XD?HAL_HPGPRX
            XDATA   4418H     002EH     UNIT         ?XD?HAL_HPGPTX
            XDATA   4446H     002BH     UNIT         ?XD?_FILLBUFFER?HAL_PROD_TST
            XDATA   4471H     0026H     UNIT         ?XD?EHAL_TST
            XDATA   4497H     0026H     UNIT         ?XD?_SENDSINGLEFRAME?HHAL_TST
            XDATA   44BDH     0026H     UNIT         ?XD?HAL_SPI
            XDATA   44E3H     0020H     UNIT         ?XD?HAL_ETH
            XDATA   4503H     0019H     UNIT         ?XD?_HAL_SPI_TX_DMA_CP?HAL_SPI
            XDATA   451CH     0016H     UNIT         ?XD?_CHAL_READFRAME?HAL_HPGPRX
            XDATA   4532H     0014H     UNIT         ?XD?SYS_COMMON
            XDATA   4546H     0010H     UNIT         ?XD?_HHAL_REMOVEPPEK?HAL_HPGP
            XDATA   4556H     000FH     UNIT         ?XD?SETCSMA_ONCCO1?HAL_HPGPTX
            XDATA   4565H     000EH     UNIT         ?XD?_HAL_COMMON_BIT_FIELD_REG_READ?HAL_COMMON
            XDATA   4573H     000DH     UNIT         ?XD?_HHAL_REMOVENEK?HAL_HPGP
            XDATA   4580H     000CH     UNIT         ?XD?MAC_UTILS_64_BIT_TO_BYTE_ARRAY?UTILS
            XDATA   458CH     000CH     UNIT         ?XD?_MAC_UTILS_BYTE_ARRAY_TO_64_BIT?UTILS
            XDATA   4598H     000CH     UNIT         ?XD?FRAMETASK
            XDATA   45A4H     000BH     UNIT         ?XD?_CONNEXISTMASTER?HAL_ETH
            XDATA   45AFH     0009H     UNIT         ?XD?_HAL_COMMON_BIT_FIELD_GET?HAL_COMMON
            XDATA   45B8H     0009H     UNIT         ?XD?_GV701X_GPIO_CONFIG?HAL_COMMON
            XDATA   45C1H     0009H     UNIT         ?XD?_GV701X_GPIO_WRITE?HAL_COMMON
            XDATA   45CAH     0009H     UNIT         ?XD?_SLIST_ADD?LIST
            XDATA   45D3H     0009H     UNIT         ?XD?_SLIST_REMOVE?LIST
            XDATA   45DCH     0009H     UNIT         ?XD?_HHAL_SETCSMAREGIONS?HAL_HPGP
            XDATA   45E5H     0008H     UNIT         ?XD?_GV701X_GPIO_READ?HAL_COMMON
            XDATA   45EDH     0008H     UNIT         ?XD?_MAC_UTILS_32_BIT_TO_BYTE_ARRAY?UTILS
            XDATA   45F5H     0008H     UNIT         ?XD?_HHT_GETROBOMODFRMLEN?HHAL_TST
            XDATA   45FDH     0008H     UNIT         ?XD?_CONNEXISTSLAVE?HAL_ETH
            XDATA   4605H     0007H     UNIT         ?XD?_MAC_UTILS_BYTE_ARRAY_TO_32_BIT?UTILS
            XDATA   460CH     0007H     UNIT         ?XD?_ISM_REGISTERINTHANDLER?ISM
            XDATA   4613H     0007H     UNIT         ?XD?_HAL_SPI_TX_DIRECT?HAL_SPI
            XDATA   461AH     0006H     UNIT         ?XD?_HAL_COMMON_REG_16_WRITE?HAL_COMMON
            XDATA   4620H     0006H     UNIT         ?XD?_SLIST_PUSH?LIST
            XDATA   4626H     0006H     UNIT         ?XD?_SLIST_PUT?LIST
            XDATA   462CH     0006H     UNIT         ?XD?_SLIST_POP?LIST
            XDATA   4632H     0006H     UNIT         ?XD?_DLIST_PUSH?LIST
            XDATA   4638H     0006H     UNIT         ?XD?_DLIST_PUT?LIST
            XDATA   463EH     0006H     UNIT         ?XD?_HAL_SPI_SET_DIRECT_MODE?HAL_SPI
            XDATA   4644H     0005H     UNIT         ?XD?_CHAL_ALLOCFRAMECP?HAL_COMMON
            XDATA   4649H     0005H     UNIT         ?XD?_MAC_UTILS_CMD_GET?UTILS
            XDATA   464EH     0005H     UNIT         ?XD?_HHAL_SETLMBCNBUF?HAL_HPGP
            XDATA   4653H     0005H     UNIT         ?XD?_HHT_DEMOMODETX?HHAL_LED
            XDATA   4658H     0004H     UNIT         ?XD?CHAL_GETCPUTXQFRMCOUNT?HAL_COMMON
            XDATA   465CH     0004H     UNIT         ?XD?_MAC_UTILS_CMD_SPI_WRITE?UTILS
            XDATA   4660H     0004H     UNIT         ?XD?_MAC_UTILS_CMD_WRITE?UTILS
            XDATA   4664H     0004H     UNIT         ?XD?HHAL_RXSOUNDINTHANDLER?HAL_HPGPRX
            XDATA   4668H     0004H     UNIT         ?XD?HHAL_POWERSAVECONFIG?HAL_HPGP
            XDATA   466CH     0004H     UNIT         ?XD?HAL_HPGP_SOFT_RESET?HAL_HPGP
            XDATA   4670H     0004H     UNIT         ?XD?HHAL_SETSTASNIDVALID?HAL_HPGP
            XDATA   4674H     0003H     UNIT         ?XD?_DLIST_REMOVE?LIST
            XDATA   4677H     0003H     UNIT         ?XD?_HHT_TXLEDDEMO?HHAL_LED
            XDATA   467AH     0003H     UNIT         ?XD?_HHT_LEDDEMOTXMENU?HHAL_LED
            XDATA   467DH     0003H     UNIT         ?XD?_HHT_DEMOMODERX?HHAL_LED
            XDATA   4680H     0003H     UNIT         ?XD?HHAL_LED
BL51 BANKED LINKER/LOCATER V6.22                                                      01/10/2015  21:25:33  PAGE 5


            XDATA   4683H     0002H     UNIT         ?XD?_HAL_COMMON_REG_16_READ?HAL_COMMON
            XDATA   4685H     0002H     UNIT         ?XD?FM
            XDATA   4687H     0002H     UNIT         ?XD?_CRC_CCITT_UPDATE?UTILS
            XDATA   4689H     0002H     UNIT         ?XD?_MAC_UTILS_CMD_SPI_READ?UTILS
            XDATA   468BH     0002H     UNIT         ?XD?_MAC_UTILS_CMD_READ?UTILS
            XDATA   468DH     0002H     UNIT         ?XD?_HHAL_ADJUSTNEXTBCNTIME?HAL_HPGP
            XDATA   468FH     0001H     UNIT         ?XD?CHT_PKTBUFBANKSELTST?CHAL_TST
            XDATA   4690H     0001H     UNIT         ?XD?GETCHAR

            * * * * * * *   C O D E   M E M O R Y   * * * * * * *
                    0000H     2100H                  *** GAP ***
            CODE    2100H     0003H     ABSOLUTE     
            CODE    2103H     0008H     UNIT         ?RTX?TASKENT?S
            CODE    210BH     0003H     ABSOLUTE     
            CODE    210EH     1870H     UNIT         ?CO?HHAL_TST
            CODE    397EH     0BA3H     UNIT         ?C?LIB_CODE
            CODE    4521H     0AEBH     UNIT         ?CO?EHAL_TST
            CODE    500CH     0428H     UNIT         ?CO?HAL_MAIN
            CODE    5434H     0403H     UNIT         ?CO?HAL_HPGP
            CODE    5837H     03E8H     UNIT         ?CO?CHAL_TST
            CODE    5C1FH     03E7H     UNIT         ?PR?ISM_POLLINT?ISM
            CODE    6006H     0365H     UNIT         ?PR?PRINTF?PRINTF
            CODE    636BH     0322H     UNIT         ?PR?SCANF?SCANF
            CODE    668DH     0272H     UNIT         ?PR?CMDRUN?HAL_MAIN
            CODE    68FFH     0271H     UNIT         ?C_INITSEG
            CODE    6B70H     0264H     UNIT         ?PR?CHAL_CPUTXQNEMPTYINTHANDLER?HAL_COMMON
            CODE    6DD4H     0221H     INBLOCK      ?BANK?SELECT
            CODE    6FF5H     021CH     UNIT         ?CO?HAL_ETH
            CODE    7211H     0209H     UNIT         ?PR?_CMDREAD?HAL_MAIN
            CODE    741AH     0206H     UNIT         ?PR?_CMDWRITE?HAL_MAIN
            CODE    7620H     01FCH     UNIT         ?RTX?CODE
            CODE    781CH     014AH     UNIT         ?PR?HAL_COMMON
            CODE    7966H     013EH     UNIT         ?PR?HAL_MAIN
            CODE    7AA4H     0101H     UNIT         ?PR?ISM
            CODE    7BA5H     00DEH     UNIT         ?CO?IHAL_UI
            CODE    7C83H     00DDH     UNIT         ?PR?_GETLINE?HAL_MAIN
            CODE    7D60H     00D8H     UNIT         ?CO?HAL_COMMON
            CODE    7E38H     00D5H     UNIT         ?PR?_CMDSPI?HAL_MAIN
            CODE    7F0DH     00CDH     UNIT         ?CO?HAL_PROD_TST
            CODE    7FDAH     00CAH     UNIT         ?CO?IHAL_TST
            CODE    80A4H     00C9H     UNIT         ?PR?_ISM_ENABLEMACIRQ?ISM
            CODE    816DH     00C8H     UNIT         ?CO?HAL_SPI
            CODE    8235H     00B8H     UNIT         ?PR?UTILS
            CODE    82EDH     00B4H     UNIT         ?PR?_ISM_DISABLEMACIRQ?ISM
            CODE    83A1H     009DH     UNIT         ?PR?CMDGET?HAL_MAIN
            CODE    843EH     009DH     UNIT         ?PR?_ISM_ENABLECPUIRQ?ISM
            CODE    84DBH     009DH     UNIT         ?PR?_ISM_DISABLECPUIRQ?ISM
            CODE    8578H     009BH     UNIT         ?PR?_MAC_UTILS_CMD_GET?UTILS
            CODE    8613H     0092H     UNIT         ?C_C51STARTUP
            CODE    86A5H     008CH     UNIT         ?PR?_CHAL_REQUESTCP?HAL_COMMON
            CODE    8731H     0082H     UNIT         ?PR?_SLIST_POP?LIST
            CODE    87B3H     007DH     UNIT         ?PR?HAL_COMMON_DISPLAY_QC_ERROR_STATS?HAL_COMMON
            CODE    8830H     007DH     UNIT         ?PR?_SLIST_PUSH?LIST
            CODE    88ADH     0074H     UNIT         ?PR?_HAL_COMMON_BIT_FIELD_SET?HAL_COMMON
            CODE    8921H     0072H     UNIT         ?PR?_SLIST_ADD?LIST
            CODE    8993H     0068H     UNIT         ?PR?_SLIST_PUT?LIST
            CODE    89FBH     0066H     UNIT         ?CO?UTILS
BL51 BANKED LINKER/LOCATER V6.22                                                      01/10/2015  21:25:33  PAGE 6


            CODE    8A61H     0065H     UNIT         ?PR?_DLIST_PUT?LIST
            CODE    8AC6H     0063H     UNIT         ?PR?_CHAL_ALLOCFRAMECP?HAL_COMMON
            CODE    8B29H     0063H     UNIT         ?PR?_DLIST_PUSH?LIST
            CODE    8B8CH     005FH     UNIT         ?PR?_SLIST_REMOVE?LIST
            CODE    8BEBH     005AH     UNIT         ?PR?_HAL_COMMON_BIT_FIELD_REG_WRITE?HAL_COMMON
            CODE    8C45H     0055H     UNIT         ?PR?HHAL_REQ_GNT_READ_CPU_QD?HAL_COMMON
            CODE    8C9AH     0055H     UNIT         ?PR?_DLIST_REMOVE?LIST
            CODE    8CEFH     004CH     UNIT         ?CO?DATAPATH
            CODE    8D3BH     004AH     UNIT         ?PR?_MAC_UTILS_CMD_WRITE?UTILS
            CODE    8D85H     0049H     UNIT         ?PR?_CHAL_INCREMENTCPUSAGECNT?HAL_COMMON
            CODE    8DCEH     0047H     UNIT         ?PR?_GV701X_GPIO_WRITE?HAL_COMMON
            CODE    8E15H     0047H     UNIT         ?PR?MAC_UTILS_64_BIT_TO_BYTE_ARRAY?UTILS
            CODE    8E5CH     0043H     UNIT         ?PR?_MAC_UTILS_CMD_READ?UTILS
            CODE    8E9FH     0042H     UNIT         ?PR?_CHAL_FREECP?HAL_COMMON
            CODE    8EE1H     0042H     UNIT         ?PR?_CHAL_FREEFRAMECP?HAL_COMMON
            CODE    8F23H     0041H     UNIT         ?PR?_CHAL_GETACCESSTOCP?HAL_COMMON
            CODE    8F64H     0041H     UNIT         ?PR?_HAL_COMMON_REG_32_WRITE?HAL_COMMON
            CODE    8FA5H     0040H     UNIT         ?PR?_GV701X_GPIO_CONFIG?HAL_COMMON
            CODE    8FE5H     003FH     UNIT         ?PR?_MAC_UTILS_CMD_SPI_WRITE?UTILS
            CODE    9024H     003EH     UNIT         ?PR?_HAL_COMMON_FREE_FRAME?HAL_COMMON
            CODE    9062H     003EH     UNIT         ?PR?_HAL_COMMON_REG_32_READ?HAL_COMMON
            CODE    90A0H     003CH     UNIT         ?PR?CHAL_INITHW?HAL_COMMON
            CODE    90DCH     003CH     UNIT         ?PR?_HAL_COMMON_REG_BIT_CLEAR?HAL_COMMON
            CODE    9118H     003BH     UNIT         ?PR?_HAL_COMMON_REG_BIT_SET?HAL_COMMON
            CODE    9153H     0039H     UNIT         ?PR?_MAC_UTILS_BYTE_ARRAY_TO_32_BIT?UTILS
            CODE    918CH     0036H     UNIT         ?PR?_HAL_COMMON_BIT_FIELD_REG_READ?HAL_COMMON
            CODE    91C2H     0035H     UNIT         ?PR?_CHAL_GETCPUSAGECNT?HAL_COMMON
            CODE    91F7H     0008H     UNIT         ?PR?_HAL_COMMON_REG_8_BIT_SET?HAL_COMMON
            CODE    91FFH     0001H     UNIT         ?PR?COM_INIT?HAL_MAIN
            CODE    9200H     0036H     PAGE         ?BANK?SWITCH
            CODE    9236H     0035H     UNIT         ?PR?_VPRINTF?VPRINTF
            CODE    926BH     0034H     UNIT         ?PR?_MAC_UTILS_CMD_SPI_READ?UTILS
            CODE    929FH     0033H     UNIT         ?PR?_MAC_UTILS_DELAY_MS?UTILS
            CODE    92D2H     002FH     UNIT         ?PR?_CRC_CCITT_UPDATE?UTILS
            CODE    9301H     002EH     UNIT         ?PR?_SLIST_INIT?LIST
            CODE    932FH     002EH     UNIT         ?PR?_MAC_UTILS_BYTE_ARRAY_TO_64_BIT?UTILS
            CODE    935DH     002DH     UNIT         ?PR?_MAC_UTILS_32_BIT_TO_BYTE_ARRAY?UTILS
            CODE    938AH     002DH     UNIT         ?PR?CHECKSPITXDONE?ISM
            CODE    93B7H     0027H     UNIT         ?PR?POLL_KEY?HAL_MAIN
            CODE    93DEH     0027H     UNIT         ?PR?_MAC_UTILS_SPI_READ?UTILS
            CODE    9405H     0026H     UNIT         ?PR?_GV701X_GPIO_READ?HAL_COMMON
            CODE    942BH     0026H     UNIT         ?PR?GREEN_MAIN?HAL_MAIN
            CODE    9451H     0025H     UNIT         ?PR?_HAL_COMMON_BIT_FIELD_GET?HAL_COMMON
            CODE    9476H     0024H     UNIT         ?PR?_ISM_UNREGISTERINTRHANDLER?ISM
            CODE    949AH     0023H     UNIT         ?PR?CHAL_GETCPUTXQDESCCOUNT?HAL_COMMON
            CODE    94BDH     0023H     UNIT         ?PR?TIMER_HANDLER?HAL_COMMON
            CODE    94E0H     0023H     UNIT         ?PR?CMDHELP?HAL_MAIN
            CODE    9503H     0022H     UNIT         ?CO?FM
            CODE    9525H     0022H     UNIT         ?PR?LIST
            CODE    9547H     0022H     UNIT         ?PR?_ISM_REGISTERINTHANDLER?ISM
            CODE    9569H     001FH     UNIT         ?PR?_HAL_COMMON_REG_16_WRITE?HAL_COMMON
            CODE    9588H     001EH     UNIT         ?PR?_HAL_COMMON_REG_BIT_TEST?HAL_COMMON
            CODE    95A6H     001DH     UNIT         ?PR?_HAL_COMMON_REG_16_READ?HAL_COMMON
            CODE    95C3H     001DH     UNIT         ?PR?_MAC_UTILS_SPI_WRITE?UTILS
            CODE    95E0H     001DH     UNIT         ?CO?HAL_HPGPRX
            CODE    95FDH     001CH     UNIT         ?PR?_CHAL_DELAYTICKS?HAL_COMMON
            CODE    9619H     0018H     UNIT         ?PR?_PUTCHAR?HAL_MAIN
BL51 BANKED LINKER/LOCATER V6.22                                                      01/10/2015  21:25:33  PAGE 7


            CODE    9631H     0017H     UNIT         ?CO?HHAL_LED
            CODE    9648H     0016H     UNIT         ?PR?HHAL_REL_GNT_READ_CPU_QD?HAL_COMMON
            CODE    965EH     0015H     UNIT         ?PR?_CHAL_DECREMENTRELEASECPCNT?HAL_COMMON
            CODE    9673H     0015H     UNIT         ?PR?_MAC_UTILS_AFE_SPI_ENABLE?UTILS
            CODE    9688H     0014H     UNIT         ?PR?CHAL_GETCPUTXQFRMCOUNT?HAL_COMMON
            CODE    969CH     0014H     UNIT         ?PR?CHAL_INCTIMERINTCNT?HAL_COMMON
            CODE    96B0H     0014H     UNIT         ?PR?GETCHAR?GETCHAR
            CODE    96C4H     0014H     UNIT         ?PR?_ISSPACE?ISSPACE
            CODE    96D8H     0013H     UNIT         ?PR?_GETCHAR?HAL_MAIN
            CODE    96EBH     0012H     UNIT         ?PR?CHAL_GETFREECPCNT?HAL_COMMON
            CODE    96FDH     0012H     UNIT         ?PR?_GETKEY?HAL_MAIN
            CODE    970FH     0012H     UNIT         ?PR?ISM_INIT?ISM
            CODE    9721H     0011H     UNIT         ?PR?READ_FLASHPROFILE?HAL_MAIN
            CODE    9732H     000EH     UNIT         ?PR?_MAC_UTILS_BYTE_ARRAY_TO_16_BIT?UTILS
            CODE    9740H     000DH     UNIT         ?PR?_HAL_COMMON_REG_8_BIT_CLEAR?HAL_COMMON
            CODE    974DH     000CH     UNIT         ?PR?_HAL_COMMON_REG_8_BIT_TEST?HAL_COMMON
            CODE    9759H     000BH     UNIT         ?PR?_MAC_UTILS_16_BIT_TO_BYTE_ARRAY?UTILS
            CODE    9764H     0008H     UNIT         ?PR?LHTM_INIT?HAL_MAIN
            CODE    976CH     0008H     UNIT         ?PR?GETCHAR?UNGETCHAR
            CODE    9774H     0007H     UNIT         ?PR?GET_TIMERTICK?HAL_COMMON
            CODE    977BH     0007H     UNIT         ?PR?CHT_POLL?HAL_COMMON
            CODE    9782H     0005H     UNIT         ?PR?LHTM_TASK?HAL_MAIN
            CODE    9787H     0003H     UNIT         ?PR?CLEAR_GETCHAR
            CODE    978AH     0003H     UNIT         ?PR?ISM_ENABLEINTERRUPTS?ISM
            CODE    978DH     0001H     UNIT         ?PR?ISM_ENABLEINTPOLLING?ISM

            * * * * * * *   C O D E   B A N K   0   * * * * * * *
                    0000H     A000H                  *** GAP ***
            BANK0   A000H     04E7H     UNIT         ?PR?_EHT_BASICTXRXMENU?EHAL_TST
            BANK0   A4E7H     04D6H     UNIT         ?PR?_EHT_SIMULATETX?EHAL_TST
            BANK0   A9BDH     037BH     UNIT         ?PR?_EHT_XMITDATA?EHAL_TST
            BANK0   AD38H     0296H     UNIT         ?PR?EHAL_TST
            BANK0   AFCEH     027CH     UNIT         ?PR?_HHAL_RXINTHANDLER?HAL_HPGPRX
            BANK0   B24AH     01E9H     UNIT         ?PR?_IHAL_TST_SLAVE_TX_DMA?IHAL_TST
            BANK0   B433H     01D1H     UNIT         ?PR?_HAL_BEACONRXHANDLER?HAL_HPGPRX
            BANK0   B604H     01ADH     UNIT         ?PR?_HHAL_PROCBCNLOW?HAL_HPGPRX
            BANK0   B7B1H     01A6H     UNIT         ?PR?_CHAL_READFRAME?HAL_HPGPRX
            BANK0   B957H     01A1H     UNIT         ?PR?HAL_HPGPRX
            BANK0   BAF8H     018CH     UNIT         ?PR?CHT_TESTMEM?CHAL_TST
            BANK0   BC84H     0144H     UNIT         ?PR?_EHAL_CMDHALPROCESS?EHAL_TST
            BANK0   BDC8H     0133H     UNIT         ?PR?CHT_PKTBUFBANKSELTST?CHAL_TST
            BANK0   BEFBH     011CH     UNIT         ?PR?CHT_TESTCPS?CHAL_TST
            BANK0   C017H     0116H     UNIT         ?PR?_FM_HEXDUMP?FM
            BANK0   C12DH     0102H     UNIT         ?PR?_IHAL_TST_RX?IHAL_TST
            BANK0   C22FH     0100H     UNIT         ?PR?_PROCESS_REGION?HAL_HPGPRX
            BANK0   C32FH     00F3H     UNIT         ?PR?HHAL_BCNRXINTHANDLER?HAL_HPGPRX
            BANK0   C422H     00EAH     UNIT         ?PR?_ETH_ALLOC1STCP?EHAL_TST
            BANK0   C50CH     00E7H     UNIT         ?PR?_EHT_TESTTXRXSTATIONS?EHAL_TST
            BANK0   C5F3H     00E4H     UNIT         ?PR?_EHT_OPENCONN?EHAL_TST
            BANK0   C6D7H     00BBH     UNIT         ?PR?_ETH_XMITCMDPKT?EHAL_TST
            BANK0   C792H     00BBH     UNIT         ?PR?IHAL_UI_TX_MENU?IHAL_UI
            BANK0   C84DH     00B9H     UNIT         ?PR?CHT_DUMPMEM?CHAL_TST
            BANK0   C906H     00A8H     UNIT         ?PR?CHAL_TST
            BANK0   C9AEH     00A3H     UNIT         ?PR?_CHAL_CMDHALPROCESS?CHAL_TST
            BANK0   CA51H     0094H     UNIT         ?PR?_EHT_CLOSECONN?EHAL_TST
            BANK0   CAE5H     0072H     UNIT         ?PR?_IHAL_UI_CMD_PROCESS?IHAL_UI
            BANK0   CB57H     0064H     UNIT         ?PR?_HAL_SETCSMAREGIONS?HAL_HPGPRX
BL51 BANKED LINKER/LOCATER V6.22                                                      01/10/2015  21:25:33  PAGE 8


            BANK0   CBBBH     0055H     UNIT         ?PR?IHAL_TST
            BANK0   CC10H     0048H     UNIT         ?PR?IHAL_UI_RX_MENU?IHAL_UI
            BANK0   CC58H     003CH     UNIT         ?PR?_ETH_ALLOCONECP?EHAL_TST
            BANK0   CC94H     0039H     UNIT         ?PR?_FM_PRINTF?FM
            BANK0   CCCDH     0034H     UNIT         ?PR?FM
            BANK0   CD01H     0031H     UNIT         ?PR?CHT_CPUSAGEDISPLAY?CHAL_TST
            BANK0   CD32H     0026H     UNIT         ?PR?IHAL_UI
            BANK0   CD58H     0016H     UNIT         ?PR?_FM_SETDEBUG?FM
            BANK0   CD6EH     000CH     UNIT         ?PR?HHAL_RXSOUNDINTHANDLER?HAL_HPGPRX
            BANK0   CD7AH     000AH     UNIT         ?PR?CHAL_CMDHELP?CHAL_TST
            BANK0   CD84H     0001H     UNIT         ?PR?HHAL_BCNRXTIMEOUTINTHANDLER?HAL_HPGPRX

            * * * * * * *   C O D E   B A N K   1   * * * * * * *
                    0000H     A000H                  *** GAP ***
            BANK1   A000H     08F9H     UNIT         ?PR?_HHT_SIMULATETX?HAL_HPGP
            BANK1   A8F9H     0592H     UNIT         ?PR?HHAL_INIT?HAL_HPGP
            BANK1   AE8BH     04A7H     UNIT         ?PR?HAL_HPGP
            BANK1   B332H     0403H     UNIT         ?PR?_HHAL_SYNCNET?HAL_HPGP
            BANK1   B735H     03FFH     UNIT         ?PR?_HHAL_ADDPPEK?HAL_HPGP
            BANK1   BB34H     0295H     UNIT         ?PR?DOSYNCHRONIZATION?HAL_HPGP
            BANK1   BDC9H     0281H     UNIT         ?PR?_HHAL_ADDNEK?HAL_HPGP
            BANK1   C04AH     0267H     UNIT         ?PR?_HHAL_SETDEVMODE?HAL_HPGP
            BANK1   C2B1H     01C3H     UNIT         ?PR?_FREQDET_FREQSETTING?HAL_HPGP
            BANK1   C474H     01A4H     UNIT         ?PR?PLC_INIT_PARAMETERS?HAL_HPGP
            BANK1   C618H     014DH     UNIT         ?PR?FREQDET_DETECTFREQUENCYUSINGZC?HAL_HPGP
            BANK1   C765H     012BH     UNIT         ?PR?_HHAL_REMOVEPPEK?HAL_HPGP
            BANK1   C890H     0125H     UNIT         ?PR?_HHT_GETMINMAXLEN?HAL_HPGP
            BANK1   C9B5H     00D0H     UNIT         ?PR?_HHAL_SETCSMAREGIONS?HAL_HPGP
            BANK1   CA85H     00BFH     UNIT         ?PR?_HHAL_ADJUSTNEXTBCNTIME?HAL_HPGP
            BANK1   CB44H     00B4H     UNIT         ?PR?HAL_HPGP_MAC_MONITORING?HAL_HPGP
            BANK1   CBF8H     008AH     UNIT         ?PR?_HHAL_SETSWSTATREQSCANFLAG?HAL_HPGP
            BANK1   CC82H     0071H     UNIT         ?PR?_SET_PLC_PARAMTER?HAL_HPGP
            BANK1   CCF3H     006FH     UNIT         ?PR?HHAL_RESETPLCSTAT?HAL_HPGP
            BANK1   CD62H     006BH     UNIT         ?PR?FREQDET_DETECTFREQUENCYUSINGBCN?HAL_HPGP
            BANK1   CDCDH     005EH     UNIT         ?PR?_HHAL_SETSNID?HAL_HPGP
            BANK1   CE2BH     005CH     UNIT         ?PR?_HHAL_REMOVENEK?HAL_HPGP
            BANK1   CE87H     0052H     UNIT         ?PR?_HHAL_PHYPGMROBOMD?HAL_HPGP
            BANK1   CED9H     0036H     UNIT         ?PR?_HHAL_SETLMBCNBUF?HAL_HPGP
            BANK1   CF0FH     002FH     UNIT         ?PR?_HHAL_SETDIAGMODE?HAL_HPGP
            BANK1   CF3EH     002FH     UNIT         ?PR?HAL_HPGP_SOFT_RESET?HAL_HPGP
            BANK1   CF6DH     002DH     UNIT         ?PR?HHAL_SETDEFADDRCONFIG?HAL_HPGP
            BANK1   CF9AH     0027H     UNIT         ?PR?_HHAL_GETPLCTXQFREEDESCCNT?HAL_HPGP
            BANK1   CFC1H     0023H     UNIT         ?PR?_HHAL_SETDIAGMODENOSACK?HAL_HPGP
            BANK1   CFE4H     0021H     UNIT         ?PR?HHAL_SETSTASNIDVALID?HAL_HPGP
            BANK1   D005H     001AH     UNIT         ?PR?_HHAL_SETPLCDEVMODE?HAL_HPGP
            BANK1   D01FH     001AH     UNIT         ?PR?_HHAL_SETTEI?HAL_HPGP
            BANK1   D039H     0017H     UNIT         ?PR?_HHAL_DISABLELMBCNBUF?HAL_HPGP
            BANK1   D050H     0016H     UNIT         ?PR?HHAL_AFEINIT?HAL_HPGP
            BANK1   D066H     0013H     UNIT         ?PR?HHAL_SETBCNINIT?HAL_HPGP
            BANK1   D079H     0011H     UNIT         ?PR?HHAL_GETPLCDEVMODE?HAL_HPGP
            BANK1   D08AH     0011H     UNIT         ?PR?HHAL_GETSNID?HAL_HPGP
            BANK1   D09BH     000FH     UNIT         ?PR?HHAL_GETTEI?HAL_HPGP
            BANK1   D0AAH     000CH     UNIT         ?PR?HHAL_POWERSAVECONFIG?HAL_HPGP
            BANK1   D0B6H     0007H     UNIT         ?PR?GET_VERSION?SYS_COMMON
            BANK1   D0BDH     0006H     UNIT         ?PR?HHAL_CLEARBCNINIT?HAL_HPGP
            BANK1   D0C3H     0006H     UNIT         ?PR?FREQDET_FREQDETECTINIT?HAL_HPGP
            BANK1   D0C9H     0006H     UNIT         ?PR?FREQDET_FREQDETECTRESET?HAL_HPGP
BL51 BANKED LINKER/LOCATER V6.22                                                      01/10/2015  21:25:33  PAGE 9



            * * * * * * *   C O D E   B A N K   3   * * * * * * *
                    0000H     A000H                  *** GAP ***
            BANK3   A000H     07ADH     UNIT         ?PR?_HHAL_PLCTXQWRITE?HAL_HPGPTX
            BANK3   A7ADH     03AAH     UNIT         ?PR?_DATAPATH_QUEUETOHOST?DATAPATH
            BANK3   AB57H     0344H     UNIT         ?PR?_HOST_RXHANDLER?DATAPATH
            BANK3   AE9BH     02E5H     UNIT         ?PR?HAL_HPGPTX
            BANK3   B180H     0219H     UNIT         ?PR?DATAPATH
            BANK3   B399H     020CH     UNIT         ?PR?_HHAL_PLCBCNWRITE?HAL_HPGPTX
            BANK3   B5A5H     01A7H     UNIT         ?PR?SETCSMA_ONSTA?HAL_HPGPTX
            BANK3   B74CH     018CH     UNIT         ?PR?_EHT_FROMPLCBCNTX?DATAPATH
            BANK3   B8D8H     015BH     UNIT         ?PR?DATAPATH_TRANSMITDATAPLC?DATAPATH
            BANK3   BA33H     0127H     UNIT         ?PR?SETCSMA_ONCCO?HAL_HPGPTX
            BANK3   BB5AH     0104H     UNIT         ?PR?_HOSTRXPOSTPROCESS?DATAPATH
            BANK3   BC5EH     0101H     UNIT         ?PR?_CORRECTENDIENESS_SPLCSIMTXTESTPARAMS?PROD_TEST_CORRECT_ENDIENE
>> SS
            BANK3   BD5FH     00E2H     UNIT         ?PR?SETCSMA_ONCCO1?HAL_HPGPTX
            BANK3   BE41H     00E0H     UNIT         ?PR?HHAL_BPINTHANDLER?HAL_HPGPTX
            BANK3   BF21H     009EH     UNIT         ?PR?_DATAPATH_QUEUE?DATAPATH
            BANK3   BFBFH     008BH     UNIT         ?PR?_FWDAGENT_HANDLEDATA?FRAMETASK
            BANK3   C04AH     0087H     UNIT         ?PR?_ETH_FILLHYBRIIHEADER?DATAPATH
            BANK3   C0D1H     0083H     UNIT         ?PR?_DATAPATH_WRITEHOSTINTF?DATAPATH
            BANK3   C154H     0077H     UNIT         ?PR?_DATAPATH_GETHEADDESC?DATAPATH
            BANK3   C1CBH     0072H     UNIT         ?PR?_EHT_SETFRAMETYPELEN?DATAPATH
            BANK3   C23DH     005EH     UNIT         ?PR?_FWDAGENT_QUEUETOHOST?FRAMETASK
            BANK3   C29BH     004BH     UNIT         ?PR?HHAL_ISPLCIDLE?HAL_HPGPTX
            BANK3   C2E6H     003AH     UNIT         ?PR?_DATAPATH_QUEUE_DEPTH?DATAPATH
            BANK3   C320H     0039H     UNIT         ?PR?DATAPATH_TRANSMITDATAHOST?DATAPATH
            BANK3   C359H     0038H     UNIT         ?PR?FRAME_PROC?FRAMETASK
            BANK3   C391H     0034H     UNIT         ?PR?PROD_TEST_CORRECT_ENDIENESS
            BANK3   C3C5H     0032H     UNIT         ?PR?_EHT_FILLETHERHEADER?DATAPATH
            BANK3   C3F7H     002DH     UNIT         ?PR?_DATAPATH_ISQUEUEFULL?DATAPATH
            BANK3   C424H     0025H     UNIT         ?PR?DATAPATH_HANDLEPLCTXDONE?DATAPATH
            BANK3   C449H     0023H     UNIT         ?PR?_EHT_GETSNIFFHDRSIZE?DATAPATH
            BANK3   C46CH     001EH     UNIT         ?PR?_DATAPATH_ISQUEUEEMPTY?DATAPATH
            BANK3   C48AH     0017H     UNIT         ?PR?FWDAGENT_ISHOSTIDLE?FRAMETASK
            BANK3   C4A1H     0012H     UNIT         ?PR?HHAL_BCN3SENTINTHANDLER?HAL_HPGPTX
            BANK3   C4B3H     0012H     UNIT         ?PR?FRAMETASK
            BANK3   C4C5H     0011H     UNIT         ?PR?FRAME_TASK_INIT?FRAMETASK
            BANK3   C4D6H     000FH     UNIT         ?PR?DATAPATH_INIT?DATAPATH
            BANK3   C4E5H     0008H     UNIT         ?PR?FRAME_TASK?FRAMETASK
            BANK3   C4EDH     0005H     UNIT         ?PR?_FWDAGENT_QUEUETOPLC?FRAMETASK
            BANK3   C4F2H     0001H     UNIT         ?PR?HHAL_PLCPENDINGTX?HAL_HPGPTX

            * * * * * * *   C O D E   B A N K   4   * * * * * * *
                    0000H     A000H                  *** GAP ***
            BANK4   A000H     04D7H     UNIT         ?PR?HHT_SIMULATETXTESTMENU?HHAL_TST
            BANK4   A4D7H     0403H     UNIT         ?PR?_HHAL_CMDHALPROCESS?HHAL_TST
            BANK4   A8DAH     03F9H     UNIT         ?PR?HHAL_DISPLAYPLCSTAT?HHAL_TST
            BANK4   ACD3H     03E4H     UNIT         ?PR?HHAL_TST
            BANK4   B0B7H     03D5H     UNIT         ?PR?HHT_TESTMEMORYTABLES?HHAL_TST
            BANK4   B48CH     032CH     UNIT         ?PR?_PRODTESTEXECCMD?HAL_PROD_TST
            BANK4   B7B8H     02FEH     UNIT         ?PR?_COPY_PLCTXTESTSTATS?HAL_PROD_TST
            BANK4   BAB6H     02E2H     UNIT         ?PR?_HHT_SENDBCN?HHAL_TST
            BANK4   BD98H     02DDH     UNIT         ?PR?HHT_BASICTXMENU?HHAL_TST
            BANK4   C075H     02BCH     UNIT         ?PR?_UPDATESTATISTICDATA?HHAL_TST
            BANK4   C331H     027AH     UNIT         ?PR?_HAL_SPI_TX_DMA?HAL_SPI
BL51 BANKED LINKER/LOCATER V6.22                                                      01/10/2015  21:25:33  PAGE 10


            BANK4   C5ABH     01C4H     UNIT         ?PR?HAL_SPI
            BANK4   C76FH     01ADH     UNIT         ?PR?_HAL_SPI_TX_DMA_CP?HAL_SPI
            BANK4   C91CH     0173H     UNIT         ?PR?_EHAL_ETHTXQWRITE?HAL_ETH
            BANK4   CA8FH     0164H     UNIT         ?PR?HHT_SETKEY?HHAL_TST
            BANK4   CBF3H     014AH     UNIT         ?PR?EHAL_INIT?HAL_ETH
            BANK4   CD3DH     0144H     UNIT         ?PR?EHAL_PRINT_ETHHWSTAT?HAL_ETH
            BANK4   CE81H     0138H     UNIT         ?PR?HAL_SPI_RX_DONE_HANDLER?HAL_SPI
            BANK4   CFB9H     0115H     UNIT         ?PR?_EHAL_ETHPHYREGOP?HAL_ETH
            BANK4   D0CEH     0102H     UNIT         ?PR?HAL_PROD_TST
            BANK4   D1D0H     00EEH     UNIT         ?PR?_HAL_SPI_FRAME_RX?HAL_SPI
            BANK4   D2BEH     00E7H     UNIT         ?PR?HAL_SPI_INIT?HAL_SPI
            BANK4   D3A5H     00DDH     UNIT         ?PR?HHT_ADDRCFG?HHAL_TST
            BANK4   D482H     00CDH     UNIT         ?PR?_UPDATE_POWERMODE?HHAL_TST
            BANK4   D54FH     00C7H     UNIT         ?PR?_FILLBUFFER?HAL_PROD_TST
            BANK4   D616H     00C6H     UNIT         ?PR?_HAL_SPI_SET_DMA_MODE?HAL_SPI
            BANK4   D6DCH     00AFH     UNIT         ?PR?PRODTEST_INIT?HAL_PROD_TST
            BANK4   D78BH     00ACH     UNIT         ?PR?HHT_SETROBOMODE?HHAL_TST
            BANK4   D837H     00A8H     UNIT         ?PR?EHAL_DISPLAYETHSTAT?HAL_ETH
            BANK4   D8DFH     00A4H     UNIT         ?PR?HAL_SPI_ISTXREADY?HAL_SPI
            BANK4   D983H     009EH     UNIT         ?PR?_HAL_SPI_SET_DIRECT_MODE?HAL_SPI
            BANK4   DA21H     009DH     UNIT         ?PR?_HAL_SPI_SET_RX_PAYLOAD_RDY?HAL_SPI
            BANK4   DABEH     0099H     UNIT         ?PR?_HHT_PROCESSPLCMACFRAME?HHAL_TST
            BANK4   DB57H     0097H     UNIT         ?PR?HHT_DEVCFG?HHAL_TST
            BANK4   DBEEH     0095H     UNIT         ?PR?_HAL_SPI_TX_DIRECT?HAL_SPI
            BANK4   DC83H     0085H     UNIT         ?PR?HAL_ETH
            BANK4   DD08H     0080H     UNIT         ?PR?_HHT_PROCESSBCNHLE?HHAL_TST
            BANK4   DD88H     007CH     UNIT         ?PR?_SENDSINGLEFRAME?HHAL_TST
            BANK4   DE04H     0073H     UNIT         ?PR?HAL_SPI_PREPARE_RX_CMD_ENGINE?HAL_SPI
            BANK4   DE77H     006AH     UNIT         ?PR?_ISPRODTSTCMD?HAL_PROD_TST
            BANK4   DEE1H     0064H     UNIT         ?PR?_SETLATENCY?HHAL_TST
            BANK4   DF45H     0064H     UNIT         ?PR?_CONNEXISTMASTER?HAL_ETH
            BANK4   DFA9H     005EH     UNIT         ?PR?_CONNEXISTSLAVE?HAL_ETH
            BANK4   E007H     0059H     UNIT         ?PR?_HHAL_TST_SNIFF_CFG?HHAL_TST
            BANK4   E060H     0055H     UNIT         ?PR?_HHT_GETROBOMODFRMLEN?HHAL_TST
            BANK4   E0B5H     0050H     UNIT         ?PR?_HAL_SPI_SETUP_RX_BUFFER?HAL_SPI
            BANK4   E105H     004DH     UNIT         ?PR?HHT_SETDEFEKS?HHAL_TST
            BANK4   E152H     004DH     UNIT         ?PR?HAL_SPI_RX_CLEANUP?HAL_SPI
            BANK4   E19FH     004BH     UNIT         ?PR?HHT_SETDIAGMODE?HHAL_TST
            BANK4   E1EAH     0047H     UNIT         ?PR?EHAL_DORELETHTXCP?HAL_ETH
            BANK4   E231H     0041H     UNIT         ?PR?HAL_SPI_STATS_SHOW?HAL_SPI
            BANK4   E272H     0040H     UNIT         ?PR?HAL_SPI_TX_DONE_HANDLER?HAL_SPI
            BANK4   E2B2H     003DH     UNIT         ?PR?EHAL_RESETSTAT?HAL_ETH
            BANK4   E2EFH     0037H     UNIT         ?PR?_EHAL_READETHSTATREG?HAL_ETH
            BANK4   E326H     0036H     UNIT         ?PR?HAL_SPI_TX_CLEANUP?HAL_SPI
            BANK4   E35CH     002BH     UNIT         ?PR?_FILL_TOOL_HEADER?HAL_PROD_TST
            BANK4   E387H     0029H     UNIT         ?PR?_PRODTESTSENDRESPOREVENT?HAL_PROD_TST
            BANK4   E3B0H     0026H     UNIT         ?PR?_HAL_SPI_GET_RX_ERRORS_STATS?HAL_SPI
            BANK4   E3D6H     0024H     UNIT         ?PR?HAL_SPI_CMD_LEN_RX_RDY?HAL_SPI
            BANK4   E3FAH     0024H     UNIT         ?PR?HAL_SPI_PAYLOAD_RX_RDY?HAL_SPI
            BANK4   E41EH     0024H     UNIT         ?PR?HAL_SPI_SLAVE_TX_REQ?HAL_SPI
            BANK4   E442H     0020H     UNIT         ?PR?GV701X_CHIP_RESET?HAL_PROD_TST
            BANK4   E462H     0019H     UNIT         ?PR?EHAL_GETETHTXQFREEDESCCNT?HAL_ETH
            BANK4   E47BH     0019H     UNIT         ?PR?_GVSPI_SEND?HAL_PROD_TST
            BANK4   E494H     0018H     UNIT         ?PR?_HAL_SPI_GET_RX_STATS?HAL_SPI
            BANK4   E4ACH     0018H     UNIT         ?PR?_HAL_SPI_GET_TX_STATS?HAL_SPI
            BANK4   E4C4H     0017H     UNIT         ?PR?SETFREQ60?HHAL_TST
            BANK4   E4DBH     0017H     UNIT         ?PR?_HAL_SPI_GET_TX_ERRORS_STATS?HAL_SPI
BL51 BANKED LINKER/LOCATER V6.22                                                      01/10/2015  21:25:33  PAGE 11


            BANK4   E4F2H     0012H     UNIT         ?PR?EHAL_ETHSENDPAUSE?HAL_ETH
            BANK4   E504H     0012H     UNIT         ?PR?HAL_SPI_CMD_LEN_RX_NOT_RDY?HAL_SPI
            BANK4   E516H     0011H     UNIT         ?PR?_HHT_DEMOMODETX?HHAL_LED
            BANK4   E527H     000FH     UNIT         ?PR?EHAL_CLEAR_ETHHWSTAT?HAL_ETH
            BANK4   E536H     000FH     UNIT         ?PR?_HHT_LEDDEMOTXMENU?HHAL_LED
            BANK4   E545H     000FH     UNIT         ?PR?HAL_SPI_CLEAR_STATS?HAL_SPI
            BANK4   E554H     000EH     UNIT         ?PR?EHAL_ISTXREADY?HAL_ETH
            BANK4   E562H     000AH     UNIT         ?PR?HHAL_CMDHELP?HHAL_TST
            BANK4   E56CH     000AH     UNIT         ?PR?EHAL_RELEASEETHTXCPINTHANDLER?HAL_ETH
            BANK4   E576H     0009H     UNIT         ?PR?_HHT_DEMOMODERX?HHAL_LED
            BANK4   E57FH     0006H     UNIT         ?PR?_HHT_TXLEDDEMO?HHAL_LED
            BANK4   E585H     0003H     UNIT         ?PR?HAL_SPI_SET_RX_CMD_LEN_RDY?HAL_SPI
            BANK4   E588H     0001H     UNIT         ?PR?HAL_SPI_CLEANUP?HAL_SPI



OVERLAY MAP OF MODULE:   .\obj\gc_hpgp (?C_STARTUP)


SEGMENT                                             BIT_GROUP          DATA_GROUP          XDATA_GROUP
  +--> CALLED SEGMENT                            START    LENGTH     START    LENGTH     START    LENGTH
--------------------------------------------------------------------------------------------------------
?C_C51STARTUP                                    -----    -----      -----    -----      -----    -----
  +--> ?C_INITSEG

*** NEW ROOT ***************************************************

?PR?LHTM_TASK?HAL_MAIN                           -----    -----      -----    -----      -----    -----
  +--> ?PR?CMDRUN?HAL_MAIN

?PR?CMDRUN?HAL_MAIN                              -----    -----      -----    -----      36A8H    0026H
  +--> ?CO?HAL_MAIN
  +--> ?PR?PRINTF?PRINTF
  +--> ?PR?CMDGET?HAL_MAIN
  +--> ?PR?CLEAR_GETCHAR
  +--> ?PR?HAL_MAIN
  +--> ?PR?_CMDSPI?HAL_MAIN
  +--> ?PR?_CMDWRITE?HAL_MAIN
  +--> ?PR?_CHAL_CMDHALPROCESS?CHAL_TST
  +--> ?PR?_HHAL_CMDHALPROCESS?HHAL_TST
  +--> ?PR?_EHAL_CMDHALPROCESS?EHAL_TST
  +--> ?PR?_IHAL_UI_CMD_PROCESS?IHAL_UI
  +--> ?PR?_CMDREAD?HAL_MAIN
  +--> ?PR?_CHAL_DELAYTICKS?HAL_COMMON
  +--> ?PR?_HHT_SENDBCN?HHAL_TST
  +--> ?PR?CMDHELP?HAL_MAIN

?PR?PRINTF?PRINTF                                0022H.4  0001H.1    002EH    0005H      3BC4H    0028H
  +--> ?PR?_PUTCHAR?HAL_MAIN

?PR?CMDGET?HAL_MAIN                              -----    -----      -----    -----      36CEH    0002H
  +--> ?PR?_GETKEY?HAL_MAIN
  +--> ?CO?HAL_MAIN
  +--> ?PR?PRINTF?PRINTF
  +--> ?PR?_PUTCHAR?HAL_MAIN

?PR?HAL_MAIN                                     -----    -----      -----    -----      -----    -----
BL51 BANKED LINKER/LOCATER V6.22                                                      01/10/2015  21:25:33  PAGE 12


  +--> ?CO?HAL_MAIN

?PR?_CMDSPI?HAL_MAIN                             -----    -----      -----    -----      36CEH    0008H
  +--> ?PR?HAL_MAIN
  +--> ?PR?SCANF?SCANF
  +--> ?CO?HAL_MAIN
  +--> ?PR?_MAC_UTILS_SPI_WRITE?UTILS
  +--> ?PR?_MAC_UTILS_SPI_READ?UTILS
  +--> ?PR?PRINTF?PRINTF

?PR?SCANF?SCANF                                  0020H.0  0000H.6    0024H    0005H      376EH    002EH
  +--> ?PR?GETCHAR?UNGETCHAR
  +--> ?PR?_ISSPACE?ISSPACE
  +--> ?PR?GETCHAR?GETCHAR

?PR?GETCHAR?GETCHAR                              -----    -----      -----    -----      -----    -----
  +--> ?PR?_GETKEY?HAL_MAIN
  +--> ?PR?_PUTCHAR?HAL_MAIN

?PR?_MAC_UTILS_SPI_WRITE?UTILS                   -----    -----      -----    -----      -----    -----
  +--> ?PR?_MAC_UTILS_AFE_SPI_ENABLE?UTILS
  +--> ?PR?UTILS
  +--> ?PR?_MAC_UTILS_DELAY_MS?UTILS

?PR?UTILS                                        -----    -----      -----    -----      -----    -----
  +--> ?CO?UTILS

?PR?_MAC_UTILS_DELAY_MS?UTILS                    -----    -----      -----    -----      39E7H    0002H

?PR?_MAC_UTILS_SPI_READ?UTILS                    -----    -----      -----    -----      -----    -----
  +--> ?PR?_MAC_UTILS_AFE_SPI_ENABLE?UTILS
  +--> ?PR?UTILS
  +--> ?PR?_MAC_UTILS_DELAY_MS?UTILS

?PR?_CMDWRITE?HAL_MAIN                           -----    -----      -----    -----      36CEH    000CH
  +--> ?PR?HAL_MAIN
  +--> ?PR?SCANF?SCANF
  +--> ?CO?HAL_MAIN
  +--> ?PR?_HAL_COMMON_REG_32_WRITE?HAL_COMMON
  +--> ?PR?_EHAL_ETHPHYREGOP?HAL_ETH
  +--> ?PR?PRINTF?PRINTF

?PR?_HAL_COMMON_REG_32_WRITE?HAL_COMMON          -----    -----      -----    -----      3B52H    0010H
  +--> ?PR?HAL_COMMON

?PR?_EHAL_ETHPHYREGOP?HAL_ETH                    -----    -----      -----    -----      3922H    0011H
  +--> ?PR?HAL_ETH

?PR?_CHAL_CMDHALPROCESS?CHAL_TST                 -----    -----      -----    -----      36CEH    000AH
  +--> ?CO?CHAL_TST
  +--> ?PR?SCANF?SCANF
  +--> ?PR?CHAL_TST
  +--> ?PR?CHAL_CMDHELP?CHAL_TST
  +--> ?PR?CHT_TESTMEM?CHAL_TST
  +--> ?PR?CHT_TESTCPS?CHAL_TST
  +--> ?PR?CHT_CPUSAGEDISPLAY?CHAL_TST
  +--> ?PR?CHT_DUMPMEM?CHAL_TST
BL51 BANKED LINKER/LOCATER V6.22                                                      01/10/2015  21:25:33  PAGE 13



?PR?CHAL_TST                                     -----    -----      -----    -----      -----    -----
  +--> ?CO?CHAL_TST

?PR?CHAL_CMDHELP?CHAL_TST                        -----    -----      -----    -----      -----    -----
  +--> ?CO?CHAL_TST
  +--> ?PR?PRINTF?PRINTF

?PR?CHT_TESTMEM?CHAL_TST                         -----    -----      -----    -----      36D8H    0012H
  +--> ?CO?CHAL_TST
  +--> ?PR?PRINTF?PRINTF
  +--> ?PR?CHAL_TST
  +--> ?PR?SCANF?SCANF

?PR?CHT_TESTCPS?CHAL_TST                         -----    -----      -----    -----      36D8H    0087H
  +--> ?CO?CHAL_TST
  +--> ?PR?CHAL_GETFREECPCNT?HAL_COMMON
  +--> ?PR?PRINTF?PRINTF
  +--> ?PR?CHAL_TST
  +--> ?PR?SCANF?SCANF
  +--> ?PR?_CHAL_REQUESTCP?HAL_COMMON
  +--> ?PR?_CHAL_INCREMENTCPUSAGECNT?HAL_COMMON
  +--> ?PR?_CHAL_DECREMENTRELEASECPCNT?HAL_C...
  +--> ?PR?_CHAL_GETCPUSAGECNT?HAL_COMMON

?PR?CHAL_GETFREECPCNT?HAL_COMMON                 -----    -----      -----    -----      3AF2H    0004H
  +--> ?PR?HAL_COMMON

?PR?_CHAL_REQUESTCP?HAL_COMMON                   -----    -----      -----    -----      3AEAH    0008H
  +--> ?PR?HAL_COMMON
  +--> ?PR?CHAL_GETFREECPCNT?HAL_COMMON
  +--> ?PR?_CHAL_DELAYTICKS?HAL_COMMON

?PR?_CHAL_DELAYTICKS?HAL_COMMON                  -----    -----      -----    -----      3AF2H    0004H

?PR?_CHAL_INCREMENTCPUSAGECNT?HAL_COMMON         -----    -----      -----    -----      375FH    0008H
  +--> ?PR?HAL_COMMON

?PR?_CHAL_DECREMENTRELEASECPCNT?HAL_C...         -----    -----      -----    -----      -----    -----
  +--> ?PR?_CHAL_FREECP?HAL_COMMON

?PR?_CHAL_FREECP?HAL_COMMON                      -----    -----      -----    -----      3B97H    0005H
  +--> ?PR?HAL_COMMON

?PR?_CHAL_GETCPUSAGECNT?HAL_COMMON               -----    -----      -----    -----      375FH    0008H
  +--> ?PR?HAL_COMMON

?PR?CHT_CPUSAGEDISPLAY?CHAL_TST                  -----    -----      -----    -----      36D8H    0001H
  +--> ?PR?_CHAL_GETCPUSAGECNT?HAL_COMMON
  +--> ?CO?CHAL_TST
  +--> ?PR?PRINTF?PRINTF

?PR?CHT_DUMPMEM?CHAL_TST                         -----    -----      -----    -----      36D8H    000CH
  +--> ?CO?CHAL_TST
  +--> ?PR?PRINTF?PRINTF
  +--> ?PR?CHAL_TST
  +--> ?PR?_HAL_COMMON_REG_32_READ?HAL_COMMON
BL51 BANKED LINKER/LOCATER V6.22                                                      01/10/2015  21:25:33  PAGE 14


  +--> ?PR?SCANF?SCANF

?PR?_HAL_COMMON_REG_32_READ?HAL_COMMON           -----    -----      -----    -----      3B52H    000CH
  +--> ?PR?HAL_COMMON

?PR?_HHAL_CMDHALPROCESS?HHAL_TST                 -----    -----      -----    -----      36CEH    0013H
  +--> ?PR?HHAL_TST
  +--> ?CO?HHAL_TST
  +--> ?PR?SCANF?SCANF
  +--> ?PR?HHT_BASICTXMENU?HHAL_TST
  +--> ?PR?HHAL_RESETPLCSTAT?HAL_HPGP
  +--> ?PR?HHAL_DISPLAYPLCSTAT?HHAL_TST
  +--> ?PR?HHT_SETDIAGMODE?HHAL_TST
  +--> ?PR?PRINTF?PRINTF
  +--> ?PR?_DATAPATH_QUEUE_DEPTH?DATAPATH
  +--> ?PR?_HHT_SENDBCN?HHAL_TST
  +--> ?PR?HHT_SIMULATETXTESTMENU?HHAL_TST
  +--> ?PR?SETFREQ60?HHAL_TST
  +--> ?PR?HHT_ADDRCFG?HHAL_TST
  +--> ?PR?_HHAL_SETDEVMODE?HAL_HPGP
  +--> ?PR?HHT_DEVCFG?HHAL_TST
  +--> ?PR?_HHAL_SETTEI?HAL_HPGP
  +--> ?PR?_SETLATENCY?HHAL_TST
  +--> ?PR?HHT_SETKEY?HHAL_TST
  +--> ?PR?HHT_SETDEFEKS?HHAL_TST
  +--> ?PR?HHT_TESTMEMORYTABLES?HHAL_TST
  +--> ?PR?HHT_SETROBOMODE?HHAL_TST
  +--> ?PR?_HHAL_SETSWSTATREQSCANFLAG?HAL_HPGP
  +--> ?PR?_HHAL_TST_SNIFF_CFG?HHAL_TST
  +--> ?PR?_UPDATE_POWERMODE?HHAL_TST
  +--> ?PR?GET_VERSION?SYS_COMMON
  +--> ?PR?_FM_PRINTF?FM
  +--> ?PR?_FM_SETDEBUG?FM
  +--> ?PR?HHAL_CMDHELP?HHAL_TST

?PR?HHAL_TST                                     -----    -----      -----    -----      -----    -----
  +--> ?CO?HHAL_TST

?PR?HHT_BASICTXMENU?HHAL_TST                     -----    -----      -----    -----      36E1H    0044H
  +--> ?PR?HHAL_TST
  +--> ?CO?HHAL_TST
  +--> ?PR?PRINTF?PRINTF
  +--> ?PR?_GETLINE?HAL_MAIN
  +--> ?PR?SCANF?SCANF
  +--> ?PR?_HHT_SIMULATETX?HAL_HPGP

?PR?_GETLINE?HAL_MAIN                            -----    -----      -----    -----      376EH    000CH
  +--> ?PR?HAL_MAIN
  +--> ?PR?_GETKEY?HAL_MAIN
  +--> ?PR?_PUTCHAR?HAL_MAIN

?PR?_HHT_SIMULATETX?HAL_HPGP                     -----    -----      -----    -----      39E7H    0103H
  +--> ?PR?HAL_HPGP
  +--> ?CO?HAL_HPGP
  +--> ?PR?_FM_HEXDUMP?FM
  +--> ?PR?_HHT_GETMINMAXLEN?HAL_HPGP
  +--> ?PR?_FM_PRINTF?FM
BL51 BANKED LINKER/LOCATER V6.22                                                      01/10/2015  21:25:33  PAGE 15


  +--> ?PR?_CHAL_REQUESTCP?HAL_COMMON
  +--> ?PR?CHAL_GETFREECPCNT?HAL_COMMON
  +--> ?PR?_CHAL_GETACCESSTOCP?HAL_COMMON
  +--> ?PR?_HHAL_PLCTXQWRITE?HAL_HPGPTX
  +--> ?PR?_CHAL_DELAYTICKS?HAL_COMMON
  +--> ?PR?PRINTF?PRINTF
  +--> ?PR?CHT_POLL?HAL_COMMON

?PR?HAL_HPGP                                     -----    -----      -----    -----      -----    -----
  +--> ?PR?_FREQDET_FREQSETTING?HAL_HPGP
  +--> ?CO?HAL_HPGP

?PR?_FM_HEXDUMP?FM                               -----    -----      -----    -----      3AEAH    0011H
  +--> ?PR?FM
  +--> ?CO?FM
  +--> ?PR?PRINTF?PRINTF

?PR?_HHT_GETMINMAXLEN?HAL_HPGP                   -----    -----      -----    -----      3AEAH    000CH
  +--> ?PR?HAL_HPGP

?PR?_FM_PRINTF?FM                                -----    -----      -----    -----      3B91H    0030H
  +--> ?PR?FM
  +--> ?PR?_VPRINTF?VPRINTF

?PR?_VPRINTF?VPRINTF                             -----    -----      -----    -----      3BC1H    0003H
  +--> ?PR?PRINTF?PRINTF

?PR?_CHAL_GETACCESSTOCP?HAL_COMMON               -----    -----      -----    -----      3AEAH    0004H
  +--> ?PR?HAL_COMMON

?PR?_HHAL_PLCTXQWRITE?HAL_HPGPTX                 -----    -----      -----    -----      3B55H    004AH
  +--> ?PR?HAL_HPGPTX

?PR?CHT_POLL?HAL_COMMON                          -----    -----      -----    -----      -----    -----
  +--> ?PR?POLL_KEY?HAL_MAIN

?PR?POLL_KEY?HAL_MAIN                            -----    -----      -----    -----      3AEAH    0001H
  +--> ?PR?HHAL_DISPLAYPLCSTAT?HHAL_TST
  +--> ?PR?EHAL_DISPLAYETHSTAT?HAL_ETH

?PR?HHAL_DISPLAYPLCSTAT?HHAL_TST                 -----    -----      -----    -----      3AEBH    0004H
  +--> ?PR?_HHAL_GETPLCTXQFREEDESCCNT?HAL_HPGP
  +--> ?PR?HHAL_TST
  +--> ?CO?HHAL_TST
  +--> ?PR?PRINTF?PRINTF
  +--> ?PR?_HAL_COMMON_REG_32_READ?HAL_COMMON
  +--> ?PR?CHAL_GETFREECPCNT?HAL_COMMON

?PR?_HHAL_GETPLCTXQFREEDESCCNT?HAL_HPGP          -----    -----      -----    -----      3AEFH    0005H
  +--> ?PR?HAL_HPGP

?PR?EHAL_DISPLAYETHSTAT?HAL_ETH                  -----    -----      -----    -----      3AEBH    0002H
  +--> ?PR?EHAL_GETETHTXQFREEDESCCNT?HAL_ETH
  +--> ?CO?HAL_ETH
  +--> ?PR?PRINTF?PRINTF
  +--> ?PR?CHAL_GETFREECPCNT?HAL_COMMON

BL51 BANKED LINKER/LOCATER V6.22                                                      01/10/2015  21:25:33  PAGE 16


?PR?EHAL_GETETHTXQFREEDESCCNT?HAL_ETH            -----    -----      -----    -----      3BA1H    0004H

?PR?HHT_SETDIAGMODE?HHAL_TST                     -----    -----      -----    -----      36E1H    0002H
  +--> ?CO?HHAL_TST
  +--> ?PR?PRINTF?PRINTF
  +--> ?PR?HHAL_TST
  +--> ?PR?SCANF?SCANF
  +--> ?PR?_HHAL_SETDIAGMODE?HAL_HPGP
  +--> ?PR?_HHAL_SETDIAGMODENOSACK?HAL_HPGP

?PR?_HHAL_SETDIAGMODE?HAL_HPGP                   -----    -----      -----    -----      36E3H    0004H
  +--> ?PR?HAL_HPGP

?PR?_HHAL_SETDIAGMODENOSACK?HAL_HPGP             -----    -----      -----    -----      36E3H    0004H
  +--> ?PR?HAL_HPGP

?PR?_DATAPATH_QUEUE_DEPTH?DATAPATH               -----    -----      -----    -----      36E1H    0001H
  +--> ?PR?DATAPATH
  +--> ?CO?DATAPATH
  +--> ?PR?PRINTF?PRINTF
  +--> ?PR?CHAL_GETFREECPCNT?HAL_COMMON

?PR?_HHT_SENDBCN?HHAL_TST                        -----    -----      -----    -----      3934H    0018H
  +--> ?PR?HHAL_TST

?PR?HHT_SIMULATETXTESTMENU?HHAL_TST              -----    -----      -----    -----      36E1H    004AH
  +--> ?CO?HHAL_TST
  +--> ?PR?PRINTF?PRINTF
  +--> ?PR?HHAL_TST
  +--> ?PR?_GETLINE?HAL_MAIN
  +--> ?PR?SCANF?SCANF
  +--> ?PR?_HHT_SIMULATETX?HAL_HPGP

?PR?SETFREQ60?HHAL_TST                           -----    -----      -----    -----      -----    -----
  +--> ?PR?_FREQDET_FREQSETTING?HAL_HPGP
  +--> ?PR?_HHAL_SETDEVMODE?HAL_HPGP

?PR?_HHAL_SETDEVMODE?HAL_HPGP                    -----    -----      -----    -----      3931H    001FH
  +--> ?PR?HAL_HPGP
  +--> ?PR?_SET_PLC_PARAMTER?HAL_HPGP
  +--> ?PR?_HHAL_SETPLCDEVMODE?HAL_HPGP
  +--> ?PR?SETCSMA_ONCCO?HAL_HPGPTX
  +--> ?PR?SETCSMA_ONSTA?HAL_HPGPTX

?PR?_SET_PLC_PARAMTER?HAL_HPGP                   -----    -----      -----    -----      3950H    0009H
  +--> ?PR?HAL_HPGP

?PR?_HHAL_SETPLCDEVMODE?HAL_HPGP                 -----    -----      -----    -----      3950H    0004H
  +--> ?PR?HAL_HPGP

?PR?SETCSMA_ONCCO?HAL_HPGPTX                     -----    -----      -----    -----      3950H    000FH
  +--> ?PR?HAL_HPGPTX

?PR?SETCSMA_ONSTA?HAL_HPGPTX                     -----    -----      -----    -----      3950H    000FH
  +--> ?PR?HAL_HPGPTX

?PR?HHT_ADDRCFG?HHAL_TST                         -----    -----      -----    -----      36E1H    000DH
BL51 BANKED LINKER/LOCATER V6.22                                                      01/10/2015  21:25:33  PAGE 17


  +--> ?PR?HHAL_GETSNID?HAL_HPGP
  +--> ?PR?HHAL_GETTEI?HAL_HPGP
  +--> ?CO?HHAL_TST
  +--> ?PR?PRINTF?PRINTF
  +--> ?PR?HHAL_TST
  +--> ?PR?_GETLINE?HAL_MAIN
  +--> ?PR?SCANF?SCANF
  +--> ?PR?_HHAL_SETTEI?HAL_HPGP
  +--> ?PR?_HHAL_SETSNID?HAL_HPGP

?PR?HHAL_GETSNID?HAL_HPGP                        -----    -----      -----    -----      36EEH    0004H
  +--> ?PR?HAL_HPGP

?PR?HHAL_GETTEI?HAL_HPGP                         -----    -----      -----    -----      36EEH    0004H
  +--> ?PR?HAL_HPGP

?PR?_HHAL_SETTEI?HAL_HPGP                        -----    -----      -----    -----      39E7H    0004H
  +--> ?PR?HAL_HPGP

?PR?_HHAL_SETSNID?HAL_HPGP                       -----    -----      -----    -----      3A2CH    0005H
  +--> ?PR?HAL_HPGP
  +--> ?CO?HAL_HPGP
  +--> ?PR?_FM_PRINTF?FM

?PR?HHT_DEVCFG?HHAL_TST                          -----    -----      -----    -----      36E1H    000DH
  +--> ?PR?HHAL_GETPLCDEVMODE?HAL_HPGP
  +--> ?CO?HHAL_TST
  +--> ?PR?HHAL_TST
  +--> ?PR?SCANF?SCANF
  +--> ?PR?_HHAL_SETDEVMODE?HAL_HPGP
  +--> ?PR?HHAL_SETDEFADDRCONFIG?HAL_HPGP
  +--> ?PR?_GETLINE?HAL_MAIN
  +--> ?PR?PRINTF?PRINTF

?PR?HHAL_GETPLCDEVMODE?HAL_HPGP                  -----    -----      -----    -----      36EEH    0004H
  +--> ?PR?HAL_HPGP

?PR?HHAL_SETDEFADDRCONFIG?HAL_HPGP               -----    -----      -----    -----      -----    -----
  +--> ?PR?_HHAL_SETTEI?HAL_HPGP
  +--> ?PR?_HHAL_SETSNID?HAL_HPGP

?PR?_SETLATENCY?HHAL_TST                         -----    -----      -----    -----      36E1H    0001H
  +--> ?PR?HHAL_TST
  +--> ?PR?SCANF?SCANF
  +--> ?PR?_SET_PLC_PARAMTER?HAL_HPGP

?PR?HHT_SETKEY?HHAL_TST                          -----    -----      -----    -----      36E1H    000EH
  +--> ?CO?HHAL_TST
  +--> ?PR?PRINTF?PRINTF
  +--> ?PR?HHAL_TST
  +--> ?PR?_GETLINE?HAL_MAIN
  +--> ?PR?SCANF?SCANF
  +--> ?PR?_HHAL_ADDNEK?HAL_HPGP
  +--> ?PR?_HHAL_ADDPPEK?HAL_HPGP

?PR?_HHAL_ADDNEK?HAL_HPGP                        -----    -----      -----    -----      3A05H    001AH
  +--> ?PR?HAL_HPGP
BL51 BANKED LINKER/LOCATER V6.22                                                      01/10/2015  21:25:33  PAGE 18


  +--> ?CO?HAL_HPGP
  +--> ?PR?_FM_PRINTF?FM

?PR?_HHAL_ADDPPEK?HAL_HPGP                       -----    -----      -----    -----      36EFH    001EH
  +--> ?PR?HAL_HPGP
  +--> ?CO?HAL_HPGP
  +--> ?PR?_FM_PRINTF?FM

?PR?HHT_SETDEFEKS?HHAL_TST                       -----    -----      -----    -----      36E1H    000AH
  +--> ?CO?HHAL_TST
  +--> ?PR?PRINTF?PRINTF
  +--> ?PR?HHAL_TST
  +--> ?PR?_GETLINE?HAL_MAIN
  +--> ?PR?SCANF?SCANF

?PR?HHT_TESTMEMORYTABLES?HHAL_TST                -----    -----      -----    -----      36E1H    0026H
  +--> ?CO?HHAL_TST
  +--> ?PR?PRINTF?PRINTF
  +--> ?PR?HHAL_TST
  +--> ?PR?_GETLINE?HAL_MAIN
  +--> ?PR?SCANF?SCANF
  +--> ?PR?_HAL_COMMON_REG_32_WRITE?HAL_COMMON
  +--> ?PR?_HAL_COMMON_REG_32_READ?HAL_COMMON

?PR?HHT_SETROBOMODE?HHAL_TST                     -----    -----      -----    -----      36E1H    000DH
  +--> ?CO?HHAL_TST
  +--> ?PR?PRINTF?PRINTF
  +--> ?PR?HHAL_TST
  +--> ?PR?_GETLINE?HAL_MAIN
  +--> ?PR?SCANF?SCANF
  +--> ?PR?_HHAL_PHYPGMROBOMD?HAL_HPGP

?PR?_HHAL_PHYPGMROBOMD?HAL_HPGP                  -----    -----      -----    -----      36EEH    0003H
  +--> ?PR?HAL_HPGP

?PR?_HHAL_SETSWSTATREQSCANFLAG?HAL_HPGP          -----    -----      -----    -----      3A44H    0009H
  +--> ?PR?HAL_HPGP
  +--> ?CO?HAL_HPGP
  +--> ?PR?_FM_PRINTF?FM

?PR?_HHAL_TST_SNIFF_CFG?HHAL_TST                 -----    -----      -----    -----      36E1H    0005H
  +--> ?CO?HHAL_TST
  +--> ?PR?PRINTF?PRINTF

?PR?_UPDATE_POWERMODE?HHAL_TST                   -----    -----      -----    -----      36E1H    000BH
  +--> ?CO?HHAL_TST
  +--> ?PR?PRINTF?PRINTF
  +--> ?PR?HHAL_TST
  +--> ?PR?_GETLINE?HAL_MAIN
  +--> ?PR?SCANF?SCANF
  +--> ?PR?_MAC_UTILS_SPI_WRITE?UTILS

?PR?HHAL_CMDHELP?HHAL_TST                        -----    -----      -----    -----      -----    -----
  +--> ?CO?HHAL_TST
  +--> ?PR?PRINTF?PRINTF

?PR?_EHAL_CMDHALPROCESS?EHAL_TST                 -----    -----      -----    -----      36CEH    0014H
BL51 BANKED LINKER/LOCATER V6.22                                                      01/10/2015  21:25:33  PAGE 19


  +--> ?CO?EHAL_TST
  +--> ?PR?EHAL_TST
  +--> ?PR?SCANF?SCANF
  +--> ?PR?PRINTF?PRINTF
  +--> ?PR?_EHT_BASICTXRXMENU?EHAL_TST
  +--> ?PR?EHAL_DISPLAYETHSTAT?HAL_ETH
  +--> ?PR?EHAL_RESETSTAT?HAL_ETH
  +--> ?PR?EHAL_PRINT_ETHHWSTAT?HAL_ETH
  +--> ?PR?EHAL_CLEAR_ETHHWSTAT?HAL_ETH

?PR?EHAL_TST                                     -----    -----      -----    -----      -----    -----
  +--> ?CO?EHAL_TST

?PR?_EHT_BASICTXRXMENU?EHAL_TST                  -----    -----      -----    -----      36E2H    008CH
  +--> ?CO?EHAL_TST
  +--> ?PR?EHAL_TST
  +--> ?PR?PRINTF?PRINTF
  +--> ?PR?SCANF?SCANF
  +--> ?PR?_GETLINE?HAL_MAIN
  +--> ?PR?_EHT_TESTTXRXSTATIONS?EHAL_TST
  +--> ?PR?_EHT_SIMULATETX?EHAL_TST

?PR?_EHT_TESTTXRXSTATIONS?EHAL_TST               -----    -----      -----    -----      376EH    0008H
  +--> ?PR?EHAL_TST
  +--> ?PR?_EHT_OPENCONN?EHAL_TST
  +--> ?CO?EHAL_TST
  +--> ?PR?PRINTF?PRINTF
  +--> ?PR?_EHT_XMITDATA?EHAL_TST

?PR?_EHT_OPENCONN?EHAL_TST                       -----    -----      -----    -----      3776H    0018H
  +--> ?PR?EHAL_TST
  +--> ?PR?_ETH_XMITCMDPKT?EHAL_TST
  +--> ?PR?CHT_POLL?HAL_COMMON

?PR?_ETH_XMITCMDPKT?EHAL_TST                     -----    -----      -----    -----      37F6H    0049H
  +--> ?PR?_ETH_ALLOC1STCP?EHAL_TST
  +--> ?PR?EHAL_TST
  +--> ?CO?EHAL_TST
  +--> ?PR?PRINTF?PRINTF
  +--> ?PR?_EHAL_ETHTXQWRITE?HAL_ETH
  +--> ?PR?CHT_POLL?HAL_COMMON
  +--> ?PR?_CHAL_DECREMENTRELEASECPCNT?HAL_C...

?PR?_ETH_ALLOC1STCP?EHAL_TST                     -----    -----      -----    -----      383FH    0015H
  +--> ?PR?_ETH_ALLOCONECP?EHAL_TST
  +--> ?PR?_CHAL_GETACCESSTOCP?HAL_COMMON
  +--> ?PR?EHAL_TST

?PR?_ETH_ALLOCONECP?EHAL_TST                     -----    -----      -----    -----      3854H    0005H
  +--> ?PR?_CHAL_REQUESTCP?HAL_COMMON
  +--> ?PR?EHAL_TST
  +--> ?CO?EHAL_TST
  +--> ?PR?PRINTF?PRINTF

?PR?_EHAL_ETHTXQWRITE?HAL_ETH                    -----    -----      -----    -----      3B91H    0010H
  +--> ?PR?HAL_ETH
  +--> ?PR?EHAL_GETETHTXQFREEDESCCNT?HAL_ETH
BL51 BANKED LINKER/LOCATER V6.22                                                      01/10/2015  21:25:33  PAGE 20


  +--> ?CO?HAL_ETH
  +--> ?PR?PRINTF?PRINTF

?PR?_EHT_XMITDATA?EHAL_TST                       -----    -----      -----    -----      3776H    006BH
  +--> ?PR?EHAL_TST
  +--> ?PR?_ETH_ALLOC1STCP?EHAL_TST
  +--> ?CO?EHAL_TST
  +--> ?PR?_ETH_ALLOCONECP?EHAL_TST
  +--> ?PR?PRINTF?PRINTF
  +--> ?PR?_CHAL_GETACCESSTOCP?HAL_COMMON
  +--> ?PR?_EHAL_ETHTXQWRITE?HAL_ETH
  +--> ?PR?_CHAL_DELAYTICKS?HAL_COMMON
  +--> ?PR?CHT_POLL?HAL_COMMON
  +--> ?PR?_EHT_CLOSECONN?EHAL_TST

?PR?_EHT_CLOSECONN?EHAL_TST                      -----    -----      -----    -----      37E1H    0015H
  +--> ?PR?EHAL_TST
  +--> ?PR?_ETH_XMITCMDPKT?EHAL_TST
  +--> ?PR?CHT_POLL?HAL_COMMON

?PR?_EHT_SIMULATETX?EHAL_TST                     -----    -----      -----    -----      376EH    006CH
  +--> ?PR?EHAL_TST
  +--> ?CO?EHAL_TST
  +--> ?PR?PRINTF?PRINTF
  +--> ?PR?_CHAL_REQUESTCP?HAL_COMMON
  +--> ?PR?CHT_POLL?HAL_COMMON
  +--> ?PR?CHAL_GETFREECPCNT?HAL_COMMON
  +--> ?PR?_CHAL_GETACCESSTOCP?HAL_COMMON
  +--> ?PR?_FM_PRINTF?FM
  +--> ?PR?_EHAL_ETHTXQWRITE?HAL_ETH
  +--> ?PR?_CHAL_DELAYTICKS?HAL_COMMON

?PR?EHAL_PRINT_ETHHWSTAT?HAL_ETH                 -----    -----      -----    -----      36E2H    0001H
  +--> ?CO?HAL_ETH
  +--> ?PR?PRINTF?PRINTF
  +--> ?PR?_EHAL_READETHSTATREG?HAL_ETH

?PR?_EHAL_READETHSTATREG?HAL_ETH                 -----    -----      -----    -----      36E3H    0004H

?PR?EHAL_CLEAR_ETHHWSTAT?HAL_ETH                 -----    -----      -----    -----      -----    -----
  +--> ?CO?HAL_ETH
  +--> ?PR?PRINTF?PRINTF

?PR?_IHAL_UI_CMD_PROCESS?IHAL_UI                 -----    -----      -----    -----      36CEH    000AH
  +--> ?CO?IHAL_UI
  +--> ?PR?IHAL_UI
  +--> ?PR?SCANF?SCANF
  +--> ?PR?PRINTF?PRINTF
  +--> ?PR?IHAL_UI_TX_MENU?IHAL_UI
  +--> ?PR?IHAL_UI_RX_MENU?IHAL_UI

?PR?IHAL_UI                                      -----    -----      -----    -----      -----    -----
  +--> ?CO?IHAL_UI

?PR?IHAL_UI_TX_MENU?IHAL_UI                      -----    -----      -----    -----      36D8H    0012H
  +--> ?CO?IHAL_UI
  +--> ?PR?PRINTF?PRINTF
BL51 BANKED LINKER/LOCATER V6.22                                                      01/10/2015  21:25:33  PAGE 21


  +--> ?PR?IHAL_UI
  +--> ?PR?_IHAL_TST_SLAVE_TX_DMA?IHAL_TST
  +--> ?PR?_GETLINE?HAL_MAIN
  +--> ?PR?SCANF?SCANF

?PR?_IHAL_TST_SLAVE_TX_DMA?IHAL_TST              -----    -----      -----    -----      36EAH    0027H
  +--> ?PR?HAL_SPI_CLEAR_STATS?HAL_SPI
  +--> ?PR?IHAL_TST
  +--> ?PR?_HAL_COMMON_REG_BIT_TEST?HAL_COMMON
  +--> ?PR?_HAL_COMMON_REG_32_WRITE?HAL_COMMON
  +--> ?PR?HAL_SPI_TX_DONE_HANDLER?HAL_SPI
  +--> ?PR?_HAL_SPI_GET_TX_STATS?HAL_SPI
  +--> ?PR?_GETCHAR?HAL_MAIN
  +--> ?PR?HAL_SPI_TX_CLEANUP?HAL_SPI
  +--> ?PR?_HAL_SPI_GET_TX_ERRORS_STATS?HAL_SPI
  +--> ?CO?IHAL_TST
  +--> ?PR?PRINTF?PRINTF

?PR?_HAL_COMMON_REG_BIT_TEST?HAL_COMMON          -----    -----      -----    -----      3B46H    000CH
  +--> ?PR?_HAL_COMMON_REG_32_READ?HAL_COMMON
  +--> ?PR?HAL_COMMON

?PR?HAL_SPI_TX_DONE_HANDLER?HAL_SPI              -----    -----      -----    -----      -----    -----
  +--> ?PR?HAL_SPI
  +--> ?PR?_HAL_COMMON_REG_BIT_TEST?HAL_COMMON
  +--> ?PR?_HAL_COMMON_REG_BIT_SET?HAL_COMMON
  +--> ?PR?HAL_SPI_PREPARE_RX_CMD_ENGINE?HAL...
  +--> ?PR?_DATAPATH_ISQUEUEEMPTY?DATAPATH
  +--> ?PR?HAL_SPI_SET_RX_CMD_LEN_RDY?HAL_SPI

?PR?_HAL_COMMON_REG_BIT_SET?HAL_COMMON           -----    -----      -----    -----      3B46H    000CH
  +--> ?PR?HAL_COMMON
  +--> ?PR?_HAL_COMMON_REG_32_READ?HAL_COMMON
  +--> ?PR?_HAL_COMMON_REG_32_WRITE?HAL_COMMON

?PR?HAL_SPI_PREPARE_RX_CMD_ENGINE?HAL...         -----    -----      -----    -----      39EBH    0004H
  +--> ?PR?HAL_SPI
  +--> ?PR?_HAL_COMMON_REG_32_READ?HAL_COMMON
  +--> ?PR?_HAL_COMMON_BIT_FIELD_SET?HAL_COMMON
  +--> ?PR?_HAL_COMMON_REG_32_WRITE?HAL_COMMON
  +--> ?PR?_HAL_COMMON_REG_BIT_CLEAR?HAL_COMMON
  +--> ?PR?_HAL_COMMON_REG_BIT_SET?HAL_COMMON

?PR?_HAL_COMMON_BIT_FIELD_SET?HAL_COMMON         -----    -----      -----    -----      3A28H    000CH
  +--> ?PR?HAL_COMMON

?PR?_HAL_COMMON_REG_BIT_CLEAR?HAL_COMMON         -----    -----      -----    -----      3B46H    000CH
  +--> ?PR?HAL_COMMON
  +--> ?PR?_HAL_COMMON_REG_32_READ?HAL_COMMON
  +--> ?PR?_HAL_COMMON_REG_32_WRITE?HAL_COMMON

?PR?_DATAPATH_ISQUEUEEMPTY?DATAPATH              -----    -----      -----    -----      -----    -----
  +--> ?PR?DATAPATH

?PR?HAL_SPI_SET_RX_CMD_LEN_RDY?HAL_SPI           -----    -----      -----    -----      -----    -----
  +--> ?PR?HAL_SPI_CMD_LEN_RX_RDY?HAL_SPI

BL51 BANKED LINKER/LOCATER V6.22                                                      01/10/2015  21:25:33  PAGE 22


?PR?HAL_SPI_CMD_LEN_RX_RDY?HAL_SPI               -----    -----      -----    -----      -----    -----
  +--> ?PR?HAL_SPI
  +--> ?PR?_HAL_COMMON_REG_BIT_CLEAR?HAL_COMMON
  +--> ?PR?_HAL_COMMON_REG_BIT_SET?HAL_COMMON

?PR?_HAL_SPI_GET_TX_STATS?HAL_SPI                -----    -----      -----    -----      3711H    0006H

?PR?HAL_SPI_TX_CLEANUP?HAL_SPI                   -----    -----      -----    -----      -----    -----
  +--> ?PR?HAL_SPI
  +--> ?PR?_HAL_COMMON_REG_BIT_SET?HAL_COMMON
  +--> ?PR?_HAL_COMMON_REG_BIT_CLEAR?HAL_COMMON

?PR?_HAL_SPI_GET_TX_ERRORS_STATS?HAL_SPI         -----    -----      -----    -----      3711H    0006H
  +--> ?PR?HAL_SPI

?PR?IHAL_UI_RX_MENU?IHAL_UI                      -----    -----      -----    -----      36D8H    000CH
  +--> ?CO?IHAL_UI
  +--> ?PR?PRINTF?PRINTF
  +--> ?PR?_GETLINE?HAL_MAIN
  +--> ?PR?IHAL_UI
  +--> ?PR?SCANF?SCANF
  +--> ?PR?_IHAL_TST_RX?IHAL_TST

?PR?_IHAL_TST_RX?IHAL_TST                        -----    -----      -----    -----      36E4H    0012H
  +--> ?PR?HAL_SPI_CLEAR_STATS?HAL_SPI
  +--> ?PR?HAL_SPI_SET_RX_CMD_LEN_RDY?HAL_SPI
  +--> ?PR?IHAL_TST
  +--> ?PR?_HAL_COMMON_REG_BIT_TEST?HAL_COMMON
  +--> ?PR?_HAL_COMMON_REG_BIT_SET?HAL_COMMON
  +--> ?PR?HAL_SPI_RX_DONE_HANDLER?HAL_SPI
  +--> ?PR?CHAL_CPUTXQNEMPTYINTHANDLER?HAL_C...
  +--> ?PR?_GETCHAR?HAL_MAIN
  +--> ?PR?HAL_SPI_RX_CLEANUP?HAL_SPI
  +--> ?CO?IHAL_TST
  +--> ?PR?PRINTF?PRINTF
  +--> ?PR?_HAL_SPI_GET_RX_ERRORS_STATS?HAL_SPI
  +--> ?PR?_HAL_SPI_GET_RX_STATS?HAL_SPI

?PR?HAL_SPI_RX_DONE_HANDLER?HAL_SPI              0021H.2  0000H.1    -----    -----      392CH    0008H
  +--> ?PR?_MAC_UTILS_BYTE_ARRAY_TO_16_BIT?U...
  +--> ?CO?HAL_SPI
  +--> ?PR?HAL_SPI
  +--> ?PR?HAL_SPI_CMD_LEN_RX_NOT_RDY?HAL_SPI
  +--> ?PR?_HAL_SPI_SET_RX_PAYLOAD_RDY?HAL_SPI
  +--> ?PR?_HAL_COMMON_REG_BIT_TEST?HAL_COMMON
  +--> ?PR?_HAL_COMMON_REG_BIT_SET?HAL_COMMON
  +--> ?PR?HAL_SPI_PREPARE_RX_CMD_ENGINE?HAL...
  +--> ?PR?_DATAPATH_ISQUEUEEMPTY?DATAPATH
  +--> ?PR?HAL_SPI_SET_RX_CMD_LEN_RDY?HAL_SPI
  +--> ?PR?_FM_PRINTF?FM

?PR?HAL_SPI_CMD_LEN_RX_NOT_RDY?HAL_SPI           -----    -----      -----    -----      -----    -----
  +--> ?PR?HAL_SPI
  +--> ?PR?_HAL_COMMON_REG_BIT_CLEAR?HAL_COMMON

?PR?_HAL_SPI_SET_RX_PAYLOAD_RDY?HAL_SPI          -----    -----      -----    -----      3934H    0006H
  +--> ?PR?HAL_SPI
BL51 BANKED LINKER/LOCATER V6.22                                                      01/10/2015  21:25:33  PAGE 23


  +--> ?PR?_HAL_COMMON_REG_32_WRITE?HAL_COMMON
  +--> ?PR?_HAL_COMMON_REG_32_READ?HAL_COMMON
  +--> ?PR?_HAL_COMMON_BIT_FIELD_SET?HAL_COMMON
  +--> ?PR?_HAL_COMMON_REG_BIT_CLEAR?HAL_COMMON
  +--> ?PR?_HAL_COMMON_REG_BIT_SET?HAL_COMMON
  +--> ?PR?_HAL_SPI_SETUP_RX_BUFFER?HAL_SPI
  +--> ?PR?HAL_SPI_PAYLOAD_RX_RDY?HAL_SPI

?PR?_HAL_SPI_SETUP_RX_BUFFER?HAL_SPI             -----    -----      -----    -----      393AH    0006H
  +--> ?PR?HAL_SPI
  +--> ?PR?_HAL_COMMON_BIT_FIELD_SET?HAL_COMMON
  +--> ?PR?_HAL_COMMON_REG_32_WRITE?HAL_COMMON

?PR?HAL_SPI_PAYLOAD_RX_RDY?HAL_SPI               -----    -----      -----    -----      -----    -----
  +--> ?PR?HAL_SPI
  +--> ?PR?_HAL_COMMON_REG_BIT_CLEAR?HAL_COMMON
  +--> ?PR?_HAL_COMMON_REG_BIT_SET?HAL_COMMON

?PR?CHAL_CPUTXQNEMPTYINTHANDLER?HAL_C...         -----    -----      -----    -----      392CH    007FH
  +--> ?PR?HAL_COMMON
  +--> ?PR?HHAL_REQ_GNT_READ_CPU_QD?HAL_COMMON
  +--> ?PR?_CHAL_DECREMENTRELEASECPCNT?HAL_C...
  +--> ?PR?HHAL_REL_GNT_READ_CPU_QD?HAL_COMMON
  +--> ?PR?_HAL_COMMON_FREE_FRAME?HAL_COMMON
  +--> ?PR?_HAL_SPI_FRAME_RX?HAL_SPI
  +--> ?PR?_HOST_RXHANDLER?DATAPATH
  +--> ?PR?_HHAL_RXINTHANDLER?HAL_HPGPRX
  +--> ?PR?CHAL_GETCPUTXQDESCCOUNT?HAL_COMMON

?PR?HHAL_REQ_GNT_READ_CPU_QD?HAL_COMMON          -----    -----      -----    -----      39ABH    0004H
  +--> ?PR?HAL_COMMON
  +--> ?PR?_CHAL_DELAYTICKS?HAL_COMMON

?PR?HHAL_REL_GNT_READ_CPU_QD?HAL_COMMON          -----    -----      -----    -----      39ABH    0004H
  +--> ?PR?HAL_COMMON

?PR?_HAL_COMMON_FREE_FRAME?HAL_COMMON            -----    -----      -----    -----      3A5DH    0004H
  +--> ?PR?HAL_COMMON
  +--> ?PR?_CHAL_DECREMENTRELEASECPCNT?HAL_C...

?PR?_HAL_SPI_FRAME_RX?HAL_SPI                    -----    -----      -----    -----      39ABH    000BH
  +--> ?PR?HAL_SPI
  +--> ?PR?_CHAL_GETACCESSTOCP?HAL_COMMON
  +--> ?PR?_ISPRODTSTCMD?HAL_PROD_TST
  +--> ?PR?_PRODTESTEXECCMD?HAL_PROD_TST
  +--> ?PR?_HOST_RXHANDLER?DATAPATH
  +--> ?PR?_HAL_COMMON_FREE_FRAME?HAL_COMMON

?PR?_ISPRODTSTCMD?HAL_PROD_TST                   -----    -----      -----    -----      39B6H    000DH
  +--> ?PR?HAL_PROD_TST

?PR?_PRODTESTEXECCMD?HAL_PROD_TST                -----    -----      -----    -----      39B6H    0031H
  +--> ?PR?HAL_PROD_TST
  +--> ?CO?HAL_PROD_TST
  +--> ?PR?PRINTF?PRINTF
  +--> ?PR?_PRODTESTSENDRESPOREVENT?HAL_PROD...
  +--> ?PR?CHECKSPITXDONE?ISM
BL51 BANKED LINKER/LOCATER V6.22                                                      01/10/2015  21:25:33  PAGE 24


  +--> ?PR?_FILL_TOOL_HEADER?HAL_PROD_TST
  +--> ?PR?_COPY_PLCTXTESTSTATS?HAL_PROD_TST
  +--> ?PR?_GVSPI_SEND?HAL_PROD_TST
  +--> ?PR?PRODTEST_INIT?HAL_PROD_TST
  +--> ?PR?_CORRECTENDIENESS_SPLCSIMTXTESTPA...
  +--> ?PR?_HAL_COMMON_REG_32_READ?HAL_COMMON
  +--> ?PR?_HHAL_SETTEI?HAL_HPGP
  +--> ?PR?_HHAL_SETSNID?HAL_HPGP
  +--> ?PR?_MAC_UTILS_SPI_WRITE?UTILS
  +--> ?PR?_HHT_SIMULATETX?HAL_HPGP

?PR?_PRODTESTSENDRESPOREVENT?HAL_PROD...         -----    -----      -----    -----      39E7H    0007H
  +--> ?PR?HAL_PROD_TST
  +--> ?PR?_FILL_TOOL_HEADER?HAL_PROD_TST
  +--> ?PR?_GVSPI_SEND?HAL_PROD_TST

?PR?_FILL_TOOL_HEADER?HAL_PROD_TST               -----    -----      -----    -----      3A05H    0007H

?PR?_GVSPI_SEND?HAL_PROD_TST                     -----    -----      -----    -----      -----    -----
  +--> ?PR?_HAL_SPI_TX_DMA?HAL_SPI
  +--> ?CO?HAL_PROD_TST
  +--> ?PR?PRINTF?PRINTF

?PR?_HAL_SPI_TX_DMA?HAL_SPI                      -----    -----      -----    -----      3A05H    001DH
  +--> ?CO?HAL_SPI
  +--> ?PR?PRINTF?PRINTF
  +--> ?PR?HAL_SPI
  +--> ?PR?_HAL_COMMON_REG_BIT_TEST?HAL_COMMON
  +--> ?PR?HAL_SPI_CMD_LEN_RX_NOT_RDY?HAL_SPI
  +--> ?PR?_HAL_SPI_SET_DMA_MODE?HAL_SPI
  +--> ?PR?_HAL_COMMON_BIT_FIELD_SET?HAL_COMMON
  +--> ?PR?_HAL_COMMON_REG_32_WRITE?HAL_COMMON
  +--> ?PR?_CHAL_REQUESTCP?HAL_COMMON
  +--> ?PR?_CHAL_GETACCESSTOCP?HAL_COMMON
  +--> ?PR?_MAC_UTILS_16_BIT_TO_BYTE_ARRAY?U...
  +--> ?PR?HAL_SPI_PAYLOAD_RX_RDY?HAL_SPI

?PR?_HAL_SPI_SET_DMA_MODE?HAL_SPI                -----    -----      -----    -----      3A22H    0006H
  +--> ?PR?HAL_SPI
  +--> ?PR?_HAL_COMMON_REG_32_WRITE?HAL_COMMON
  +--> ?PR?_HAL_COMMON_REG_32_READ?HAL_COMMON
  +--> ?PR?_HAL_COMMON_BIT_FIELD_SET?HAL_COMMON
  +--> ?PR?_HAL_COMMON_REG_BIT_CLEAR?HAL_COMMON
  +--> ?PR?_HAL_COMMON_REG_BIT_SET?HAL_COMMON

?PR?CHECKSPITXDONE?ISM                           -----    -----      -----    -----      39E7H    0004H
  +--> ?PR?ISM
  +--> ?PR?HAL_SPI_TX_DONE_HANDLER?HAL_SPI

?PR?_COPY_PLCTXTESTSTATS?HAL_PROD_TST            -----    -----      -----    -----      39E7H    000FH
  +--> ?PR?HAL_PROD_TST
  +--> ?PR?_HAL_COMMON_REG_32_READ?HAL_COMMON

?PR?PRODTEST_INIT?HAL_PROD_TST                   -----    -----      -----    -----      39E7H    001EH
  +--> ?PR?HAL_PROD_TST
  +--> ?PR?_HHAL_ADDNEK?HAL_HPGP
  +--> ?PR?_FILL_TOOL_HEADER?HAL_PROD_TST
BL51 BANKED LINKER/LOCATER V6.22                                                      01/10/2015  21:25:33  PAGE 25


  +--> ?PR?_GVSPI_SEND?HAL_PROD_TST

?PR?_CORRECTENDIENESS_SPLCSIMTXTESTPA...         -----    -----      -----    -----      39E7H    000DH
  +--> ?PR?PROD_TEST_CORRECT_ENDIENESS

?PR?_HOST_RXHANDLER?DATAPATH                     -----    -----      -----    -----      39B6H    00A7H
  +--> ?PR?DATAPATH
  +--> ?CO?DATAPATH
  +--> ?PR?_CHAL_GETACCESSTOCP?HAL_COMMON
  +--> ?PR?_DATAPATH_ISQUEUEFULL?DATAPATH
  +--> ?PR?_FWDAGENT_HANDLEDATA?FRAMETASK
  +--> ?PR?_HAL_COMMON_FREE_FRAME?HAL_COMMON

?PR?_DATAPATH_ISQUEUEFULL?DATAPATH               -----    -----      -----    -----      -----    -----
  +--> ?PR?DATAPATH

?PR?_FWDAGENT_HANDLEDATA?FRAMETASK               -----    -----      -----    -----      3A5DH    0003H
  +--> ?PR?FRAMETASK
  +--> ?PR?_FWDAGENT_QUEUETOHOST?FRAMETASK
  +--> ?PR?_FWDAGENT_QUEUETOPLC?FRAMETASK
  +--> ?PR?_CHAL_FREEFRAMECP?HAL_COMMON

?PR?_FWDAGENT_QUEUETOHOST?FRAMETASK              -----    -----      -----    -----      3A60H    0003H
  +--> ?PR?FRAMETASK
  +--> ?PR?_DATAPATH_QUEUETOHOST?DATAPATH
  +--> ?PR?_CHAL_FREEFRAMECP?HAL_COMMON

?PR?_DATAPATH_QUEUETOHOST?DATAPATH               -----    -----      -----    -----      3A63H    0054H
  +--> ?PR?DATAPATH
  +--> ?PR?_EHT_GETSNIFFHDRSIZE?DATAPATH
  +--> ?PR?_EHT_FILLETHERHEADER?DATAPATH
  +--> ?PR?_ETH_FILLHYBRIIHEADER?DATAPATH
  +--> ?PR?_EHT_SETFRAMETYPELEN?DATAPATH
  +--> ?CO?DATAPATH
  +--> ?PR?_FM_PRINTF?FM
  +--> ?PR?_CHAL_GETACCESSTOCP?HAL_COMMON
  +--> ?PR?_DATAPATH_ISQUEUEFULL?DATAPATH
  +--> ?PR?_CHAL_DECREMENTRELEASECPCNT?HAL_C...
  +--> ?PR?_DATAPATH_QUEUE?DATAPATH
  +--> ?PR?_CHAL_REQUESTCP?HAL_COMMON

?PR?_EHT_FILLETHERHEADER?DATAPATH                -----    -----      -----    -----      3AB7H    0003H
  +--> ?PR?DATAPATH

?PR?_ETH_FILLHYBRIIHEADER?DATAPATH               -----    -----      -----    -----      3AB7H    000CH
  +--> ?PR?DATAPATH

?PR?_EHT_SETFRAMETYPELEN?DATAPATH                -----    -----      -----    -----      3AB7H    0009H
  +--> ?PR?DATAPATH

?PR?_DATAPATH_QUEUE?DATAPATH                     -----    -----      -----    -----      3AB7H    0008H
  +--> ?PR?DATAPATH

?PR?_CHAL_FREEFRAMECP?HAL_COMMON                 -----    -----      -----    -----      3B91H    0006H
  +--> ?PR?HAL_COMMON
  +--> ?PR?_CHAL_DECREMENTRELEASECPCNT?HAL_C...

BL51 BANKED LINKER/LOCATER V6.22                                                      01/10/2015  21:25:33  PAGE 26


?PR?_FWDAGENT_QUEUETOPLC?FRAMETASK               -----    -----      -----    -----      -----    -----
  +--> ?PR?_DATAPATH_QUEUE?DATAPATH

?PR?_HHAL_RXINTHANDLER?HAL_HPGPRX                -----    -----      -----    -----      39ABH    0056H
  +--> ?PR?HAL_HPGPRX
  +--> ?CO?HAL_HPGPRX
  +--> ?PR?PRINTF?PRINTF
  +--> ?PR?_FWDAGENT_HANDLEDATA?FRAMETASK
  +--> ?PR?_HHT_PROCESSPLCMACFRAME?HHAL_TST
  +--> ?PR?_CHAL_FREEFRAMECP?HAL_COMMON

?PR?_HHT_PROCESSPLCMACFRAME?HHAL_TST             -----    -----      -----    -----      3A01H    000CH
  +--> ?PR?HHAL_TST
  +--> ?PR?_UPDATESTATISTICDATA?HHAL_TST
  +--> ?PR?_CHAL_DECREMENTRELEASECPCNT?HAL_C...
  +--> ?CO?HHAL_TST
  +--> ?PR?PRINTF?PRINTF

?PR?_UPDATESTATISTICDATA?HHAL_TST                -----    -----      -----    -----      3A0DH    0017H
  +--> ?PR?HHAL_TST
  +--> ?PR?_CHAL_GETACCESSTOCP?HAL_COMMON
  +--> ?CO?HHAL_TST
  +--> ?PR?_FM_PRINTF?FM
  +--> ?PR?_HAL_COMMON_REG_32_READ?HAL_COMMON

?PR?CHAL_GETCPUTXQDESCCOUNT?HAL_COMMON           -----    -----      -----    -----      39ABH    0004H
  +--> ?PR?HAL_COMMON

?PR?HAL_SPI_RX_CLEANUP?HAL_SPI                   -----    -----      -----    -----      -----    -----
  +--> ?PR?HAL_SPI
  +--> ?PR?_HAL_COMMON_REG_BIT_SET?HAL_COMMON
  +--> ?PR?_HAL_COMMON_REG_BIT_CLEAR?HAL_COMMON

?PR?_HAL_SPI_GET_RX_ERRORS_STATS?HAL_SPI         -----    -----      -----    -----      36F6H    0009H
  +--> ?PR?HAL_SPI

?PR?_HAL_SPI_GET_RX_STATS?HAL_SPI                -----    -----      -----    -----      36F6H    0006H

?PR?_CMDREAD?HAL_MAIN                            -----    -----      -----    -----      36CEH    000CH
  +--> ?PR?HAL_MAIN
  +--> ?PR?SCANF?SCANF
  +--> ?CO?HAL_MAIN
  +--> ?PR?_HAL_COMMON_REG_32_READ?HAL_COMMON
  +--> ?PR?_EHAL_ETHPHYREGOP?HAL_ETH
  +--> ?PR?PRINTF?PRINTF
  +--> ?PR?_EHAL_READETHSTATREG?HAL_ETH

?PR?CMDHELP?HAL_MAIN                             -----    -----      -----    -----      -----    -----
  +--> ?PR?_HAL_COMMON_REG_32_READ?HAL_COMMON
  +--> ?CO?HAL_MAIN
  +--> ?PR?HAL_MAIN
  +--> ?PR?PRINTF?PRINTF

*** NEW ROOT ***************************************************

?PR?GREEN_MAIN?HAL_MAIN                          -----    -----      -----    -----      -----    -----
  +--> ?PR?CMDHELP?HAL_MAIN
BL51 BANKED LINKER/LOCATER V6.22                                                      01/10/2015  21:25:33  PAGE 27


  +--> ?PR?LHTM_INIT?HAL_MAIN
  +--> ?PR?FRAME_TASK_INIT?FRAMETASK
  +--> ?PR?CHAL_INITHW?HAL_COMMON
  +--> ?PR?HHAL_INIT?HAL_HPGP
  +--> ?PR?EHAL_INIT?HAL_ETH
  +--> ?PR?HAL_SPI_INIT?HAL_SPI
  +--> ?PR?FREQDET_FREQDETECTINIT?HAL_HPGP
  +--> ?PR?READ_FLASHPROFILE?HAL_MAIN
  +--> ?PR?PRODTEST_INIT?HAL_PROD_TST
  +--> ?PR?ISM_POLLINT?ISM

?PR?FRAME_TASK_INIT?FRAMETASK                    -----    -----      -----    -----      -----    -----
  +--> ?PR?_SLIST_INIT?LIST
  +--> ?PR?DATAPATH_INIT?DATAPATH

?PR?_SLIST_INIT?LIST                             -----    -----      -----    -----      390FH    0003H
  +--> ?PR?LIST

?PR?CHAL_INITHW?HAL_COMMON                       -----    -----      -----    -----      390FH    0001H
  +--> ?PR?_CHAL_DECREMENTRELEASECPCNT?HAL_C...
  +--> ?PR?HAL_COMMON

?PR?HHAL_INIT?HAL_HPGP                           -----    -----      -----    -----      390FH    001AH
  +--> ?PR?HAL_HPGP
  +--> ?PR?PLC_INIT_PARAMETERS?HAL_HPGP
  +--> ?PR?_CHAL_DELAYTICKS?HAL_COMMON
  +--> ?PR?_HHAL_SETDEVMODE?HAL_HPGP
  +--> ?PR?HHAL_SETDEFADDRCONFIG?HAL_HPGP
  +--> ?PR?_MAC_UTILS_SPI_WRITE?UTILS
  +--> ?PR?HHAL_RESETPLCSTAT?HAL_HPGP
  +--> ?PR?HHAL_AFEINIT?HAL_HPGP

?PR?PLC_INIT_PARAMETERS?HAL_HPGP                 -----    -----      -----    -----      3929H    0008H
  +--> ?PR?_SET_PLC_PARAMTER?HAL_HPGP
[...]
    SEGMENT: ?PR?MAC_UTILS_64_BIT_TO_BYTE_ARRAY?UTILS

*** WARNING L16: UNCALLED SEGMENT, IGNORED FOR OVERLAY PROCESS
    SEGMENT: ?PR?_MAC_UTILS_BYTE_ARRAY_TO_64_BIT?UTILS

*** WARNING L16: UNCALLED SEGMENT, IGNORED FOR OVERLAY PROCESS
    SEGMENT: ?PR?_MAC_UTILS_CMD_SPI_WRITE?UTILS

*** WARNING L16: UNCALLED SEGMENT, IGNORED FOR OVERLAY PROCESS
    SEGMENT: ?PR?_MAC_UTILS_CMD_SPI_READ?UTILS

*** WARNING L16: UNCALLED SEGMENT, IGNORED FOR OVERLAY PROCESS
    SEGMENT: ?PR?_MAC_UTILS_CMD_GET?UTILS

*** WARNING L16: UNCALLED SEGMENT, IGNORED FOR OVERLAY PROCESS
    SEGMENT: ?PR?_MAC_UTILS_CMD_READ?UTILS

*** WARNING L16: UNCALLED SEGMENT, IGNORED FOR OVERLAY PROCESS
    SEGMENT: ?PR?_MAC_UTILS_CMD_WRITE?UTILS

BL51 BANKED LINKER/LOCATER V6.22                                                      01/10/2015  21:25:33  PAGE 254


*** WARNING L16: UNCALLED SEGMENT, IGNORED FOR OVERLAY PROCESS
    SEGMENT: ?PR?_ISM_ENABLECPUIRQ?ISM

*** WARNING L16: UNCALLED SEGMENT, IGNORED FOR OVERLAY PROCESS
    SEGMENT: ?PR?_ISM_DISABLECPUIRQ?ISM

*** WARNING L16: UNCALLED SEGMENT, IGNORED FOR OVERLAY PROCESS
    SEGMENT: ?PR?_ISM_ENABLEMACIRQ?ISM

*** WARNING L16: UNCALLED SEGMENT, IGNORED FOR OVERLAY PROCESS
    SEGMENT: ?PR?_ISM_DISABLEMACIRQ?ISM

*** WARNING L16: UNCALLED SEGMENT, IGNORED FOR OVERLAY PROCESS
    SEGMENT: ?PR?ISM_ENABLEINTERRUPTS?ISM

*** WARNING L16: UNCALLED SEGMENT, IGNORED FOR OVERLAY PROCESS
    SEGMENT: ?PR?ISM_ENABLEINTPOLLING?ISM

*** WARNING L16: UNCALLED SEGMENT, IGNORED FOR OVERLAY PROCESS
    SEGMENT: ?PR?ISM_INIT?ISM

*** WARNING L16: UNCALLED SEGMENT, IGNORED FOR OVERLAY PROCESS
    SEGMENT: ?PR?_ISM_REGISTERINTHANDLER?ISM

*** WARNING L16: UNCALLED SEGMENT, IGNORED FOR OVERLAY PROCESS
    SEGMENT: ?PR?_ISM_UNREGISTERINTRHANDLER?ISM

*** WARNING L16: UNCALLED SEGMENT, IGNORED FOR OVERLAY PROCESS
    SEGMENT: ?PR?_CHAL_READFRAME?HAL_HPGPRX

*** WARNING L16: UNCALLED SEGMENT, IGNORED FOR OVERLAY PROCESS
    SEGMENT: ?PR?HHAL_RXSOUNDINTHANDLER?HAL_HPGPRX

*** WARNING L16: UNCALLED SEGMENT, IGNORED FOR OVERLAY PROCESS
    SEGMENT: ?PR?HHAL_BCNRXINTHANDLER?HAL_HPGPRX

*** WARNING L16: UNCALLED SEGMENT, IGNORED FOR OVERLAY PROCESS
    SEGMENT: ?PR?HHAL_BCNRXTIMEOUTINTHANDLER?HAL_HPGPRX

*** WARNING L16: UNCALLED SEGMENT, IGNORED FOR OVERLAY PROCESS
    SEGMENT: ?PR?CHT_PKTBUFBANKSELTST?CHAL_TST

*** WARNING L16: UNCALLED SEGMENT, IGNORED FOR OVERLAY PROCESS
    SEGMENT: ?PR?_HHAL_DISABLELMBCNBUF?HAL_HPGP

*** WARNING L16: UNCALLED SEGMENT, IGNORED FOR OVERLAY PROCESS
    SEGMENT: ?PR?_HHAL_SETLMBCNBUF?HAL_HPGP

*** WARNING L16: UNCALLED SEGMENT, IGNORED FOR OVERLAY PROCESS
    SEGMENT: ?PR?_HHAL_SETCSMAREGIONS?HAL_HPGP

*** WARNING L16: UNCALLED SEGMENT, IGNORED FOR OVERLAY PROCESS
    SEGMENT: ?PR?_HHAL_REMOVENEK?HAL_HPGP

*** WARNING L16: UNCALLED SEGMENT, IGNORED FOR OVERLAY PROCESS
    SEGMENT: ?PR?_HHAL_REMOVEPPEK?HAL_HPGP

BL51 BANKED LINKER/LOCATER V6.22                                                      01/10/2015  21:25:33  PAGE 255


*** WARNING L16: UNCALLED SEGMENT, IGNORED FOR OVERLAY PROCESS
    SEGMENT: ?PR?HHAL_CLEARBCNINIT?HAL_HPGP

*** WARNING L16: UNCALLED SEGMENT, IGNORED FOR OVERLAY PROCESS
    SEGMENT: ?PR?HHAL_SETBCNINIT?HAL_HPGP

*** WARNING L16: UNCALLED SEGMENT, IGNORED FOR OVERLAY PROCESS
    SEGMENT: ?PR?HHAL_POWERSAVECONFIG?HAL_HPGP

*** WARNING L16: UNCALLED SEGMENT, IGNORED FOR OVERLAY PROCESS
    SEGMENT: ?PR?HAL_HPGP_SOFT_RESET?HAL_HPGP

*** WARNING L16: UNCALLED SEGMENT, IGNORED FOR OVERLAY PROCESS
    SEGMENT: ?PR?HHAL_SETSTASNIDVALID?HAL_HPGP

*** WARNING L16: UNCALLED SEGMENT, IGNORED FOR OVERLAY PROCESS
    SEGMENT: ?PR?_HHAL_ADJUSTNEXTBCNTIME?HAL_HPGP

*** WARNING L16: UNCALLED SEGMENT, IGNORED FOR OVERLAY PROCESS
    SEGMENT: ?PR?FREQDET_FREQDETECTRESET?HAL_HPGP

*** WARNING L16: UNCALLED SEGMENT, IGNORED FOR OVERLAY PROCESS
    SEGMENT: ?PR?SETCSMA_ONCCO1?HAL_HPGPTX

*** WARNING L16: UNCALLED SEGMENT, IGNORED FOR OVERLAY PROCESS
    SEGMENT: ?PR?HHAL_PLCPENDINGTX?HAL_HPGPTX

*** WARNING L16: UNCALLED SEGMENT, IGNORED FOR OVERLAY PROCESS
    SEGMENT: ?PR?_HHT_GETROBOMODFRMLEN?HHAL_TST

*** WARNING L16: UNCALLED SEGMENT, IGNORED FOR OVERLAY PROCESS
    SEGMENT: ?PR?_SENDSINGLEFRAME?HHAL_TST

*** WARNING L16: UNCALLED SEGMENT, IGNORED FOR OVERLAY PROCESS
    SEGMENT: ?PR?EHAL_ETHSENDPAUSE?HAL_ETH

*** WARNING L16: UNCALLED SEGMENT, IGNORED FOR OVERLAY PROCESS
    SEGMENT: ?PR?_CONNEXISTSLAVE?HAL_ETH

*** WARNING L16: UNCALLED SEGMENT, IGNORED FOR OVERLAY PROCESS
    SEGMENT: ?PR?_CONNEXISTMASTER?HAL_ETH

*** WARNING L16: UNCALLED SEGMENT, IGNORED FOR OVERLAY PROCESS
    SEGMENT: ?PR?_HHT_DEMOMODETX?HHAL_LED

*** WARNING L16: UNCALLED SEGMENT, IGNORED FOR OVERLAY PROCESS
    SEGMENT: ?PR?_HHT_TXLEDDEMO?HHAL_LED

*** WARNING L16: UNCALLED SEGMENT, IGNORED FOR OVERLAY PROCESS
    SEGMENT: ?PR?_HHT_LEDDEMOTXMENU?HHAL_LED

*** WARNING L16: UNCALLED SEGMENT, IGNORED FOR OVERLAY PROCESS
    SEGMENT: ?PR?_HHT_DEMOMODERX?HHAL_LED

*** WARNING L16: UNCALLED SEGMENT, IGNORED FOR OVERLAY PROCESS
    SEGMENT: ?PR?HAL_SPI_STATS_SHOW?HAL_SPI

BL51 BANKED LINKER/LOCATER V6.22                                                      01/10/2015  21:25:33  PAGE 256


*** WARNING L16: UNCALLED SEGMENT, IGNORED FOR OVERLAY PROCESS
    SEGMENT: ?PR?HAL_SPI_CLEANUP?HAL_SPI

*** WARNING L16: UNCALLED SEGMENT, IGNORED FOR OVERLAY PROCESS
    SEGMENT: ?PR?_HAL_SPI_TX_DMA_CP?HAL_SPI

*** WARNING L16: UNCALLED SEGMENT, IGNORED FOR OVERLAY PROCESS
    SEGMENT: ?PR?_HAL_SPI_TX_DIRECT?HAL_SPI

*** WARNING L16: UNCALLED SEGMENT, IGNORED FOR OVERLAY PROCESS
    SEGMENT: ?PR?_HAL_SPI_SET_DIRECT_MODE?HAL_SPI

*** WARNING L16: UNCALLED SEGMENT, IGNORED FOR OVERLAY PROCESS
    SEGMENT: ?PR?GV701X_CHIP_RESET?HAL_PROD_TST

*** WARNING L16: UNCALLED SEGMENT, IGNORED FOR OVERLAY PROCESS
    SEGMENT: ?PR?_FILLBUFFER?HAL_PROD_TST

*** WARNING L15: MULTIPLE CALL TO SEGMENT
    SEGMENT: ?PR?_HAL_COMMON_REG_32_READ?HAL_COMMON
    CALLER1: ?PR?LHTM_TASK?HAL_MAIN
    CALLER2: ?PR?GREEN_MAIN?HAL_MAIN

*** WARNING L15: MULTIPLE CALL TO SEGMENT
    SEGMENT: ?PR?PRINTF?PRINTF
    CALLER1: ?PR?LHTM_TASK?HAL_MAIN
    CALLER2: ?PR?GREEN_MAIN?HAL_MAIN

*** WARNING L15: MULTIPLE CALL TO SEGMENT
    SEGMENT: ?PR?_CHAL_FREECP?HAL_COMMON
    CALLER1: ?PR?LHTM_TASK?HAL_MAIN
    CALLER2: ?PR?GREEN_MAIN?HAL_MAIN

*** WARNING L15: MULTIPLE CALL TO SEGMENT
    SEGMENT: ?PR?_SET_PLC_PARAMTER?HAL_HPGP
    CALLER1: ?PR?LHTM_TASK?HAL_MAIN
    CALLER2: ?PR?GREEN_MAIN?HAL_MAIN

*** WARNING L15: MULTIPLE CALL TO SEGMENT
    SEGMENT: ?PR?_CHAL_DELAYTICKS?HAL_COMMON
    CALLER1: ?PR?LHTM_TASK?HAL_MAIN
    CALLER2: ?PR?GREEN_MAIN?HAL_MAIN

*** WARNING L15: MULTIPLE CALL TO SEGMENT
    SEGMENT: ?PR?_HHAL_SETDEVMODE?HAL_HPGP
    CALLER1: ?PR?LHTM_TASK?HAL_MAIN
    CALLER2: ?PR?GREEN_MAIN?HAL_MAIN

*** WARNING L15: MULTIPLE CALL TO SEGMENT
    SEGMENT: ?PR?_HHAL_SETPLCDEVMODE?HAL_HPGP
    CALLER1: ?PR?LHTM_TASK?HAL_MAIN
    CALLER2: ?PR?GREEN_MAIN?HAL_MAIN

*** WARNING L15: MULTIPLE CALL TO SEGMENT
    SEGMENT: ?PR?SETCSMA_ONCCO?HAL_HPGPTX
    CALLER1: ?PR?LHTM_TASK?HAL_MAIN
    CALLER2: ?PR?GREEN_MAIN?HAL_MAIN
BL51 BANKED LINKER/LOCATER V6.22                                                      01/10/2015  21:25:33  PAGE 257



*** WARNING L15: MULTIPLE CALL TO SEGMENT
    SEGMENT: ?PR?SETCSMA_ONSTA?HAL_HPGPTX
    CALLER1: ?PR?LHTM_TASK?HAL_MAIN
    CALLER2: ?PR?GREEN_MAIN?HAL_MAIN

*** WARNING L15: MULTIPLE CALL TO SEGMENT
    SEGMENT: ?PR?_HHAL_SETTEI?HAL_HPGP
    CALLER1: ?PR?LHTM_TASK?HAL_MAIN
    CALLER2: ?PR?GREEN_MAIN?HAL_MAIN

*** WARNING L15: MULTIPLE CALL TO SEGMENT
    SEGMENT: ?PR?_HHAL_SETSNID?HAL_HPGP
    CALLER1: ?PR?LHTM_TASK?HAL_MAIN
    CALLER2: ?PR?GREEN_MAIN?HAL_MAIN

*** WARNING L15: MULTIPLE CALL TO SEGMENT
    SEGMENT: ?PR?_FM_PRINTF?FM
    CALLER1: ?PR?LHTM_TASK?HAL_MAIN
    CALLER2: ?PR?GREEN_MAIN?HAL_MAIN

*** WARNING L15: MULTIPLE CALL TO SEGMENT
    SEGMENT: ?PR?_VPRINTF?VPRINTF
    CALLER1: ?PR?LHTM_TASK?HAL_MAIN
    CALLER2: ?PR?GREEN_MAIN?HAL_MAIN

*** WARNING L15: MULTIPLE CALL TO SEGMENT
    SEGMENT: ?PR?_MAC_UTILS_DELAY_MS?UTILS
    CALLER1: ?PR?LHTM_TASK?HAL_MAIN
    CALLER2: ?PR?GREEN_MAIN?HAL_MAIN

*** WARNING L15: MULTIPLE CALL TO SEGMENT
    SEGMENT: ?PR?_EHAL_ETHPHYREGOP?HAL_ETH
    CALLER1: ?PR?LHTM_TASK?HAL_MAIN
    CALLER2: ?PR?GREEN_MAIN?HAL_MAIN

*** WARNING L15: MULTIPLE CALL TO SEGMENT
    SEGMENT: ?PR?_HAL_COMMON_REG_BIT_SET?HAL_COMMON
    CALLER1: ?PR?LHTM_TASK?HAL_MAIN
    CALLER2: ?PR?GREEN_MAIN?HAL_MAIN

*** WARNING L15: MULTIPLE CALL TO SEGMENT
    SEGMENT: ?PR?_HAL_COMMON_REG_32_WRITE?HAL_COMMON
    CALLER1: ?PR?LHTM_TASK?HAL_MAIN
    CALLER2: ?PR?GREEN_MAIN?HAL_MAIN

*** WARNING L15: MULTIPLE CALL TO SEGMENT
    SEGMENT: ?PR?_HAL_COMMON_REG_BIT_CLEAR?HAL_COMMON
    CALLER1: ?PR?LHTM_TASK?HAL_MAIN
    CALLER2: ?PR?GREEN_MAIN?HAL_MAIN

*** WARNING L15: MULTIPLE CALL TO SEGMENT
    SEGMENT: ?PR?HAL_SPI_PREPARE_RX_CMD_ENGINE?HAL_SPI
    CALLER1: ?PR?LHTM_TASK?HAL_MAIN
    CALLER2: ?PR?GREEN_MAIN?HAL_MAIN

*** WARNING L15: MULTIPLE CALL TO SEGMENT
BL51 BANKED LINKER/LOCATER V6.22                                                      01/10/2015  21:25:33  PAGE 258


    SEGMENT: ?PR?_HAL_COMMON_BIT_FIELD_SET?HAL_COMMON
    CALLER1: ?PR?LHTM_TASK?HAL_MAIN
    CALLER2: ?PR?GREEN_MAIN?HAL_MAIN

*** WARNING L15: MULTIPLE CALL TO SEGMENT
    SEGMENT: ?PR?PRODTEST_INIT?HAL_PROD_TST
    CALLER1: ?PR?LHTM_TASK?HAL_MAIN
    CALLER2: ?PR?GREEN_MAIN?HAL_MAIN

*** WARNING L15: MULTIPLE CALL TO SEGMENT
    SEGMENT: ?PR?_HHAL_ADDNEK?HAL_HPGP
    CALLER1: ?PR?LHTM_TASK?HAL_MAIN
    CALLER2: ?PR?GREEN_MAIN?HAL_MAIN

*** WARNING L15: MULTIPLE CALL TO SEGMENT
    SEGMENT: ?PR?_FILL_TOOL_HEADER?HAL_PROD_TST
    CALLER1: ?PR?LHTM_TASK?HAL_MAIN
    CALLER2: ?PR?GREEN_MAIN?HAL_MAIN

*** WARNING L15: MULTIPLE CALL TO SEGMENT
    SEGMENT: ?PR?_HAL_SPI_TX_DMA?HAL_SPI
    CALLER1: ?PR?LHTM_TASK?HAL_MAIN
    CALLER2: ?PR?GREEN_MAIN?HAL_MAIN

*** WARNING L15: MULTIPLE CALL TO SEGMENT
    SEGMENT: ?PR?_HAL_COMMON_REG_BIT_TEST?HAL_COMMON
    CALLER1: ?PR?LHTM_TASK?HAL_MAIN
    CALLER2: ?PR?GREEN_MAIN?HAL_MAIN

*** WARNING L15: MULTIPLE CALL TO SEGMENT
    SEGMENT: ?PR?_HAL_SPI_SET_DMA_MODE?HAL_SPI
    CALLER1: ?PR?LHTM_TASK?HAL_MAIN
    CALLER2: ?PR?GREEN_MAIN?HAL_MAIN

*** WARNING L15: MULTIPLE CALL TO SEGMENT
    SEGMENT: ?PR?_CHAL_REQUESTCP?HAL_COMMON
    CALLER1: ?PR?LHTM_TASK?HAL_MAIN
    CALLER2: ?PR?GREEN_MAIN?HAL_MAIN

*** WARNING L15: MULTIPLE CALL TO SEGMENT
    SEGMENT: ?PR?CHAL_GETFREECPCNT?HAL_COMMON
    CALLER1: ?PR?LHTM_TASK?HAL_MAIN
    CALLER2: ?PR?GREEN_MAIN?HAL_MAIN

*** WARNING L15: MULTIPLE CALL TO SEGMENT
    SEGMENT: ?PR?_CHAL_GETACCESSTOCP?HAL_COMMON
    CALLER1: ?PR?LHTM_TASK?HAL_MAIN
    CALLER2: ?PR?GREEN_MAIN?HAL_MAIN

*** WARNING L15: MULTIPLE CALL TO SEGMENT
    SEGMENT: ?PR?_EHT_FILLETHERHEADER?DATAPATH
    CALLER1: ?PR?LHTM_TASK?HAL_MAIN
    CALLER2: ?PR?GREEN_MAIN?HAL_MAIN

*** WARNING L15: MULTIPLE CALL TO SEGMENT
    SEGMENT: ?PR?_ETH_FILLHYBRIIHEADER?DATAPATH
    CALLER1: ?PR?LHTM_TASK?HAL_MAIN
BL51 BANKED LINKER/LOCATER V6.22                                                      01/10/2015  21:25:33  PAGE 259


    CALLER2: ?PR?GREEN_MAIN?HAL_MAIN

*** WARNING L15: MULTIPLE CALL TO SEGMENT
    SEGMENT: ?PR?_EHAL_ETHTXQWRITE?HAL_ETH
    CALLER1: ?PR?LHTM_TASK?HAL_MAIN
    CALLER2: ?PR?GREEN_MAIN?HAL_MAIN

*** WARNING L15: MULTIPLE CALL TO SEGMENT
    SEGMENT: ?PR?EHAL_GETETHTXQFREEDESCCNT?HAL_ETH
    CALLER1: ?PR?LHTM_TASK?HAL_MAIN
    CALLER2: ?PR?GREEN_MAIN?HAL_MAIN

*** WARNING L15: MULTIPLE CALL TO SEGMENT
    SEGMENT: ?PR?_HHAL_SETSWSTATREQSCANFLAG?HAL_HPGP
    CALLER1: ?PR?LHTM_TASK?HAL_MAIN
    CALLER2: ?PR?GREEN_MAIN?HAL_MAIN

*** WARNING L15: MULTIPLE CALL TO SEGMENT
    SEGMENT: ?PR?_HHT_SENDBCN?HHAL_TST
    CALLER1: ?PR?LHTM_TASK?HAL_MAIN
    CALLER2: ?PR?GREEN_MAIN?HAL_MAIN

*** WARNING L15: MULTIPLE CALL TO SEGMENT
    SEGMENT: ?PR?HAL_SPI_RX_DONE_HANDLER?HAL_SPI
    CALLER1: ?PR?LHTM_TASK?HAL_MAIN
    CALLER2: ?PR?GREEN_MAIN?HAL_MAIN

*** WARNING L15: MULTIPLE CALL TO SEGMENT
    SEGMENT: ?PR?_HAL_SPI_SET_RX_PAYLOAD_RDY?HAL_SPI
    CALLER1: ?PR?LHTM_TASK?HAL_MAIN
    CALLER2: ?PR?GREEN_MAIN?HAL_MAIN

*** WARNING L15: MULTIPLE CALL TO SEGMENT
    SEGMENT: ?PR?_HAL_SPI_SETUP_RX_BUFFER?HAL_SPI
    CALLER1: ?PR?LHTM_TASK?HAL_MAIN
    CALLER2: ?PR?GREEN_MAIN?HAL_MAIN

*** WARNING L15: MULTIPLE CALL TO SEGMENT
    SEGMENT: ?PR?CHAL_CPUTXQNEMPTYINTHANDLER?HAL_COMMON
    CALLER1: ?PR?LHTM_TASK?HAL_MAIN
    CALLER2: ?PR?GREEN_MAIN?HAL_MAIN

*** WARNING L15: MULTIPLE CALL TO SEGMENT
    SEGMENT: ?PR?HHAL_REQ_GNT_READ_CPU_QD?HAL_COMMON
    CALLER1: ?PR?LHTM_TASK?HAL_MAIN
    CALLER2: ?PR?GREEN_MAIN?HAL_MAIN

*** WARNING L15: MULTIPLE CALL TO SEGMENT
    SEGMENT: ?PR?HHAL_REL_GNT_READ_CPU_QD?HAL_COMMON
    CALLER1: ?PR?LHTM_TASK?HAL_MAIN
    CALLER2: ?PR?GREEN_MAIN?HAL_MAIN

*** WARNING L15: MULTIPLE CALL TO SEGMENT
    SEGMENT: ?PR?_HAL_COMMON_FREE_FRAME?HAL_COMMON
    CALLER1: ?PR?LHTM_TASK?HAL_MAIN
    CALLER2: ?PR?GREEN_MAIN?HAL_MAIN

BL51 BANKED LINKER/LOCATER V6.22                                                      01/10/2015  21:25:33  PAGE 260


*** WARNING L15: MULTIPLE CALL TO SEGMENT
    SEGMENT: ?PR?_HAL_SPI_FRAME_RX?HAL_SPI
    CALLER1: ?PR?LHTM_TASK?HAL_MAIN
    CALLER2: ?PR?GREEN_MAIN?HAL_MAIN

*** WARNING L15: MULTIPLE CALL TO SEGMENT
    SEGMENT: ?PR?_ISPRODTSTCMD?HAL_PROD_TST
    CALLER1: ?PR?LHTM_TASK?HAL_MAIN
    CALLER2: ?PR?GREEN_MAIN?HAL_MAIN

*** WARNING L15: MULTIPLE CALL TO SEGMENT
    SEGMENT: ?PR?_PRODTESTEXECCMD?HAL_PROD_TST
    CALLER1: ?PR?LHTM_TASK?HAL_MAIN
    CALLER2: ?PR?GREEN_MAIN?HAL_MAIN

*** WARNING L15: MULTIPLE CALL TO SEGMENT
    SEGMENT: ?PR?_PRODTESTSENDRESPOREVENT?HAL_PROD_TST
    CALLER1: ?PR?LHTM_TASK?HAL_MAIN
    CALLER2: ?PR?GREEN_MAIN?HAL_MAIN

*** WARNING L15: MULTIPLE CALL TO SEGMENT
    SEGMENT: ?PR?CHECKSPITXDONE?ISM
    CALLER1: ?PR?LHTM_TASK?HAL_MAIN
    CALLER2: ?PR?GREEN_MAIN?HAL_MAIN

*** WARNING L15: MULTIPLE CALL TO SEGMENT
    SEGMENT: ?PR?_COPY_PLCTXTESTSTATS?HAL_PROD_TST
    CALLER1: ?PR?LHTM_TASK?HAL_MAIN
    CALLER2: ?PR?GREEN_MAIN?HAL_MAIN

*** WARNING L15: MULTIPLE CALL TO SEGMENT
    SEGMENT: ?PR?_CORRECTENDIENESS_SPLCSIMTXTESTPARAMS?PROD_TEST_CORRECT_ENDIENESS
    CALLER1: ?PR?LHTM_TASK?HAL_MAIN
    CALLER2: ?PR?GREEN_MAIN?HAL_MAIN

*** WARNING L15: MULTIPLE CALL TO SEGMENT
    SEGMENT: ?PR?_HHT_SIMULATETX?HAL_HPGP
    CALLER1: ?PR?LHTM_TASK?HAL_MAIN
    CALLER2: ?PR?GREEN_MAIN?HAL_MAIN

*** WARNING L15: MULTIPLE CALL TO SEGMENT
    SEGMENT: ?PR?_FM_HEXDUMP?FM
    CALLER1: ?PR?LHTM_TASK?HAL_MAIN
    CALLER2: ?PR?GREEN_MAIN?HAL_MAIN

*** WARNING L15: MULTIPLE CALL TO SEGMENT
    SEGMENT: ?PR?_HHT_GETMINMAXLEN?HAL_HPGP
    CALLER1: ?PR?LHTM_TASK?HAL_MAIN
    CALLER2: ?PR?GREEN_MAIN?HAL_MAIN

*** WARNING L15: MULTIPLE CALL TO SEGMENT
    SEGMENT: ?PR?_HHAL_PLCTXQWRITE?HAL_HPGPTX
    CALLER1: ?PR?LHTM_TASK?HAL_MAIN
    CALLER2: ?PR?GREEN_MAIN?HAL_MAIN

*** WARNING L15: MULTIPLE CALL TO SEGMENT
    SEGMENT: ?PR?POLL_KEY?HAL_MAIN
BL51 BANKED LINKER/LOCATER V6.22                                                      01/10/2015  21:25:33  PAGE 261


    CALLER1: ?PR?LHTM_TASK?HAL_MAIN
    CALLER2: ?PR?GREEN_MAIN?HAL_MAIN

*** WARNING L15: MULTIPLE CALL TO SEGMENT
    SEGMENT: ?PR?HHAL_DISPLAYPLCSTAT?HHAL_TST
    CALLER1: ?PR?LHTM_TASK?HAL_MAIN
    CALLER2: ?PR?GREEN_MAIN?HAL_MAIN

*** WARNING L15: MULTIPLE CALL TO SEGMENT
    SEGMENT: ?PR?_HHAL_GETPLCTXQFREEDESCCNT?HAL_HPGP
    CALLER1: ?PR?LHTM_TASK?HAL_MAIN
    CALLER2: ?PR?GREEN_MAIN?HAL_MAIN

*** WARNING L15: MULTIPLE CALL TO SEGMENT
    SEGMENT: ?PR?EHAL_DISPLAYETHSTAT?HAL_ETH
    CALLER1: ?PR?LHTM_TASK?HAL_MAIN
    CALLER2: ?PR?GREEN_MAIN?HAL_MAIN

*** WARNING L15: MULTIPLE CALL TO SEGMENT
    SEGMENT: ?PR?_HOST_RXHANDLER?DATAPATH
    CALLER1: ?PR?LHTM_TASK?HAL_MAIN
    CALLER2: ?PR?GREEN_MAIN?HAL_MAIN

*** WARNING L15: MULTIPLE CALL TO SEGMENT
    SEGMENT: ?PR?_FWDAGENT_HANDLEDATA?FRAMETASK
    CALLER1: ?PR?LHTM_TASK?HAL_MAIN
    CALLER2: ?PR?GREEN_MAIN?HAL_MAIN

*** WARNING L15: MULTIPLE CALL TO SEGMENT
    SEGMENT: ?PR?_FWDAGENT_QUEUETOHOST?FRAMETASK
    CALLER1: ?PR?LHTM_TASK?HAL_MAIN
    CALLER2: ?PR?GREEN_MAIN?HAL_MAIN

*** WARNING L15: MULTIPLE CALL TO SEGMENT
    SEGMENT: ?PR?_DATAPATH_QUEUETOHOST?DATAPATH
    CALLER1: ?PR?LHTM_TASK?HAL_MAIN
    CALLER2: ?PR?GREEN_MAIN?HAL_MAIN

*** WARNING L15: MULTIPLE CALL TO SEGMENT
    SEGMENT: ?PR?_EHT_SETFRAMETYPELEN?DATAPATH
    CALLER1: ?PR?LHTM_TASK?HAL_MAIN
    CALLER2: ?PR?GREEN_MAIN?HAL_MAIN

*** WARNING L15: MULTIPLE CALL TO SEGMENT
    SEGMENT: ?PR?_DATAPATH_QUEUE?DATAPATH
    CALLER1: ?PR?LHTM_TASK?HAL_MAIN
    CALLER2: ?PR?GREEN_MAIN?HAL_MAIN

*** WARNING L15: MULTIPLE CALL TO SEGMENT
    SEGMENT: ?PR?_CHAL_FREEFRAMECP?HAL_COMMON
    CALLER1: ?PR?LHTM_TASK?HAL_MAIN
    CALLER2: ?PR?GREEN_MAIN?HAL_MAIN

*** WARNING L15: MULTIPLE CALL TO SEGMENT
    SEGMENT: ?PR?_HHAL_RXINTHANDLER?HAL_HPGPRX
    CALLER1: ?PR?LHTM_TASK?HAL_MAIN
    CALLER2: ?PR?GREEN_MAIN?HAL_MAIN
BL51 BANKED LINKER/LOCATER V6.22                                                      01/10/2015  21:25:33  PAGE 262



*** WARNING L15: MULTIPLE CALL TO SEGMENT
    SEGMENT: ?PR?_HHT_PROCESSPLCMACFRAME?HHAL_TST
    CALLER1: ?PR?LHTM_TASK?HAL_MAIN
    CALLER2: ?PR?GREEN_MAIN?HAL_MAIN

*** WARNING L15: MULTIPLE CALL TO SEGMENT
    SEGMENT: ?PR?_UPDATESTATISTICDATA?HHAL_TST
    CALLER1: ?PR?LHTM_TASK?HAL_MAIN
    CALLER2: ?PR?GREEN_MAIN?HAL_MAIN

*** WARNING L15: MULTIPLE CALL TO SEGMENT
    SEGMENT: ?PR?CHAL_GETCPUTXQDESCCOUNT?HAL_COMMON
    CALLER1: ?PR?LHTM_TASK?HAL_MAIN
    CALLER2: ?PR?GREEN_MAIN?HAL_MAIN

*** WARNING L15: MULTIPLE CALL TO SEGMENT
    SEGMENT: ?PR?_CHAL_FREEFRAMECP?HAL_COMMON
    CALLER1: ?PR?GREEN_MAIN?HAL_MAIN
    CALLER2: ?PR?FRAME_TASK?FRAMETASK

*** WARNING L15: MULTIPLE CALL TO SEGMENT
    SEGMENT: ?PR?_CHAL_FREECP?HAL_COMMON
    CALLER1: ?PR?GREEN_MAIN?HAL_MAIN
    CALLER2: ?PR?FRAME_TASK?FRAMETASK

*** WARNING L15: MULTIPLE CALL TO SEGMENT
    SEGMENT: ?PR?_HHAL_PLCTXQWRITE?HAL_HPGPTX
    CALLER1: ?PR?GREEN_MAIN?HAL_MAIN
    CALLER2: ?PR?FRAME_TASK?FRAMETASK

*** WARNING L15: MULTIPLE CALL TO SEGMENT
    SEGMENT: ?PR?_HAL_COMMON_REG_BIT_TEST?HAL_COMMON
    CALLER1: ?PR?GREEN_MAIN?HAL_MAIN
    CALLER2: ?PR?FRAME_TASK?FRAMETASK

*** WARNING L15: MULTIPLE CALL TO SEGMENT
    SEGMENT: ?PR?_HAL_COMMON_REG_32_READ?HAL_COMMON
    CALLER1: ?PR?GREEN_MAIN?HAL_MAIN
    CALLER2: ?PR?FRAME_TASK?FRAMETASK

*** WARNING L15: MULTIPLE CALL TO SEGMENT
    SEGMENT: ?PR?_HAL_COMMON_REG_BIT_CLEAR?HAL_COMMON
    CALLER1: ?PR?GREEN_MAIN?HAL_MAIN
    CALLER2: ?PR?FRAME_TASK?FRAMETASK

*** WARNING L15: MULTIPLE CALL TO SEGMENT
    SEGMENT: ?PR?_HAL_COMMON_REG_32_WRITE?HAL_COMMON
    CALLER1: ?PR?GREEN_MAIN?HAL_MAIN
    CALLER2: ?PR?FRAME_TASK?FRAMETASK

*** WARNING L15: MULTIPLE CALL TO SEGMENT
    SEGMENT: ?PR?_HAL_COMMON_REG_BIT_SET?HAL_COMMON
    CALLER1: ?PR?GREEN_MAIN?HAL_MAIN
    CALLER2: ?PR?FRAME_TASK?FRAMETASK

*** WARNING L15: MULTIPLE CALL TO SEGMENT
BL51 BANKED LINKER/LOCATER V6.22                                                      01/10/2015  21:25:33  PAGE 263


    SEGMENT: ?PR?_FM_PRINTF?FM
    CALLER1: ?PR?GREEN_MAIN?HAL_MAIN
    CALLER2: ?PR?FRAME_TASK?FRAMETASK

*** WARNING L15: MULTIPLE CALL TO SEGMENT
    SEGMENT: ?PR?_VPRINTF?VPRINTF
    CALLER1: ?PR?GREEN_MAIN?HAL_MAIN
    CALLER2: ?PR?FRAME_TASK?FRAMETASK

*** WARNING L15: MULTIPLE CALL TO SEGMENT
    SEGMENT: ?PR?PRINTF?PRINTF
    CALLER1: ?PR?GREEN_MAIN?HAL_MAIN
    CALLER2: ?PR?FRAME_TASK?FRAMETASK

*** WARNING L15: MULTIPLE CALL TO SEGMENT
    SEGMENT: ?PR?_EHAL_ETHTXQWRITE?HAL_ETH
    CALLER1: ?PR?GREEN_MAIN?HAL_MAIN
    CALLER2: ?PR?FRAME_TASK?FRAMETASK

*** WARNING L15: MULTIPLE CALL TO SEGMENT
    SEGMENT: ?PR?EHAL_GETETHTXQFREEDESCCNT?HAL_ETH
    CALLER1: ?PR?GREEN_MAIN?HAL_MAIN
    CALLER2: ?PR?FRAME_TASK?FRAMETASK

Program Size: data=54.7 xdata=9885 code=81758
LINK/LOCATE RUN COMPLETE.  156 WARNING(S),  0 ERROR(S)
